Archive member included to satisfy reference by file (symbol)

C:/WORK/ST/STM32CubeIDE_1.18.0/STM32CubeIDE/plugins/com.st.stm32cube.ide.mcu.externaltools.gnu-tools-for-stm32.13.3.rel1.win32_1.0.0.202411081344/tools/bin/../lib/gcc/arm-none-eabi/13.3.1/../../../../arm-none-eabi/lib/thumb/v7e-m+fp/hard\libc_nano.a(libc_a-exit.o)
                              C:/WORK/ST/STM32CubeIDE_1.18.0/STM32CubeIDE/plugins/com.st.stm32cube.ide.mcu.externaltools.gnu-tools-for-stm32.13.3.rel1.win32_1.0.0.202411081344/tools/bin/../lib/gcc/arm-none-eabi/13.3.1/../../../../arm-none-eabi/lib/thumb/v7e-m+fp/hard/crt0.o (exit)
C:/WORK/ST/STM32CubeIDE_1.18.0/STM32CubeIDE/plugins/com.st.stm32cube.ide.mcu.externaltools.gnu-tools-for-stm32.13.3.rel1.win32_1.0.0.202411081344/tools/bin/../lib/gcc/arm-none-eabi/13.3.1/../../../../arm-none-eabi/lib/thumb/v7e-m+fp/hard\libc_nano.a(libc_a-findfp.o)
                              C:/WORK/ST/STM32CubeIDE_1.18.0/STM32CubeIDE/plugins/com.st.stm32cube.ide.mcu.externaltools.gnu-tools-for-stm32.13.3.rel1.win32_1.0.0.202411081344/tools/bin/../lib/gcc/arm-none-eabi/13.3.1/../../../../arm-none-eabi/lib/thumb/v7e-m+fp/hard\libc_nano.a(libc_a-exit.o) (__stdio_exit_handler)
C:/WORK/ST/STM32CubeIDE_1.18.0/STM32CubeIDE/plugins/com.st.stm32cube.ide.mcu.externaltools.gnu-tools-for-stm32.13.3.rel1.win32_1.0.0.202411081344/tools/bin/../lib/gcc/arm-none-eabi/13.3.1/../../../../arm-none-eabi/lib/thumb/v7e-m+fp/hard\libc_nano.a(libc_a-fwalk.o)
                              C:/WORK/ST/STM32CubeIDE_1.18.0/STM32CubeIDE/plugins/com.st.stm32cube.ide.mcu.externaltools.gnu-tools-for-stm32.13.3.rel1.win32_1.0.0.202411081344/tools/bin/../lib/gcc/arm-none-eabi/13.3.1/../../../../arm-none-eabi/lib/thumb/v7e-m+fp/hard\libc_nano.a(libc_a-findfp.o) (_fwalk_sglue)
C:/WORK/ST/STM32CubeIDE_1.18.0/STM32CubeIDE/plugins/com.st.stm32cube.ide.mcu.externaltools.gnu-tools-for-stm32.13.3.rel1.win32_1.0.0.202411081344/tools/bin/../lib/gcc/arm-none-eabi/13.3.1/../../../../arm-none-eabi/lib/thumb/v7e-m+fp/hard\libc_nano.a(libc_a-stdio.o)
                              C:/WORK/ST/STM32CubeIDE_1.18.0/STM32CubeIDE/plugins/com.st.stm32cube.ide.mcu.externaltools.gnu-tools-for-stm32.13.3.rel1.win32_1.0.0.202411081344/tools/bin/../lib/gcc/arm-none-eabi/13.3.1/../../../../arm-none-eabi/lib/thumb/v7e-m+fp/hard\libc_nano.a(libc_a-findfp.o) (__sread)
C:/WORK/ST/STM32CubeIDE_1.18.0/STM32CubeIDE/plugins/com.st.stm32cube.ide.mcu.externaltools.gnu-tools-for-stm32.13.3.rel1.win32_1.0.0.202411081344/tools/bin/../lib/gcc/arm-none-eabi/13.3.1/../../../../arm-none-eabi/lib/thumb/v7e-m+fp/hard\libc_nano.a(libc_a-memset.o)
                              C:/WORK/ST/STM32CubeIDE_1.18.0/STM32CubeIDE/plugins/com.st.stm32cube.ide.mcu.externaltools.gnu-tools-for-stm32.13.3.rel1.win32_1.0.0.202411081344/tools/bin/../lib/gcc/arm-none-eabi/13.3.1/../../../../arm-none-eabi/lib/thumb/v7e-m+fp/hard/crt0.o (memset)
C:/WORK/ST/STM32CubeIDE_1.18.0/STM32CubeIDE/plugins/com.st.stm32cube.ide.mcu.externaltools.gnu-tools-for-stm32.13.3.rel1.win32_1.0.0.202411081344/tools/bin/../lib/gcc/arm-none-eabi/13.3.1/../../../../arm-none-eabi/lib/thumb/v7e-m+fp/hard\libc_nano.a(libc_a-closer.o)
                              C:/WORK/ST/STM32CubeIDE_1.18.0/STM32CubeIDE/plugins/com.st.stm32cube.ide.mcu.externaltools.gnu-tools-for-stm32.13.3.rel1.win32_1.0.0.202411081344/tools/bin/../lib/gcc/arm-none-eabi/13.3.1/../../../../arm-none-eabi/lib/thumb/v7e-m+fp/hard\libc_nano.a(libc_a-stdio.o) (_close_r)
C:/WORK/ST/STM32CubeIDE_1.18.0/STM32CubeIDE/plugins/com.st.stm32cube.ide.mcu.externaltools.gnu-tools-for-stm32.13.3.rel1.win32_1.0.0.202411081344/tools/bin/../lib/gcc/arm-none-eabi/13.3.1/../../../../arm-none-eabi/lib/thumb/v7e-m+fp/hard\libc_nano.a(libc_a-reent.o)
                              C:/WORK/ST/STM32CubeIDE_1.18.0/STM32CubeIDE/plugins/com.st.stm32cube.ide.mcu.externaltools.gnu-tools-for-stm32.13.3.rel1.win32_1.0.0.202411081344/tools/bin/../lib/gcc/arm-none-eabi/13.3.1/../../../../arm-none-eabi/lib/thumb/v7e-m+fp/hard\libc_nano.a(libc_a-closer.o) (errno)
C:/WORK/ST/STM32CubeIDE_1.18.0/STM32CubeIDE/plugins/com.st.stm32cube.ide.mcu.externaltools.gnu-tools-for-stm32.13.3.rel1.win32_1.0.0.202411081344/tools/bin/../lib/gcc/arm-none-eabi/13.3.1/../../../../arm-none-eabi/lib/thumb/v7e-m+fp/hard\libc_nano.a(libc_a-impure.o)
                              C:/WORK/ST/STM32CubeIDE_1.18.0/STM32CubeIDE/plugins/com.st.stm32cube.ide.mcu.externaltools.gnu-tools-for-stm32.13.3.rel1.win32_1.0.0.202411081344/tools/bin/../lib/gcc/arm-none-eabi/13.3.1/../../../../arm-none-eabi/lib/thumb/v7e-m+fp/hard\libc_nano.a(libc_a-reent.o) (_impure_ptr)
C:/WORK/ST/STM32CubeIDE_1.18.0/STM32CubeIDE/plugins/com.st.stm32cube.ide.mcu.externaltools.gnu-tools-for-stm32.13.3.rel1.win32_1.0.0.202411081344/tools/bin/../lib/gcc/arm-none-eabi/13.3.1/../../../../arm-none-eabi/lib/thumb/v7e-m+fp/hard\libc_nano.a(libc_a-lseekr.o)
[...]
Memory Configuration

Name             Origin             Length             Attributes
CCMRAM           0x10000000         0x00010000         xrw
RAM              0x20000000         0x00020000         xrw
FLASH            0x08000000         0x00100000         xr
*default*        0x00000000         0xffffffff

Linker script and memory map

LOAD C:/WORK/ST/STM32CubeIDE_1.18.0/STM32CubeIDE/plugins/com.st.stm32cube.ide.mcu.externaltools.gnu-tools-for-stm32.13.3.rel1.win32_1.0.0.202411081344/tools/bin/../lib/gcc/arm-none-eabi/13.3.1/thumb/v7e-m+fp/hard/crti.o
LOAD C:/WORK/ST/STM32CubeIDE_1.18.0/STM32CubeIDE/plugins/com.st.stm32cube.ide.mcu.externaltools.gnu-tools-for-stm32.13.3.rel1.win32_1.0.0.202411081344/tools/bin/../lib/gcc/arm-none-eabi/13.3.1/thumb/v7e-m+fp/hard/crtbegin.o
LOAD C:/WORK/ST/STM32CubeIDE_1.18.0/STM32CubeIDE/plugins/com.st.stm32cube.ide.mcu.externaltools.gnu-tools-for-stm32.13.3.rel1.win32_1.0.0.202411081344/tools/bin/../lib/gcc/arm-none-eabi/13.3.1/../../../../arm-none-eabi/lib/thumb/v7e-m+fp/hard/crt0.o
LOAD ./Core/Src/main.o
LOAD ./Core/Src/stm32f4xx_hal_msp.o
LOAD ./Core/Src/stm32f4xx_it.o
LOAD ./Core/Src/syscalls.o
LOAD ./Core/Src/sysmem.o
LOAD ./Core/Src/system_stm32f4xx.o
LOAD ./Core/Startup/startup_stm32f407vgtx.o
LOAD ./Drivers/STM32F4xx_HAL_Driver/Src/stm32f4xx_hal.o
LOAD ./Drivers/STM32F4xx_HAL_Driver/Src/stm32f4xx_hal_cortex.o
LOAD ./Drivers/STM32F4xx_HAL_Driver/Src/stm32f4xx_hal_dma.o
LOAD ./Drivers/STM32F4xx_HAL_Driver/Src/stm32f4xx_hal_dma_ex.o
LOAD ./Drivers/STM32F4xx_HAL_Driver/Src/stm32f4xx_hal_exti.o
LOAD ./Drivers/STM32F4xx_HAL_Driver/Src/stm32f4xx_hal_flash.o
LOAD ./Drivers/STM32F4xx_HAL_Driver/Src/stm32f4xx_hal_flash_ex.o
LOAD ./Drivers/STM32F4xx_HAL_Driver/Src/stm32f4xx_hal_flash_ramfunc.o
LOAD ./Drivers/STM32F4xx_HAL_Driver/Src/stm32f4xx_hal_gpio.o
LOAD ./Drivers/STM32F4xx_HAL_Driver/Src/stm32f4xx_hal_i2c.o
LOAD ./Drivers/STM32F4xx_HAL_Driver/Src/stm32f4xx_hal_i2c_ex.o
LOAD ./Drivers/STM32F4xx_HAL_Driver/Src/stm32f4xx_hal_i2s.o
LOAD ./Drivers/STM32F4xx_HAL_Driver/Src/stm32f4xx_hal_i2s_ex.o
LOAD ./Drivers/STM32F4xx_HAL_Driver/Src/stm32f4xx_hal_pcd.o
LOAD ./Drivers/STM32F4xx_HAL_Driver/Src/stm32f4xx_hal_pcd_ex.o
LOAD ./Drivers/STM32F4xx_HAL_Driver/Src/stm32f4xx_hal_pwr.o
LOAD ./Drivers/STM32F4xx_HAL_Driver/Src/stm32f4xx_hal_pwr_ex.o
LOAD ./Drivers/STM32F4xx_HAL_Driver/Src/stm32f4xx_hal_rcc.o
LOAD ./Drivers/STM32F4xx_HAL_Driver/Src/stm32f4xx_hal_rcc_ex.o
LOAD ./Drivers/STM32F4xx_HAL_Driver/Src/stm32f4xx_hal_spi.o
LOAD ./Drivers/STM32F4xx_HAL_Driver/Src/stm32f4xx_hal_tim.o
LOAD ./Drivers/STM32F4xx_HAL_Driver/Src/stm32f4xx_hal_tim_ex.o
LOAD ./Drivers/STM32F4xx_HAL_Driver/Src/stm32f4xx_hal_uart.o
LOAD ./Drivers/STM32F4xx_HAL_Driver/Src/stm32f4xx_ll_usb.o
LOAD ./Middlewares/ST/STM32_USB_Device_Library/Class/CDC/Src/usbd_cdc.o
LOAD ./Middlewares/ST/STM32_USB_Device_Library/Core/Src/usbd_core.o
LOAD ./Middlewares/ST/STM32_USB_Device_Library/Core/Src/usbd_ctlreq.o
LOAD ./Middlewares/ST/STM32_USB_Device_Library/Core/Src/usbd_ioreq.o
LOAD ./USB_DEVICE/App/usb_device.o
LOAD ./USB_DEVICE/App/usbd_cdc_if.o
LOAD ./USB_DEVICE/App/usbd_desc.o
LOAD ./USB_DEVICE/Target/usbd_conf.o
START GROUP
LOAD C:/WORK/ST/STM32CubeIDE_1.18.0/STM32CubeIDE/plugins/com.st.stm32cube.ide.mcu.externaltools.gnu-tools-for-stm32.13.3.rel1.win32_1.0.0.202411081344/tools/bin/../lib/gcc/arm-none-eabi/13.3.1/../../../../arm-none-eabi/lib/thumb/v7e-m+fp/hard\libc_nano.a
LOAD C:/WORK/ST/STM32CubeIDE_1.18.0/STM32CubeIDE/plugins/com.st.stm32cube.ide.mcu.externaltools.gnu-tools-for-stm32.13.3.rel1.win32_1.0.0.202411081344/tools/bin/../lib/gcc/arm-none-eabi/13.3.1/../../../../arm-none-eabi/lib/thumb/v7e-m+fp/hard\libm.a
END GROUP
START GROUP
LOAD C:/WORK/ST/STM32CubeIDE_1.18.0/STM32CubeIDE/plugins/com.st.stm32cube.ide.mcu.externaltools.gnu-tools-for-stm32.13.3.rel1.win32_1.0.0.202411081344/tools/bin/../lib/gcc/arm-none-eabi/13.3.1/thumb/v7e-m+fp/hard\libgcc.a
LOAD C:/WORK/ST/STM32CubeIDE_1.18.0/STM32CubeIDE/plugins/com.st.stm32cube.ide.mcu.externaltools.gnu-tools-for-stm32.13.3.rel1.win32_1.0.0.202411081344/tools/bin/../lib/gcc/arm-none-eabi/13.3.1/../../../../arm-none-eabi/lib/thumb/v7e-m+fp/hard\libc_nano.a
END GROUP
START GROUP
LOAD C:/WORK/ST/STM32CubeIDE_1.18.0/STM32CubeIDE/plugins/com.st.stm32cube.ide.mcu.externaltools.gnu-tools-for-stm32.13.3.rel1.win32_1.0.0.202411081344/tools/bin/../lib/gcc/arm-none-eabi/13.3.1/thumb/v7e-m+fp/hard\libgcc.a
LOAD C:/WORK/ST/STM32CubeIDE_1.18.0/STM32CubeIDE/plugins/com.st.stm32cube.ide.mcu.externaltools.gnu-tools-for-stm32.13.3.rel1.win32_1.0.0.202411081344/tools/bin/../lib/gcc/arm-none-eabi/13.3.1/../../../../arm-none-eabi/lib/thumb/v7e-m+fp/hard\libc_nano.a
LOAD C:/WORK/ST/STM32CubeIDE_1.18.0/STM32CubeIDE/plugins/com.st.stm32cube.ide.mcu.externaltools.gnu-tools-for-stm32.13.3.rel1.win32_1.0.0.202411081344/tools/bin/../lib/gcc/arm-none-eabi/13.3.1/../../../../arm-none-eabi/lib/thumb/v7e-m+fp/hard\libnosys.a
END GROUP
START GROUP
LOAD C:/WORK/ST/STM32CubeIDE_1.18.0/STM32CubeIDE/plugins/com.st.stm32cube.ide.mcu.externaltools.gnu-tools-for-stm32.13.3.rel1.win32_1.0.0.202411081344/tools/bin/../lib/gcc/arm-none-eabi/13.3.1/thumb/v7e-m+fp/hard\libgcc.a
LOAD C:/WORK/ST/STM32CubeIDE_1.18.0/STM32CubeIDE/plugins/com.st.stm32cube.ide.mcu.externaltools.gnu-tools-for-stm32.13.3.rel1.win32_1.0.0.202411081344/tools/bin/../lib/gcc/arm-none-eabi/13.3.1/../../../../arm-none-eabi/lib/thumb/v7e-m+fp/hard\libc_nano.a
LOAD C:/WORK/ST/STM32CubeIDE_1.18.0/STM32CubeIDE/plugins/com.st.stm32cube.ide.mcu.externaltools.gnu-tools-for-stm32.13.3.rel1.win32_1.0.0.202411081344/tools/bin/../lib/gcc/arm-none-eabi/13.3.1/../../../../arm-none-eabi/lib/thumb/v7e-m+fp/hard\libnosys.a
END GROUP
LOAD C:/WORK/ST/STM32CubeIDE_1.18.0/STM32CubeIDE/plugins/com.st.stm32cube.ide.mcu.externaltools.gnu-tools-for-stm32.13.3.rel1.win32_1.0.0.202411081344/tools/bin/../lib/gcc/arm-none-eabi/13.3.1/thumb/v7e-m+fp/hard/crtend.o
LOAD C:/WORK/ST/STM32CubeIDE_1.18.0/STM32CubeIDE/plugins/com.st.stm32cube.ide.mcu.externaltools.gnu-tools-for-stm32.13.3.rel1.win32_1.0.0.202411081344/tools/bin/../lib/gcc/arm-none-eabi/13.3.1/thumb/v7e-m+fp/hard/crtn.o
                0x20020000                        _estack = (ORIGIN (RAM) + LENGTH (RAM))
                0x00000600                        _Min_Heap_Size = 0x600
                0x00000400                        _Min_Stack_Size = 0x400

.isr_vector     0x08000000      0x188
                0x08000000                        . = ALIGN (0x4)
 *(.isr_vector)
 .isr_vector    0x08000000      0x188 ./Core/Startup/startup_stm32f407vgtx.o
                0x08000000                g_pfnVectors
                0x08000188                        . = ALIGN (0x4)

.text           0x08000188     0xb454
                0x08000188                        . = ALIGN (0x4)
 *(.text)
 .text          0x08000188       0x40 C:/WORK/ST/STM32CubeIDE_1.18.0/STM32CubeIDE/plugins/com.st.stm32cube.ide.mcu.externaltools.gnu-tools-for-stm32.13.3.rel1.win32_1.0.0.202411081344/tools/bin/../lib/gcc/arm-none-eabi/13.3.1/thumb/v7e-m+fp/hard/crtbegin.o
 .text          0x080001c8       0x10 C:/WORK/ST/STM32CubeIDE_1.18.0/STM32CubeIDE/plugins/com.st.stm32cube.ide.mcu.externaltools.gnu-tools-for-stm32.13.3.rel1.win32_1.0.0.202411081344/tools/bin/../lib/gcc/arm-none-eabi/13.3.1/../../../../arm-none-eabi/lib/thumb/v7e-m+fp/hard\libc_nano.a(libc_a-strlen.o)
                0x080001c8                strlen
 .text          0x080001d8      0x378 C:/WORK/ST/STM32CubeIDE_1.18.0/STM32CubeIDE/plugins/com.st.stm32cube.ide.mcu.externaltools.gnu-tools-for-stm32.13.3.rel1.win32_1.0.0.202411081344/tools/bin/../lib/gcc/arm-none-eabi/13.3.1/thumb/v7e-m+fp/hard\libgcc.a(_arm_addsubdf3.o)
                0x080001d8                __aeabi_drsub
                0x080001e0                __aeabi_dsub
                0x080001e0                __subdf3
                0x080001e4                __aeabi_dadd
                0x080001e4                __adddf3
                0x0800045c                __floatunsidf
                0x0800045c                __aeabi_ui2d
                0x0800047c                __floatsidf
                0x0800047c                __aeabi_i2d
                0x080004a0                __aeabi_f2d
                0x080004a0                __extendsfdf2
                0x080004e4                __floatundidf
                0x080004e4                __aeabi_ul2d
                0x080004f4                __floatdidf
                0x080004f4                __aeabi_l2d
 .text          0x08000550      0x424 C:/WORK/ST/STM32CubeIDE_1.18.0/STM32CubeIDE/plugins/com.st.stm32cube.ide.mcu.externaltools.gnu-tools-for-stm32.13.3.rel1.win32_1.0.0.202411081344/tools/bin/../lib/gcc/arm-none-eabi/13.3.1/thumb/v7e-m+fp/hard\libgcc.a(_arm_muldivdf3.o)
                0x08000550                __aeabi_dmul
                0x08000550                __muldf3
                0x080007a4                __divdf3
                0x080007a4                __aeabi_ddiv
 .text          0x08000974       0x40 C:/WORK/ST/STM32CubeIDE_1.18.0/STM32CubeIDE/plugins/com.st.stm32cube.ide.mcu.externaltools.gnu-tools-for-stm32.13.3.rel1.win32_1.0.0.202411081344/tools/bin/../lib/gcc/arm-none-eabi/13.3.1/thumb/v7e-m+fp/hard\libgcc.a(_arm_fixunsdfsi.o)
                0x08000974                __aeabi_d2uiz
                0x08000974                __fixunsdfsi
 .text          0x080009b4       0x30 C:/WORK/ST/STM32CubeIDE_1.18.0/STM32CubeIDE/plugins/com.st.stm32cube.ide.mcu.externaltools.gnu-tools-for-stm32.13.3.rel1.win32_1.0.0.202411081344/tools/bin/../lib/gcc/arm-none-eabi/13.3.1/thumb/v7e-m+fp/hard\libgcc.a(_aeabi_uldivmod.o)
                0x080009b4                __aeabi_uldivmod
 .text          0x080009e4      0x2f8 C:/WORK/ST/STM32CubeIDE_1.18.0/STM32CubeIDE/plugins/com.st.stm32cube.ide.mcu.externaltools.gnu-tools-for-stm32.13.3.rel1.win32_1.0.0.202411081344/tools/bin/../lib/gcc/arm-none-eabi/13.3.1/thumb/v7e-m+fp/hard\libgcc.a(_udivmoddi4.o)
                0x080009e4                __udivmoddi4
 .text          0x08000cdc        0x4 C:/WORK/ST/STM32CubeIDE_1.18.0/STM32CubeIDE/plugins/com.st.stm32cube.ide.mcu.externaltools.gnu-tools-for-stm32.13.3.rel1.win32_1.0.0.202411081344/tools/bin/../lib/gcc/arm-none-eabi/13.3.1/thumb/v7e-m+fp/hard\libgcc.a(_dvmd_tls.o)
                0x08000cdc                __aeabi_idiv0
                0x08000cdc                __aeabi_ldiv0
 *(.text*)
 .text.giveDistSensorFront
                0x08000ce0       0xf0 ./Core/Src/main.o
                0x08000ce0                giveDistSensorFront
 .text.giveDistSensorLeft
                0x08000dd0       0xf8 ./Core/Src/main.o
                0x08000dd0                giveDistSensorLeft
 .text.giveDistSensorRight
                0x08000ec8       0xf8 ./Core/Src/main.o
                0x08000ec8                giveDistSensorRight
 .text.printMatrix
                0x08000fc0       0xa8 ./Core/Src/main.o
                0x08000fc0                printMatrix
 .text.moveForward
                0x08001068       0x6c ./Core/Src/main.o
                0x08001068                moveForward
 .text.turnLeft
                0x080010d4       0x6c ./Core/Src/main.o
                0x080010d4                turnLeft
 .text.turnRight
                0x08001140       0x6c ./Core/Src/main.o
                0x08001140                turnRight
 .text.moveStop
                0x080011ac       0x44 ./Core/Src/main.o
                0x080011ac                moveStop
 .text.moveBack
                0x080011f0       0x6c ./Core/Src/main.o
                0x080011f0                moveBack
 .text.labirynthTest
                0x0800125c      0x338 ./Core/Src/main.o
                0x0800125c                labirynthTest
 .text.main     0x08001594       0x94 ./Core/Src/main.o
                0x08001594                main
 .text.SystemClock_Config
                0x08001628       0xd4 ./Core/Src/main.o
                0x08001628                SystemClock_Config
 .text.MX_I2C1_Init
                0x080016fc       0x5c ./Core/Src/main.o
 .text.MX_I2S3_Init
                0x08001758       0x60 ./Core/Src/main.o
 .text.MX_SPI1_Init
                0x080017b8       0x6c ./Core/Src/main.o
 .text.MX_TIM1_Init
                0x08001824       0xa0 ./Core/Src/main.o
 .text.MX_TIM3_Init
                0x080018c4      0x104 ./Core/Src/main.o
 .text.MX_USART2_UART_Init
                0x080019c8       0x54 ./Core/Src/main.o
 .text.MX_GPIO_Init
                0x08001a1c      0x250 ./Core/Src/main.o
 .text.HAL_UART_RxCpltCallback
                0x08001c6c       0x64 ./Core/Src/main.o
                0x08001c6c                HAL_UART_RxCpltCallback
 .text.Error_Handler
                0x08001cd0        0xc ./Core/Src/main.o
                0x08001cd0                Error_Handler
 .text.HAL_MspInit
                0x08001cdc       0x50 ./Core/Src/stm32f4xx_hal_msp.o
                0x08001cdc                HAL_MspInit
 .text.HAL_I2C_MspInit
                0x08001d2c       0x90 ./Core/Src/stm32f4xx_hal_msp.o
                0x08001d2c                HAL_I2C_MspInit
 .text.HAL_I2S_MspInit
                0x08001dbc      0x100 ./Core/Src/stm32f4xx_hal_msp.o
                0x08001dbc                HAL_I2S_MspInit
 .text.HAL_SPI_MspInit
                0x08001ebc       0x90 ./Core/Src/stm32f4xx_hal_msp.o
                0x08001ebc                HAL_SPI_MspInit
 .text.HAL_TIM_Base_MspInit
                0x08001f4c       0x70 ./Core/Src/stm32f4xx_hal_msp.o
                0x08001f4c                HAL_TIM_Base_MspInit
 .text.HAL_TIM_MspPostInit
                0x08001fbc       0x74 ./Core/Src/stm32f4xx_hal_msp.o
                0x08001fbc                HAL_TIM_MspPostInit
 .text.HAL_UART_MspInit
                0x08002030       0xa0 ./Core/Src/stm32f4xx_hal_msp.o
                0x08002030                HAL_UART_MspInit
 .text.NMI_Handler
                0x080020d0        0x8 ./Core/Src/stm32f4xx_it.o
                0x080020d0                NMI_Handler
 .text.HardFault_Handler
                0x080020d8        0x8 ./Core/Src/stm32f4xx_it.o
                0x080020d8                HardFault_Handler
 .text.MemManage_Handler
                0x080020e0        0x8 ./Core/Src/stm32f4xx_it.o
                0x080020e0                MemManage_Handler
 .text.BusFault_Handler
                0x080020e8        0x8 ./Core/Src/stm32f4xx_it.o
                0x080020e8                BusFault_Handler
 .text.UsageFault_Handler
                0x080020f0        0x8 ./Core/Src/stm32f4xx_it.o
                0x080020f0                UsageFault_Handler
 .text.SVC_Handler
                0x080020f8        0xe ./Core/Src/stm32f4xx_it.o
                0x080020f8                SVC_Handler
 .text.DebugMon_Handler
                0x08002106        0xe ./Core/Src/stm32f4xx_it.o
                0x08002106                DebugMon_Handler
 .text.PendSV_Handler
                0x08002114        0xe ./Core/Src/stm32f4xx_it.o
                0x08002114                PendSV_Handler
 .text.SysTick_Handler
                0x08002122        0xc ./Core/Src/stm32f4xx_it.o
                0x08002122                SysTick_Handler
 *fill*         0x0800212e        0x2 
 .text.USART2_IRQHandler
                0x08002130       0x14 ./Core/Src/stm32f4xx_it.o
                0x08002130                USART2_IRQHandler
 .text.OTG_FS_IRQHandler
                0x08002144       0x14 ./Core/Src/stm32f4xx_it.o
                0x08002144                OTG_FS_IRQHandler
 .text.SystemInit
                0x08002158       0x24 ./Core/Src/system_stm32f4xx.o
                0x08002158                SystemInit
 .text.Reset_Handler
                0x0800217c       0x50 ./Core/Startup/startup_stm32f407vgtx.o
                0x0800217c                Reset_Handler
 .text.Default_Handler
                0x080021cc        0x2 ./Core/Startup/startup_stm32f407vgtx.o
                0x080021cc                RTC_Alarm_IRQHandler
                0x080021cc                HASH_RNG_IRQHandler
                0x080021cc                EXTI2_IRQHandler
                0x080021cc                TIM8_CC_IRQHandler
                0x080021cc                TIM1_CC_IRQHandler
                0x080021cc                DMA2_Stream5_IRQHandler
                0x080021cc                DMA1_Stream5_IRQHandler
                0x080021cc                PVD_IRQHandler
                0x080021cc                SDIO_IRQHandler
                0x080021cc                TAMP_STAMP_IRQHandler
                0x080021cc                CAN2_RX1_IRQHandler
                0x080021cc                EXTI3_IRQHandler
                0x080021cc                TIM8_TRG_COM_TIM14_IRQHandler
                0x080021cc                TIM1_UP_TIM10_IRQHandler
                0x080021cc                TIM8_UP_TIM13_IRQHandler
                0x080021cc                I2C3_ER_IRQHandler
                0x080021cc                EXTI0_IRQHandler
                0x080021cc                I2C2_EV_IRQHandler
                0x080021cc                DMA1_Stream2_IRQHandler
                0x080021cc                CAN1_RX0_IRQHandler
                0x080021cc                FPU_IRQHandler
                0x080021cc                OTG_HS_WKUP_IRQHandler
                0x080021cc                CAN2_SCE_IRQHandler
                0x080021cc                DMA2_Stream2_IRQHandler
                0x080021cc                SPI1_IRQHandler
                0x080021cc                TIM6_DAC_IRQHandler
                0x080021cc                TIM1_BRK_TIM9_IRQHandler
                0x080021cc                DCMI_IRQHandler
                0x080021cc                CAN2_RX0_IRQHandler
                0x080021cc                DMA2_Stream3_IRQHandler
                0x080021cc                USART6_IRQHandler
                0x080021cc                USART3_IRQHandler
                0x080021cc                CAN1_RX1_IRQHandler
                0x080021cc                UART5_IRQHandler
                0x080021cc                DMA2_Stream0_IRQHandler
                0x080021cc                TIM4_IRQHandler
                0x080021cc                I2C1_EV_IRQHandler
                0x080021cc                DMA1_Stream6_IRQHandler
                0x080021cc                DMA1_Stream1_IRQHandler
                0x080021cc                UART4_IRQHandler
                0x080021cc                TIM3_IRQHandler
                0x080021cc                RCC_IRQHandler
                0x080021cc                TIM8_BRK_TIM12_IRQHandler
                0x080021cc                Default_Handler
                0x080021cc                EXTI15_10_IRQHandler
                0x080021cc                ADC_IRQHandler
                0x080021cc                DMA1_Stream7_IRQHandler
                0x080021cc                TIM7_IRQHandler
                0x080021cc                CAN2_TX_IRQHandler
                0x080021cc                TIM5_IRQHandler
                0x080021cc                DMA2_Stream7_IRQHandler
                0x080021cc                I2C3_EV_IRQHandler
                0x080021cc                EXTI9_5_IRQHandler
                0x080021cc                RTC_WKUP_IRQHandler
                0x080021cc                ETH_WKUP_IRQHandler
                0x080021cc                SPI2_IRQHandler
                0x080021cc                OTG_HS_EP1_IN_IRQHandler
                0x080021cc                DMA1_Stream0_IRQHandler
                0x080021cc                CAN1_TX_IRQHandler
                0x080021cc                EXTI4_IRQHandler
                0x080021cc                FSMC_IRQHandler
                0x080021cc                ETH_IRQHandler
                0x080021cc                OTG_HS_EP1_OUT_IRQHandler
                0x080021cc                WWDG_IRQHandler
                0x080021cc                TIM2_IRQHandler
                0x080021cc                OTG_FS_WKUP_IRQHandler
                0x080021cc                TIM1_TRG_COM_TIM11_IRQHandler
                0x080021cc                OTG_HS_IRQHandler
                0x080021cc                EXTI1_IRQHandler
                0x080021cc                I2C2_ER_IRQHandler
                0x080021cc                DMA2_Stream1_IRQHandler
                0x080021cc                CAN1_SCE_IRQHandler
                0x080021cc                FLASH_IRQHandler
                0x080021cc                DMA2_Stream4_IRQHandler
                0x080021cc                USART1_IRQHandler
                0x080021cc                SPI3_IRQHandler
                0x080021cc                DMA1_Stream4_IRQHandler
                0x080021cc                I2C1_ER_IRQHandler
                0x080021cc                DMA2_Stream6_IRQHandler
                0x080021cc                DMA1_Stream3_IRQHandler
 *fill*         0x080021ce        0x2 
 .text.HAL_Init
                0x080021d0       0x44 ./Drivers/STM32F4xx_HAL_Driver/Src/stm32f4xx_hal.o
                0x080021d0                HAL_Init
 .text.HAL_InitTick
                0x08002214       0x60 ./Drivers/STM32F4xx_HAL_Driver/Src/stm32f4xx_hal.o
                0x08002214                HAL_InitTick
 .text.HAL_IncTick
                0x08002274       0x28 ./Drivers/STM32F4xx_HAL_Driver/Src/stm32f4xx_hal.o
                0x08002274                HAL_IncTick
 .text.HAL_GetTick
                0x0800229c       0x18 ./Drivers/STM32F4xx_HAL_Driver/Src/stm32f4xx_hal.o
                0x0800229c                HAL_GetTick
 .text.HAL_Delay
                0x080022b4       0x48 ./Drivers/STM32F4xx_HAL_Driver/Src/stm32f4xx_hal.o
                0x080022b4                HAL_Delay
 .text.__NVIC_SetPriorityGrouping
                0x080022fc       0x48 ./Drivers/STM32F4xx_HAL_Driver/Src/stm32f4xx_hal_cortex.o
 .text.__NVIC_GetPriorityGrouping
                0x08002344       0x1c ./Drivers/STM32F4xx_HAL_Driver/Src/stm32f4xx_hal_cortex.o
 .text.__NVIC_EnableIRQ
                0x08002360       0x3c ./Drivers/STM32F4xx_HAL_Driver/Src/stm32f4xx_hal_cortex.o
 .text.__NVIC_SetPriority
                0x0800239c       0x54 ./Drivers/STM32F4xx_HAL_Driver/Src/stm32f4xx_hal_cortex.o
 .text.NVIC_EncodePriority
                0x080023f0       0x66 ./Drivers/STM32F4xx_HAL_Driver/Src/stm32f4xx_hal_cortex.o
 *fill*         0x08002456        0x2 
 .text.SysTick_Config
                0x08002458       0x44 ./Drivers/STM32F4xx_HAL_Driver/Src/stm32f4xx_hal_cortex.o
 .text.HAL_NVIC_SetPriorityGrouping
                0x0800249c       0x16 ./Drivers/STM32F4xx_HAL_Driver/Src/stm32f4xx_hal_cortex.o
                0x0800249c                HAL_NVIC_SetPriorityGrouping
 .text.HAL_NVIC_SetPriority
                0x080024b2       0x38 ./Drivers/STM32F4xx_HAL_Driver/Src/stm32f4xx_hal_cortex.o
                0x080024b2                HAL_NVIC_SetPriority
 .text.HAL_NVIC_EnableIRQ
                0x080024ea       0x1c ./Drivers/STM32F4xx_HAL_Driver/Src/stm32f4xx_hal_cortex.o
                0x080024ea                HAL_NVIC_EnableIRQ
 .text.HAL_SYSTICK_Config
                0x08002506       0x18 ./Drivers/STM32F4xx_HAL_Driver/Src/stm32f4xx_hal_cortex.o
                0x08002506                HAL_SYSTICK_Config
 .text.HAL_DMA_Abort
                0x0800251e       0xe0 ./Drivers/STM32F4xx_HAL_Driver/Src/stm32f4xx_hal_dma.o
                0x0800251e                HAL_DMA_Abort
 .text.HAL_DMA_Abort_IT
                0x080025fe       0x44 ./Drivers/STM32F4xx_HAL_Driver/Src/stm32f4xx_hal_dma.o
                0x080025fe                HAL_DMA_Abort_IT
 *fill*         0x08002642        0x2 
 .text.HAL_GPIO_Init
                0x08002644      0x338 ./Drivers/STM32F4xx_HAL_Driver/Src/stm32f4xx_hal_gpio.o
                0x08002644                HAL_GPIO_Init
 .text.HAL_GPIO_ReadPin
                0x0800297c       0x30 ./Drivers/STM32F4xx_HAL_Driver/Src/stm32f4xx_hal_gpio.o
                0x0800297c                HAL_GPIO_ReadPin
 .text.HAL_GPIO_WritePin
                0x080029ac       0x32 ./Drivers/STM32F4xx_HAL_Driver/Src/stm32f4xx_hal_gpio.o
                0x080029ac                HAL_GPIO_WritePin
 *fill*         0x080029de        0x2 
 .text.HAL_I2C_Init
                0x080029e0      0x288 ./Drivers/STM32F4xx_HAL_Driver/Src/stm32f4xx_hal_i2c.o
                0x080029e0                HAL_I2C_Init
 .text.HAL_I2S_Init
                0x08002c68      0x280 ./Drivers/STM32F4xx_HAL_Driver/Src/stm32f4xx_hal_i2s.o
                0x08002c68                HAL_I2S_Init
 .text.HAL_I2S_TxCpltCallback
                0x08002ee8       0x14 ./Drivers/STM32F4xx_HAL_Driver/Src/stm32f4xx_hal_i2s.o
                0x08002ee8                HAL_I2S_TxCpltCallback
 .text.HAL_I2S_RxCpltCallback
                0x08002efc       0x14 ./Drivers/STM32F4xx_HAL_Driver/Src/stm32f4xx_hal_i2s.o
                0x08002efc                HAL_I2S_RxCpltCallback
 .text.HAL_I2S_ErrorCallback
                0x08002f10       0x14 ./Drivers/STM32F4xx_HAL_Driver/Src/stm32f4xx_hal_i2s.o
                0x08002f10                HAL_I2S_ErrorCallback
 .text.I2S_Transmit_IT
                0x08002f24       0x5c ./Drivers/STM32F4xx_HAL_Driver/Src/stm32f4xx_hal_i2s.o
 .text.I2S_Receive_IT
                0x08002f80       0x5e ./Drivers/STM32F4xx_HAL_Driver/Src/stm32f4xx_hal_i2s.o
 .text.I2S_IRQHandler
                0x08002fde      0x114 ./Drivers/STM32F4xx_HAL_Driver/Src/stm32f4xx_hal_i2s.o
 *fill*         0x080030f2        0x2 
 .text.HAL_I2SEx_FullDuplex_IRQHandler
                0x080030f4      0x2a8 ./Drivers/STM32F4xx_HAL_Driver/Src/stm32f4xx_hal_i2s_ex.o
                0x080030f4                HAL_I2SEx_FullDuplex_IRQHandler
 .text.HAL_I2SEx_TxRxCpltCallback
                0x0800339c       0x14 ./Drivers/STM32F4xx_HAL_Driver/Src/stm32f4xx_hal_i2s_ex.o
                0x0800339c                HAL_I2SEx_TxRxCpltCallback
 .text.I2SEx_TxISR_I2S
                0x080033b0       0x62 ./Drivers/STM32F4xx_HAL_Driver/Src/stm32f4xx_hal_i2s_ex.o
 *fill*         0x08003412        0x2 
 .text.I2SEx_TxISR_I2SExt
                0x08003414       0x98 ./Drivers/STM32F4xx_HAL_Driver/Src/stm32f4xx_hal_i2s_ex.o
 .text.I2SEx_RxISR_I2S
                0x080034ac       0x64 ./Drivers/STM32F4xx_HAL_Driver/Src/stm32f4xx_hal_i2s_ex.o
 .text.I2SEx_RxISR_I2SExt
                0x08003510       0x98 ./Drivers/STM32F4xx_HAL_Driver/Src/stm32f4xx_hal_i2s_ex.o
 .text.HAL_PCD_Init
                0x080035a8      0x21e ./Drivers/STM32F4xx_HAL_Driver/Src/stm32f4xx_hal_pcd.o
                0x080035a8                HAL_PCD_Init
 .text.HAL_PCD_Start
                0x080037c6       0x6a ./Drivers/STM32F4xx_HAL_Driver/Src/stm32f4xx_hal_pcd.o
                0x080037c6                HAL_PCD_Start
 .text.HAL_PCD_IRQHandler
                0x08003830      0x942 ./Drivers/STM32F4xx_HAL_Driver/Src/stm32f4xx_hal_pcd.o
                0x08003830                HAL_PCD_IRQHandler
 .text.HAL_PCD_SetAddress
                0x08004172       0x48 ./Drivers/STM32F4xx_HAL_Driver/Src/stm32f4xx_hal_pcd.o
                0x08004172                HAL_PCD_SetAddress
 .text.HAL_PCD_EP_Open
                0x080041ba       0xd4 ./Drivers/STM32F4xx_HAL_Driver/Src/stm32f4xx_hal_pcd.o
                0x080041ba                HAL_PCD_EP_Open
 .text.HAL_PCD_EP_Close
                0x0800428e       0x94 ./Drivers/STM32F4xx_HAL_Driver/Src/stm32f4xx_hal_pcd.o
                0x0800428e                HAL_PCD_EP_Close
 .text.HAL_PCD_EP_Receive
                0x08004322       0x76 ./Drivers/STM32F4xx_HAL_Driver/Src/stm32f4xx_hal_pcd.o
                0x08004322                HAL_PCD_EP_Receive
 .text.HAL_PCD_EP_GetRxCount
                0x08004398       0x30 ./Drivers/STM32F4xx_HAL_Driver/Src/stm32f4xx_hal_pcd.o
                0x08004398                HAL_PCD_EP_GetRxCount
 .text.HAL_PCD_EP_Transmit
                0x080043c8       0x74 ./Drivers/STM32F4xx_HAL_Driver/Src/stm32f4xx_hal_pcd.o
                0x080043c8                HAL_PCD_EP_Transmit
 .text.HAL_PCD_EP_SetStall
                0x0800443c       0xc6 ./Drivers/STM32F4xx_HAL_Driver/Src/stm32f4xx_hal_pcd.o
                0x0800443c                HAL_PCD_EP_SetStall
 .text.HAL_PCD_EP_ClrStall
                0x08004502       0xac ./Drivers/STM32F4xx_HAL_Driver/Src/stm32f4xx_hal_pcd.o
                0x08004502                HAL_PCD_EP_ClrStall
 .text.HAL_PCD_EP_Abort
                0x080045ae       0x62 ./Drivers/STM32F4xx_HAL_Driver/Src/stm32f4xx_hal_pcd.o
                0x080045ae                HAL_PCD_EP_Abort
 .text.PCD_WriteEmptyTxFifo
                0x08004610      0x118 ./Drivers/STM32F4xx_HAL_Driver/Src/stm32f4xx_hal_pcd.o
 .text.PCD_EP_OutXfrComplete_int
                0x08004728      0x1d0 ./Drivers/STM32F4xx_HAL_Driver/Src/stm32f4xx_hal_pcd.o
 .text.PCD_EP_OutSetupPacket_int
                0x080048f8       0x8c ./Drivers/STM32F4xx_HAL_Driver/Src/stm32f4xx_hal_pcd.o
 .text.HAL_PCDEx_SetTxFiFo
                0x08004984       0x8e ./Drivers/STM32F4xx_HAL_Driver/Src/stm32f4xx_hal_pcd_ex.o
                0x08004984                HAL_PCDEx_SetTxFiFo
 .text.HAL_PCDEx_SetRxFiFo
                0x08004a12       0x22 ./Drivers/STM32F4xx_HAL_Driver/Src/stm32f4xx_hal_pcd_ex.o
                0x08004a12                HAL_PCDEx_SetRxFiFo
 .text.HAL_PCDEx_LPM_Callback
                0x08004a34       0x18 ./Drivers/STM32F4xx_HAL_Driver/Src/stm32f4xx_hal_pcd_ex.o
                0x08004a34                HAL_PCDEx_LPM_Callback
 .text.HAL_RCC_OscConfig
                0x08004a4c      0x4f0 ./Drivers/STM32F4xx_HAL_Driver/Src/stm32f4xx_hal_rcc.o
                0x08004a4c                HAL_RCC_OscConfig
 .text.HAL_RCC_ClockConfig
                0x08004f3c      0x1cc ./Drivers/STM32F4xx_HAL_Driver/Src/stm32f4xx_hal_rcc.o
                0x08004f3c                HAL_RCC_ClockConfig
 .text.HAL_RCC_GetSysClockFreq
                0x08005108      0x20c ./Drivers/STM32F4xx_HAL_Driver/Src/stm32f4xx_hal_rcc.o
                0x08005108                HAL_RCC_GetSysClockFreq
 .text.HAL_RCC_GetHCLKFreq
                0x08005314       0x18 ./Drivers/STM32F4xx_HAL_Driver/Src/stm32f4xx_hal_rcc.o
                0x08005314                HAL_RCC_GetHCLKFreq
 .text.HAL_RCC_GetPCLK1Freq
                0x0800532c       0x28 ./Drivers/STM32F4xx_HAL_Driver/Src/stm32f4xx_hal_rcc.o
                0x0800532c                HAL_RCC_GetPCLK1Freq
 .text.HAL_RCC_GetPCLK2Freq
                0x08005354       0x28 ./Drivers/STM32F4xx_HAL_Driver/Src/stm32f4xx_hal_rcc.o
                0x08005354                HAL_RCC_GetPCLK2Freq
 .text.HAL_RCCEx_PeriphCLKConfig
                0x0800537c      0x1c4 ./Drivers/STM32F4xx_HAL_Driver/Src/stm32f4xx_hal_rcc_ex.o
                0x0800537c                HAL_RCCEx_PeriphCLKConfig
 .text.HAL_RCCEx_GetPeriphCLKFreq
                0x08005540       0xc0 ./Drivers/STM32F4xx_HAL_Driver/Src/stm32f4xx_hal_rcc_ex.o
                0x08005540                HAL_RCCEx_GetPeriphCLKFreq
 .text.HAL_SPI_Init
                0x08005600      0x112 ./Drivers/STM32F4xx_HAL_Driver/Src/stm32f4xx_hal_spi.o
                0x08005600                HAL_SPI_Init
 .text.HAL_TIM_Base_Init
                0x08005712       0x9e ./Drivers/STM32F4xx_HAL_Driver/Src/stm32f4xx_hal_tim.o
                0x08005712                HAL_TIM_Base_Init
 .text.HAL_TIM_Base_Start
                0x080057b0       0xd0 ./Drivers/STM32F4xx_HAL_Driver/Src/stm32f4xx_hal_tim.o
                0x080057b0                HAL_TIM_Base_Start
 .text.HAL_TIM_PWM_Init
                0x08005880       0x9e ./Drivers/STM32F4xx_HAL_Driver/Src/stm32f4xx_hal_tim.o
                0x08005880                HAL_TIM_PWM_Init
 .text.HAL_TIM_PWM_MspInit
                0x0800591e       0x14 ./Drivers/STM32F4xx_HAL_Driver/Src/stm32f4xx_hal_tim.o
                0x0800591e                HAL_TIM_PWM_MspInit
 *fill*         0x08005932        0x2 
 .text.HAL_TIM_PWM_Start
                0x08005934      0x190 ./Drivers/STM32F4xx_HAL_Driver/Src/stm32f4xx_hal_tim.o
                0x08005934                HAL_TIM_PWM_Start
 .text.HAL_TIM_PWM_ConfigChannel
                0x08005ac4      0x184 ./Drivers/STM32F4xx_HAL_Driver/Src/stm32f4xx_hal_tim.o
                0x08005ac4                HAL_TIM_PWM_ConfigChannel
 .text.HAL_TIM_ConfigClockSource
                0x08005c48      0x18e ./Drivers/STM32F4xx_HAL_Driver/Src/stm32f4xx_hal_tim.o
                0x08005c48                HAL_TIM_ConfigClockSource
 *fill*         0x08005dd6        0x2 
 .text.TIM_Base_SetConfig
                0x08005dd8      0x158 ./Drivers/STM32F4xx_HAL_Driver/Src/stm32f4xx_hal_tim.o
                0x08005dd8                TIM_Base_SetConfig
 .text.TIM_OC1_SetConfig
                0x08005f30       0xe0 ./Drivers/STM32F4xx_HAL_Driver/Src/stm32f4xx_hal_tim.o
 .text.TIM_OC2_SetConfig
                0x08006010       0xec ./Drivers/STM32F4xx_HAL_Driver/Src/stm32f4xx_hal_tim.o
                0x08006010                TIM_OC2_SetConfig
 .text.TIM_OC3_SetConfig
                0x080060fc       0xe8 ./Drivers/STM32F4xx_HAL_Driver/Src/stm32f4xx_hal_tim.o
 .text.TIM_OC4_SetConfig
                0x080061e4       0xac ./Drivers/STM32F4xx_HAL_Driver/Src/stm32f4xx_hal_tim.o
 .text.TIM_TI1_ConfigInputStage
                0x08006290       0x5e ./Drivers/STM32F4xx_HAL_Driver/Src/stm32f4xx_hal_tim.o
 .text.TIM_TI2_ConfigInputStage
                0x080062ee       0x60 ./Drivers/STM32F4xx_HAL_Driver/Src/stm32f4xx_hal_tim.o
 .text.TIM_ITRx_SetConfig
                0x0800634e       0x36 ./Drivers/STM32F4xx_HAL_Driver/Src/stm32f4xx_hal_tim.o
 .text.TIM_ETR_SetConfig
                0x08006384       0x40 ./Drivers/STM32F4xx_HAL_Driver/Src/stm32f4xx_hal_tim.o
                0x08006384                TIM_ETR_SetConfig
 .text.TIM_CCxChannelCmd
                0x080063c4       0x4a ./Drivers/STM32F4xx_HAL_Driver/Src/stm32f4xx_hal_tim.o
                0x080063c4                TIM_CCxChannelCmd
 *fill*         0x0800640e        0x2 
 .text.HAL_TIMEx_MasterConfigSynchronization
                0x08006410       0xf8 ./Drivers/STM32F4xx_HAL_Driver/Src/stm32f4xx_hal_tim_ex.o
                0x08006410                HAL_TIMEx_MasterConfigSynchronization
 .text.HAL_UART_Init
                0x08006508       0xa0 ./Drivers/STM32F4xx_HAL_Driver/Src/stm32f4xx_hal_uart.o
                0x08006508                HAL_UART_Init
 .text.HAL_UART_Transmit
                0x080065a8      0x116 ./Drivers/STM32F4xx_HAL_Driver/Src/stm32f4xx_hal_uart.o
                0x080065a8                HAL_UART_Transmit
 .text.HAL_UART_Receive_IT
                0x080066be       0x4a ./Drivers/STM32F4xx_HAL_Driver/Src/stm32f4xx_hal_uart.o
                0x080066be                HAL_UART_Receive_IT
 .text.HAL_UART_IRQHandler
                0x08006708      0x524 ./Drivers/STM32F4xx_HAL_Driver/Src/stm32f4xx_hal_uart.o
                0x08006708                HAL_UART_IRQHandler
 .text.HAL_UART_TxCpltCallback
                0x08006c2c       0x14 ./Drivers/STM32F4xx_HAL_Driver/Src/stm32f4xx_hal_uart.o
                0x08006c2c                HAL_UART_TxCpltCallback
 .text.HAL_UART_ErrorCallback
                0x08006c40       0x14 ./Drivers/STM32F4xx_HAL_Driver/Src/stm32f4xx_hal_uart.o
                0x08006c40                HAL_UART_ErrorCallback
 .text.HAL_UARTEx_RxEventCallback
                0x08006c54       0x18 ./Drivers/STM32F4xx_HAL_Driver/Src/stm32f4xx_hal_uart.o
                0x08006c54                HAL_UARTEx_RxEventCallback
 .text.UART_WaitOnFlagUntilTimeout
                0x08006c6c       0xb2 ./Drivers/STM32F4xx_HAL_Driver/Src/stm32f4xx_hal_uart.o
 .text.UART_Start_Receive_IT
                0x08006d1e       0x74 ./Drivers/STM32F4xx_HAL_Driver/Src/stm32f4xx_hal_uart.o
                0x08006d1e                UART_Start_Receive_IT
 .text.UART_EndRxTransfer
                0x08006d92       0xc6 ./Drivers/STM32F4xx_HAL_Driver/Src/stm32f4xx_hal_uart.o
 .text.UART_DMAAbortOnError
                0x08006e58       0x28 ./Drivers/STM32F4xx_HAL_Driver/Src/stm32f4xx_hal_uart.o
 .text.UART_Transmit_IT
                0x08006e80       0xa0 ./Drivers/STM32F4xx_HAL_Driver/Src/stm32f4xx_hal_uart.o
 .text.UART_EndTransmit_IT
                0x08006f20       0x30 ./Drivers/STM32F4xx_HAL_Driver/Src/stm32f4xx_hal_uart.o
 .text.UART_Receive_IT
                0x08006f50      0x17c ./Drivers/STM32F4xx_HAL_Driver/Src/stm32f4xx_hal_uart.o
 .text.UART_SetConfig
                0x080070cc      0x4e8 ./Drivers/STM32F4xx_HAL_Driver/Src/stm32f4xx_hal_uart.o
 .text.USB_CoreInit
                0x080075b4       0xc8 ./Drivers/STM32F4xx_HAL_Driver/Src/stm32f4xx_ll_usb.o
                0x080075b4                USB_CoreInit
 .text.USB_SetTurnaroundTime
                0x0800767c      0x144 ./Drivers/STM32F4xx_HAL_Driver/Src/stm32f4xx_ll_usb.o
                0x0800767c                USB_SetTurnaroundTime
 .text.USB_EnableGlobalInt
                0x080077c0       0x22 ./Drivers/STM32F4xx_HAL_Driver/Src/stm32f4xx_ll_usb.o
                0x080077c0                USB_EnableGlobalInt
 .text.USB_DisableGlobalInt
                0x080077e2       0x22 ./Drivers/STM32F4xx_HAL_Driver/Src/stm32f4xx_ll_usb.o
                0x080077e2                USB_DisableGlobalInt
 .text.USB_SetCurrentMode
                0x08007804       0x98 ./Drivers/STM32F4xx_HAL_Driver/Src/stm32f4xx_ll_usb.o
                0x08007804                USB_SetCurrentMode
 .text.USB_DevInit
                0x0800789c      0x2c8 ./Drivers/STM32F4xx_HAL_Driver/Src/stm32f4xx_ll_usb.o
                0x0800789c                USB_DevInit
 .text.USB_FlushTxFifo
                0x08007b64       0x64 ./Drivers/STM32F4xx_HAL_Driver/Src/stm32f4xx_ll_usb.o
                0x08007b64                USB_FlushTxFifo
 .text.USB_FlushRxFifo
                0x08007bc8       0x5c ./Drivers/STM32F4xx_HAL_Driver/Src/stm32f4xx_ll_usb.o
                0x08007bc8                USB_FlushRxFifo
 .text.USB_SetDevSpeed
                0x08007c24       0x32 ./Drivers/STM32F4xx_HAL_Driver/Src/stm32f4xx_ll_usb.o
                0x08007c24                USB_SetDevSpeed
 .text.USB_GetDevSpeed
                0x08007c56       0x4a ./Drivers/STM32F4xx_HAL_Driver/Src/stm32f4xx_ll_usb.o
                0x08007c56                USB_GetDevSpeed
 .text.USB_ActivateEndpoint
                0x08007ca0      0x10e ./Drivers/STM32F4xx_HAL_Driver/Src/stm32f4xx_ll_usb.o
                0x08007ca0                USB_ActivateEndpoint
 *fill*         0x08007dae        0x2 
 .text.USB_DeactivateEndpoint
                0x08007db0      0x1b8 ./Drivers/STM32F4xx_HAL_Driver/Src/stm32f4xx_ll_usb.o
                0x08007db0                USB_DeactivateEndpoint
 .text.USB_EPStartXfer
                0x08007f68      0x53c ./Drivers/STM32F4xx_HAL_Driver/Src/stm32f4xx_ll_usb.o
                0x08007f68                USB_EPStartXfer
 .text.USB_EPStopXfer
                0x080084a4      0x154 ./Drivers/STM32F4xx_HAL_Driver/Src/stm32f4xx_ll_usb.o
                0x080084a4                USB_EPStopXfer
 .text.USB_WritePacket
                0x080085f8       0x7c ./Drivers/STM32F4xx_HAL_Driver/Src/stm32f4xx_ll_usb.o
                0x080085f8                USB_WritePacket
 .text.USB_ReadPacket
                0x08008674       0xb0 ./Drivers/STM32F4xx_HAL_Driver/Src/stm32f4xx_ll_usb.o
                0x08008674                USB_ReadPacket
 .text.USB_EPSetStall
                0x08008724       0xdc ./Drivers/STM32F4xx_HAL_Driver/Src/stm32f4xx_ll_usb.o
                0x08008724                USB_EPSetStall
 .text.USB_EPClearStall
                0x08008800       0xcc ./Drivers/STM32F4xx_HAL_Driver/Src/stm32f4xx_ll_usb.o
                0x08008800                USB_EPClearStall
 .text.USB_SetDevAddress
                0x080088cc       0x4c ./Drivers/STM32F4xx_HAL_Driver/Src/stm32f4xx_ll_usb.o
                0x080088cc                USB_SetDevAddress
 .text.USB_DevConnect
                0x08008918       0x42 ./Drivers/STM32F4xx_HAL_Driver/Src/stm32f4xx_ll_usb.o
                0x08008918                USB_DevConnect
 .text.USB_DevDisconnect
                0x0800895a       0x42 ./Drivers/STM32F4xx_HAL_Driver/Src/stm32f4xx_ll_usb.o
                0x0800895a                USB_DevDisconnect
 .text.USB_ReadInterrupts
                0x0800899c       0x26 ./Drivers/STM32F4xx_HAL_Driver/Src/stm32f4xx_ll_usb.o
                0x0800899c                USB_ReadInterrupts
 .text.USB_ReadDevAllOutEpInterrupt
                0x080089c2       0x34 ./Drivers/STM32F4xx_HAL_Driver/Src/stm32f4xx_ll_usb.o
                0x080089c2                USB_ReadDevAllOutEpInterrupt
 .text.USB_ReadDevAllInEpInterrupt
                0x080089f6       0x34 ./Drivers/STM32F4xx_HAL_Driver/Src/stm32f4xx_ll_usb.o
                0x080089f6                USB_ReadDevAllInEpInterrupt
 .text.USB_ReadDevOutEPInterrupt
                0x08008a2a       0x3c ./Drivers/STM32F4xx_HAL_Driver/Src/stm32f4xx_ll_usb.o
                0x08008a2a                USB_ReadDevOutEPInterrupt
 .text.USB_ReadDevInEPInterrupt
                0x08008a66       0x5c ./Drivers/STM32F4xx_HAL_Driver/Src/stm32f4xx_ll_usb.o
                0x08008a66                USB_ReadDevInEPInterrupt
 .text.USB_GetMode
                0x08008ac2       0x1c ./Drivers/STM32F4xx_HAL_Driver/Src/stm32f4xx_ll_usb.o
                0x08008ac2                USB_GetMode
 .text.USB_ActivateSetup
                0x08008ade       0x46 ./Drivers/STM32F4xx_HAL_Driver/Src/stm32f4xx_ll_usb.o
                0x08008ade                USB_ActivateSetup
 .text.USB_EP0_OutStart
                0x08008b24       0xbc ./Drivers/STM32F4xx_HAL_Driver/Src/stm32f4xx_ll_usb.o
                0x08008b24                USB_EP0_OutStart
 .text.USB_CoreReset
                0x08008be0       0x62 ./Drivers/STM32F4xx_HAL_Driver/Src/stm32f4xx_ll_usb.o
 *fill*         0x08008c42        0x2 
 .text.USBD_CDC_Init
                0x08008c44      0x1f0 ./Middlewares/ST/STM32_USB_Device_Library/Class/CDC/Src/usbd_cdc.o
 .text.USBD_CDC_DeInit
                0x08008e34      0x104 ./Middlewares/ST/STM32_USB_Device_Library/Class/CDC/Src/usbd_cdc.o
 .text.USBD_CDC_Setup
                0x08008f38      0x1b8 ./Middlewares/ST/STM32_USB_Device_Library/Class/CDC/Src/usbd_cdc.o
 .text.USBD_CDC_DataIn
                0x080090f0       0xfe ./Middlewares/ST/STM32_USB_Device_Library/Class/CDC/Src/usbd_cdc.o
 .text.USBD_CDC_DataOut
                0x080091ee       0x70 ./Middlewares/ST/STM32_USB_Device_Library/Class/CDC/Src/usbd_cdc.o
 .text.USBD_CDC_EP0_RxReady
                0x0800925e       0x74 ./Middlewares/ST/STM32_USB_Device_Library/Class/CDC/Src/usbd_cdc.o
 *fill*         0x080092d2        0x2 
 .text.USBD_CDC_GetFSCfgDesc
                0x080092d4       0x70 ./Middlewares/ST/STM32_USB_Device_Library/Class/CDC/Src/usbd_cdc.o
 .text.USBD_CDC_GetHSCfgDesc
                0x08009344       0x70 ./Middlewares/ST/STM32_USB_Device_Library/Class/CDC/Src/usbd_cdc.o
 .text.USBD_CDC_GetOtherSpeedCfgDesc
                0x080093b4       0x70 ./Middlewares/ST/STM32_USB_Device_Library/Class/CDC/Src/usbd_cdc.o
 .text.USBD_CDC_GetDeviceQualifierDescriptor
                0x08009424       0x20 ./Middlewares/ST/STM32_USB_Device_Library/Class/CDC/Src/usbd_cdc.o
                0x08009424                USBD_CDC_GetDeviceQualifierDescriptor
 .text.USBD_CDC_RegisterInterface
                0x08009444       0x34 ./Middlewares/ST/STM32_USB_Device_Library/Class/CDC/Src/usbd_cdc.o
                0x08009444                USBD_CDC_RegisterInterface
 .text.USBD_CDC_SetTxBuffer
                0x08009478       0x44 ./Middlewares/ST/STM32_USB_Device_Library/Class/CDC/Src/usbd_cdc.o
                0x08009478                USBD_CDC_SetTxBuffer
 .text.USBD_CDC_SetRxBuffer
                0x080094bc       0x3a ./Middlewares/ST/STM32_USB_Device_Library/Class/CDC/Src/usbd_cdc.o
                0x080094bc                USBD_CDC_SetRxBuffer
 *fill*         0x080094f6        0x2 
 .text.USBD_CDC_ReceivePacket
                0x080094f8       0x6c ./Middlewares/ST/STM32_USB_Device_Library/Class/CDC/Src/usbd_cdc.o
                0x080094f8                USBD_CDC_ReceivePacket
 .text.USBD_Init
                0x08009564       0x60 ./Middlewares/ST/STM32_USB_Device_Library/Core/Src/usbd_core.o
                0x08009564                USBD_Init
 .text.USBD_RegisterClass
                0x080095c4       0x6c ./Middlewares/ST/STM32_USB_Device_Library/Core/Src/usbd_core.o
                0x080095c4                USBD_RegisterClass
 .text.USBD_Start
                0x08009630       0x18 ./Middlewares/ST/STM32_USB_Device_Library/Core/Src/usbd_core.o
                0x08009630                USBD_Start
 .text.USBD_RunTestMode
                0x08009648       0x16 ./Middlewares/ST/STM32_USB_Device_Library/Core/Src/usbd_core.o
                0x08009648                USBD_RunTestMode
 .text.USBD_SetClassConfig
                0x0800965e       0x38 ./Middlewares/ST/STM32_USB_Device_Library/Core/Src/usbd_core.o
                0x0800965e                USBD_SetClassConfig
 .text.USBD_ClrClassConfig
                0x08009696       0x34 ./Middlewares/ST/STM32_USB_Device_Library/Core/Src/usbd_core.o
                0x08009696                USBD_ClrClassConfig
 .text.USBD_LL_SetupStage
                0x080096ca       0xaa ./Middlewares/ST/STM32_USB_Device_Library/Core/Src/usbd_core.o
                0x080096ca                USBD_LL_SetupStage
 .text.USBD_LL_DataOutStage
                0x08009774      0x166 ./Middlewares/ST/STM32_USB_Device_Library/Core/Src/usbd_core.o
                0x08009774                USBD_LL_DataOutStage
 .text.USBD_LL_DataInStage
                0x080098da      0x164 ./Middlewares/ST/STM32_USB_Device_Library/Core/Src/usbd_core.o
                0x080098da                USBD_LL_DataInStage
 .text.USBD_LL_Reset
                0x08009a3e       0xa4 ./Middlewares/ST/STM32_USB_Device_Library/Core/Src/usbd_core.o
                0x08009a3e                USBD_LL_Reset
 .text.USBD_LL_SetSpeed
                0x08009ae2       0x20 ./Middlewares/ST/STM32_USB_Device_Library/Core/Src/usbd_core.o
                0x08009ae2                USBD_LL_SetSpeed
 .text.USBD_LL_Suspend
                0x08009b02       0x38 ./Middlewares/ST/STM32_USB_Device_Library/Core/Src/usbd_core.o
                0x08009b02                USBD_LL_Suspend
 .text.USBD_LL_Resume
                0x08009b3a       0x30 ./Middlewares/ST/STM32_USB_Device_Library/Core/Src/usbd_core.o
                0x08009b3a                USBD_LL_Resume
 .text.USBD_LL_SOF
                0x08009b6a       0x40 ./Middlewares/ST/STM32_USB_Device_Library/Core/Src/usbd_core.o
                0x08009b6a                USBD_LL_SOF
 .text.USBD_LL_IsoINIncomplete
                0x08009baa       0x64 ./Middlewares/ST/STM32_USB_Device_Library/Core/Src/usbd_core.o
                0x08009baa                USBD_LL_IsoINIncomplete
 .text.USBD_LL_IsoOUTIncomplete
                0x08009c0e       0x64 ./Middlewares/ST/STM32_USB_Device_Library/Core/Src/usbd_core.o
                0x08009c0e                USBD_LL_IsoOUTIncomplete
 .text.USBD_LL_DevConnected
                0x08009c72       0x16 ./Middlewares/ST/STM32_USB_Device_Library/Core/Src/usbd_core.o
                0x08009c72                USBD_LL_DevConnected
 .text.USBD_LL_DevDisconnected
                0x08009c88       0x46 ./Middlewares/ST/STM32_USB_Device_Library/Core/Src/usbd_core.o
                0x08009c88                USBD_LL_DevDisconnected
 .text.USBD_CoreFindIF
                0x08009cce       0x1a ./Middlewares/ST/STM32_USB_Device_Library/Core/Src/usbd_core.o
                0x08009cce                USBD_CoreFindIF
 .text.USBD_CoreFindEP
                0x08009ce8       0x1a ./Middlewares/ST/STM32_USB_Device_Library/Core/Src/usbd_core.o
                0x08009ce8                USBD_CoreFindEP
 .text.USBD_GetEpDesc
                0x08009d02       0x70 ./Middlewares/ST/STM32_USB_Device_Library/Core/Src/usbd_core.o
                0x08009d02                USBD_GetEpDesc
 .text.USBD_GetNextDesc
                0x08009d72       0x38 ./Middlewares/ST/STM32_USB_Device_Library/Core/Src/usbd_core.o
                0x08009d72                USBD_GetNextDesc
 .text.SWAPBYTE
                0x08009daa       0x3e ./Middlewares/ST/STM32_USB_Device_Library/Core/Src/usbd_ctlreq.o
 .text.USBD_StdDevReq
                0x08009de8       0xe4 ./Middlewares/ST/STM32_USB_Device_Library/Core/Src/usbd_ctlreq.o
                0x08009de8                USBD_StdDevReq
 .text.USBD_StdItfReq
                0x08009ecc       0xd8 ./Middlewares/ST/STM32_USB_Device_Library/Core/Src/usbd_ctlreq.o
                0x08009ecc                USBD_StdItfReq
 .text.USBD_StdEPReq
                0x08009fa4      0x33a ./Middlewares/ST/STM32_USB_Device_Library/Core/Src/usbd_ctlreq.o
                0x08009fa4                USBD_StdEPReq
 *fill*         0x0800a2de        0x2 
 .text.USBD_GetDescriptor
                0x0800a2e0      0x2d4 ./Middlewares/ST/STM32_USB_Device_Library/Core/Src/usbd_ctlreq.o
 .text.USBD_SetAddress
                0x0800a5b4       0x88 ./Middlewares/ST/STM32_USB_Device_Library/Core/Src/usbd_ctlreq.o
 .text.USBD_SetConfig
                0x0800a63c      0x154 ./Middlewares/ST/STM32_USB_Device_Library/Core/Src/usbd_ctlreq.o
 .text.USBD_GetConfig
                0x0800a790       0x6c ./Middlewares/ST/STM32_USB_Device_Library/Core/Src/usbd_ctlreq.o
 .text.USBD_GetStatus
                0x0800a7fc       0x68 ./Middlewares/ST/STM32_USB_Device_Library/Core/Src/usbd_ctlreq.o
 .text.USBD_SetFeature
                0x0800a864       0x52 ./Middlewares/ST/STM32_USB_Device_Library/Core/Src/usbd_ctlreq.o
 .text.USBD_ClrFeature
                0x0800a8b6       0x44 ./Middlewares/ST/STM32_USB_Device_Library/Core/Src/usbd_ctlreq.o
 .text.USBD_ParseSetupRequest
                0x0800a8fa       0x74 ./Middlewares/ST/STM32_USB_Device_Library/Core/Src/usbd_ctlreq.o
                0x0800a8fa                USBD_ParseSetupRequest
 .text.USBD_CtlError
                0x0800a96e       0x22 ./Middlewares/ST/STM32_USB_Device_Library/Core/Src/usbd_ctlreq.o
                0x0800a96e                USBD_CtlError
 .text.USBD_GetString
                0x0800a990       0xa4 ./Middlewares/ST/STM32_USB_Device_Library/Core/Src/usbd_ctlreq.o
                0x0800a990                USBD_GetString
 .text.USBD_GetLen
                0x0800aa34       0x34 ./Middlewares/ST/STM32_USB_Device_Library/Core/Src/usbd_ctlreq.o
 .text.USBD_CtlSendData
                0x0800aa68       0x36 ./Middlewares/ST/STM32_USB_Device_Library/Core/Src/usbd_ioreq.o
                0x0800aa68                USBD_CtlSendData
 .text.USBD_CtlContinueSendData
                0x0800aa9e       0x22 ./Middlewares/ST/STM32_USB_Device_Library/Core/Src/usbd_ioreq.o
                0x0800aa9e                USBD_CtlContinueSendData
 .text.USBD_CtlPrepareRx
                0x0800aac0       0x3a ./Middlewares/ST/STM32_USB_Device_Library/Core/Src/usbd_ioreq.o
                0x0800aac0                USBD_CtlPrepareRx
 .text.USBD_CtlContinueRx
                0x0800aafa       0x22 ./Middlewares/ST/STM32_USB_Device_Library/Core/Src/usbd_ioreq.o
                0x0800aafa                USBD_CtlContinueRx
 .text.USBD_CtlSendStatus
                0x0800ab1c       0x26 ./Middlewares/ST/STM32_USB_Device_Library/Core/Src/usbd_ioreq.o
                0x0800ab1c                USBD_CtlSendStatus
 .text.USBD_CtlReceiveStatus
                0x0800ab42       0x26 ./Middlewares/ST/STM32_USB_Device_Library/Core/Src/usbd_ioreq.o
                0x0800ab42                USBD_CtlReceiveStatus
 .text.MX_USB_DEVICE_Init
                0x0800ab68       0x60 ./USB_DEVICE/App/usb_device.o
                0x0800ab68                MX_USB_DEVICE_Init
 .text.CDC_Init_FS
                0x0800abc8       0x28 ./USB_DEVICE/App/usbd_cdc_if.o
 .text.CDC_DeInit_FS
                0x0800abf0       0x10 ./USB_DEVICE/App/usbd_cdc_if.o
 .text.CDC_Control_FS
                0x0800ac00       0xbc ./USB_DEVICE/App/usbd_cdc_if.o
 .text.CDC_Receive_FS
                0x0800acbc       0x28 ./USB_DEVICE/App/usbd_cdc_if.o
 .text.CDC_TransmitCplt_FS
                0x0800ace4       0x22 ./USB_DEVICE/App/usbd_cdc_if.o
 *fill*         0x0800ad06        0x2 
 .text.USBD_FS_DeviceDescriptor
                0x0800ad08       0x24 ./USB_DEVICE/App/usbd_desc.o
                0x0800ad08                USBD_FS_DeviceDescriptor
 .text.USBD_FS_LangIDStrDescriptor
                0x0800ad2c       0x24 ./USB_DEVICE/App/usbd_desc.o
                0x0800ad2c                USBD_FS_LangIDStrDescriptor
 .text.USBD_FS_ProductStrDescriptor
                0x0800ad50       0x3c ./USB_DEVICE/App/usbd_desc.o
                0x0800ad50                USBD_FS_ProductStrDescriptor
 .text.USBD_FS_ManufacturerStrDescriptor
                0x0800ad8c       0x28 ./USB_DEVICE/App/usbd_desc.o
                0x0800ad8c                USBD_FS_ManufacturerStrDescriptor
 .text.USBD_FS_SerialStrDescriptor
                0x0800adb4       0x24 ./USB_DEVICE/App/usbd_desc.o
                0x0800adb4                USBD_FS_SerialStrDescriptor
 .text.USBD_FS_ConfigStrDescriptor
                0x0800add8       0x3c ./USB_DEVICE/App/usbd_desc.o
                0x0800add8                USBD_FS_ConfigStrDescriptor
 .text.USBD_FS_InterfaceStrDescriptor
                0x0800ae14       0x3c ./USB_DEVICE/App/usbd_desc.o
                0x0800ae14                USBD_FS_InterfaceStrDescriptor
 .text.Get_SerialNum
                0x0800ae50       0x58 ./USB_DEVICE/App/usbd_desc.o
 .text.IntToUnicode
                0x0800aea8       0x7e ./USB_DEVICE/App/usbd_desc.o
 *fill*         0x0800af26        0x2 
 .text.HAL_PCD_MspInit
                0x0800af28       0xc4 ./USB_DEVICE/Target/usbd_conf.o
                0x0800af28                HAL_PCD_MspInit
 .text.HAL_PCD_SetupStageCallback
                0x0800afec       0x24 ./USB_DEVICE/Target/usbd_conf.o
                0x0800afec                HAL_PCD_SetupStageCallback
 .text.HAL_PCD_DataOutStageCallback
                0x0800b010       0x36 ./USB_DEVICE/Target/usbd_conf.o
                0x0800b010                HAL_PCD_DataOutStageCallback
 .text.HAL_PCD_DataInStageCallback
                0x0800b046       0x34 ./USB_DEVICE/Target/usbd_conf.o
                0x0800b046                HAL_PCD_DataInStageCallback
 .text.HAL_PCD_SOFCallback
                0x0800b07a       0x1c ./USB_DEVICE/Target/usbd_conf.o
                0x0800b07a                HAL_PCD_SOFCallback
 .text.HAL_PCD_ResetCallback
                0x0800b096       0x50 ./USB_DEVICE/Target/usbd_conf.o
                0x0800b096                HAL_PCD_ResetCallback
 *fill*         0x0800b0e6        0x2 
 .text.HAL_PCD_SuspendCallback
                0x0800b0e8       0x4c ./USB_DEVICE/Target/usbd_conf.o
                0x0800b0e8                HAL_PCD_SuspendCallback
 .text.HAL_PCD_ResumeCallback
                0x0800b134       0x1c ./USB_DEVICE/Target/usbd_conf.o
                0x0800b134                HAL_PCD_ResumeCallback
 .text.HAL_PCD_ISOOUTIncompleteCallback
                0x0800b150       0x24 ./USB_DEVICE/Target/usbd_conf.o
                0x0800b150                HAL_PCD_ISOOUTIncompleteCallback
 .text.HAL_PCD_ISOINIncompleteCallback
                0x0800b174       0x24 ./USB_DEVICE/Target/usbd_conf.o
                0x0800b174                HAL_PCD_ISOINIncompleteCallback
 .text.HAL_PCD_ConnectCallback
                0x0800b198       0x1c ./USB_DEVICE/Target/usbd_conf.o
                0x0800b198                HAL_PCD_ConnectCallback
 .text.HAL_PCD_DisconnectCallback
                0x0800b1b4       0x1c ./USB_DEVICE/Target/usbd_conf.o
                0x0800b1b4                HAL_PCD_DisconnectCallback
 .text.USBD_LL_Init
                0x0800b1d0       0x98 ./USB_DEVICE/Target/usbd_conf.o
                0x0800b1d0                USBD_LL_Init
 .text.USBD_LL_Start
                0x0800b268       0x36 ./USB_DEVICE/Target/usbd_conf.o
                0x0800b268                USBD_LL_Start
 .text.USBD_LL_OpenEP
                0x0800b29e       0x4c ./USB_DEVICE/Target/usbd_conf.o
                0x0800b29e                USBD_LL_OpenEP
 .text.USBD_LL_CloseEP
                0x0800b2ea       0x3e ./USB_DEVICE/Target/usbd_conf.o
                0x0800b2ea                USBD_LL_CloseEP
 .text.USBD_LL_StallEP
                0x0800b328       0x3e ./USB_DEVICE/Target/usbd_conf.o
                0x0800b328                USBD_LL_StallEP
 .text.USBD_LL_ClearStallEP
                0x0800b366       0x3e ./USB_DEVICE/Target/usbd_conf.o
                0x0800b366                USBD_LL_ClearStallEP
 .text.USBD_LL_IsStallEP
                0x0800b3a4       0x58 ./USB_DEVICE/Target/usbd_conf.o
                0x0800b3a4                USBD_LL_IsStallEP
 .text.USBD_LL_SetUSBAddress
                0x0800b3fc       0x3e ./USB_DEVICE/Target/usbd_conf.o
                0x0800b3fc                USBD_LL_SetUSBAddress
 .text.USBD_LL_Transmit
                0x0800b43a       0x42 ./USB_DEVICE/Target/usbd_conf.o
                0x0800b43a                USBD_LL_Transmit
 .text.USBD_LL_PrepareReceive
                0x0800b47c       0x42 ./USB_DEVICE/Target/usbd_conf.o
                0x0800b47c                USBD_LL_PrepareReceive
 .text.USBD_LL_GetRxDataSize
                0x0800b4be       0x26 ./USB_DEVICE/Target/usbd_conf.o
                0x0800b4be                USBD_LL_GetRxDataSize
 .text.USBD_static_malloc
                0x0800b4e4       0x1c ./USB_DEVICE/Target/usbd_conf.o
                0x0800b4e4                USBD_static_malloc
 .text.USBD_static_free
                0x0800b500       0x14 ./USB_DEVICE/Target/usbd_conf.o
                0x0800b500                USBD_static_free
 .text.USBD_Get_USB_Status
                0x0800b514       0x58 ./USB_DEVICE/Target/usbd_conf.o
                0x0800b514                USBD_Get_USB_Status
 .text.memset   0x0800b56c       0x10 C:/WORK/ST/STM32CubeIDE_1.18.0/STM32CubeIDE/plugins/com.st.stm32cube.ide.mcu.externaltools.gnu-tools-for-stm32.13.3.rel1.win32_1.0.0.202411081344/tools/bin/../lib/gcc/arm-none-eabi/13.3.1/../../../../arm-none-eabi/lib/thumb/v7e-m+fp/hard\libc_nano.a(libc_a-memset.o)
                0x0800b56c                memset
 .text.__libc_init_array
                0x0800b57c       0x48 C:/WORK/ST/STM32CubeIDE_1.18.0/STM32CubeIDE/plugins/com.st.stm32cube.ide.mcu.externaltools.gnu-tools-for-stm32.13.3.rel1.win32_1.0.0.202411081344/tools/bin/../lib/gcc/arm-none-eabi/13.3.1/../../../../arm-none-eabi/lib/thumb/v7e-m+fp/hard\libc_nano.a(libc_a-init.o)
                0x0800b57c                __libc_init_array
 *(.glue_7)
 .glue_7        0x0800b5c4        0x0 linker stubs
 *(.glue_7t)
 .glue_7t       0x0800b5c4        0x0 linker stubs
 *(.eh_frame)
 .eh_frame      0x0800b5c4        0x0 C:/WORK/ST/STM32CubeIDE_1.18.0/STM32CubeIDE/plugins/com.st.stm32cube.ide.mcu.externaltools.gnu-tools-for-stm32.13.3.rel1.win32_1.0.0.202411081344/tools/bin/../lib/gcc/arm-none-eabi/13.3.1/thumb/v7e-m+fp/hard/crtbegin.o
 *(.init)
 .init          0x0800b5c4        0x4 C:/WORK/ST/STM32CubeIDE_1.18.0/STM32CubeIDE/plugins/com.st.stm32cube.ide.mcu.externaltools.gnu-tools-for-stm32.13.3.rel1.win32_1.0.0.202411081344/tools/bin/../lib/gcc/arm-none-eabi/13.3.1/thumb/v7e-m+fp/hard/crti.o
                0x0800b5c4                _init
 .init          0x0800b5c8        0x8 C:/WORK/ST/STM32CubeIDE_1.18.0/STM32CubeIDE/plugins/com.st.stm32cube.ide.mcu.externaltools.gnu-tools-for-stm32.13.3.rel1.win32_1.0.0.202411081344/tools/bin/../lib/gcc/arm-none-eabi/13.3.1/thumb/v7e-m+fp/hard/crtn.o
 *(.fini)
 .fini          0x0800b5d0        0x4 C:/WORK/ST/STM32CubeIDE_1.18.0/STM32CubeIDE/plugins/com.st.stm32cube.ide.mcu.externaltools.gnu-tools-for-stm32.13.3.rel1.win32_1.0.0.202411081344/tools/bin/../lib/gcc/arm-none-eabi/13.3.1/thumb/v7e-m+fp/hard/crti.o
                0x0800b5d0                _fini
 .fini          0x0800b5d4        0x8 C:/WORK/ST/STM32CubeIDE_1.18.0/STM32CubeIDE/plugins/com.st.stm32cube.ide.mcu.externaltools.gnu-tools-for-stm32.13.3.rel1.win32_1.0.0.202411081344/tools/bin/../lib/gcc/arm-none-eabi/13.3.1/thumb/v7e-m+fp/hard/crtn.o
                0x0800b5dc                        . = ALIGN (0x4)
                0x0800b5dc                        _etext = .

.vfp11_veneer   0x0800b5dc        0x0
 .vfp11_veneer  0x0800b5dc        0x0 linker stubs

.v4_bx          0x0800b5dc        0x0
 .v4_bx         0x0800b5dc        0x0 linker stubs

.iplt           0x0800b5dc        0x0
 .iplt          0x0800b5dc        0x0 C:/WORK/ST/STM32CubeIDE_1.18.0/STM32CubeIDE/plugins/com.st.stm32cube.ide.mcu.externaltools.gnu-tools-for-stm32.13.3.rel1.win32_1.0.0.202411081344/tools/bin/../lib/gcc/arm-none-eabi/13.3.1/thumb/v7e-m+fp/hard/crtbegin.o

.rodata         0x0800b5dc       0x60
                0x0800b5dc                        . = ALIGN (0x4)
 *(.rodata)
 .rodata        0x0800b5dc       0x46 ./USB_DEVICE/App/usbd_desc.o
 *(.rodata*)
 *fill*         0x0800b622        0x2 
 .rodata.AHBPrescTable
                0x0800b624       0x10 ./Core/Src/system_stm32f4xx.o
                0x0800b624                AHBPrescTable
 .rodata.APBPrescTable
                0x0800b634        0x8 ./Core/Src/system_stm32f4xx.o
                0x0800b634                APBPrescTable
                0x0800b63c                        . = ALIGN (0x4)

.ARM.extab      0x0800b63c        0x0
                0x0800b63c                        . = ALIGN (0x4)
 *(.ARM.extab* .gnu.linkonce.armextab.*)
                0x0800b63c                        . = ALIGN (0x4)

.ARM            0x0800b63c        0x8
                0x0800b63c                        . = ALIGN (0x4)
                0x0800b63c                        __exidx_start = .
 *(.ARM.exidx*)
 .ARM.exidx     0x0800b63c        0x8 C:/WORK/ST/STM32CubeIDE_1.18.0/STM32CubeIDE/plugins/com.st.stm32cube.ide.mcu.externaltools.gnu-tools-for-stm32.13.3.rel1.win32_1.0.0.202411081344/tools/bin/../lib/gcc/arm-none-eabi/13.3.1/../../../../arm-none-eabi/lib/thumb/v7e-m+fp/hard\libc_nano.a(libc_a-strlen.o)
 .ARM.exidx     0x0800b644        0x0 C:/WORK/ST/STM32CubeIDE_1.18.0/STM32CubeIDE/plugins/com.st.stm32cube.ide.mcu.externaltools.gnu-tools-for-stm32.13.3.rel1.win32_1.0.0.202411081344/tools/bin/../lib/gcc/arm-none-eabi/13.3.1/thumb/v7e-m+fp/hard\libgcc.a(_udivmoddi4.o)
                                  0x8 (size before relaxing)
                0x0800b644                        __exidx_end = .
                0x0800b644                        . = ALIGN (0x4)

.preinit_array  0x0800b644        0x0
                0x0800b644                        . = ALIGN (0x4)
                0x0800b644                        PROVIDE (__preinit_array_start = .)
 *(.preinit_array*)
                0x0800b644                        PROVIDE (__preinit_array_end = .)
                0x0800b644                        . = ALIGN (0x4)

.init_array     0x0800b644        0x4
                0x0800b644                        . = ALIGN (0x4)
                0x0800b644                        PROVIDE (__init_array_start = .)
 *(SORT_BY_NAME(.init_array.*))
 *(.init_array*)
 .init_array    0x0800b644        0x4 C:/WORK/ST/STM32CubeIDE_1.18.0/STM32CubeIDE/plugins/com.st.stm32cube.ide.mcu.externaltools.gnu-tools-for-stm32.13.3.rel1.win32_1.0.0.202411081344/tools/bin/../lib/gcc/arm-none-eabi/13.3.1/thumb/v7e-m+fp/hard/crtbegin.o
                0x0800b648                        PROVIDE (__init_array_end = .)
                0x0800b648                        . = ALIGN (0x4)

.fini_array     0x0800b648        0x4
                0x0800b648                        . = ALIGN (0x4)
                [!provide]                        PROVIDE (__fini_array_start = .)
 *(SORT_BY_NAME(.fini_array.*))
 *(.fini_array*)
 .fini_array    0x0800b648        0x4 C:/WORK/ST/STM32CubeIDE_1.18.0/STM32CubeIDE/plugins/com.st.stm32cube.ide.mcu.externaltools.gnu-tools-for-stm32.13.3.rel1.win32_1.0.0.202411081344/tools/bin/../lib/gcc/arm-none-eabi/13.3.1/thumb/v7e-m+fp/hard/crtbegin.o
                [!provide]                        PROVIDE (__fini_array_end = .)
                0x0800b64c                        . = ALIGN (0x4)
                0x0800b64c                        _sidata = LOADADDR (.data)

.rel.dyn        0x0800b64c        0x0
 .rel.iplt      0x0800b64c        0x0 C:/WORK/ST/STM32CubeIDE_1.18.0/STM32CubeIDE/plugins/com.st.stm32cube.ide.mcu.externaltools.gnu-tools-for-stm32.13.3.rel1.win32_1.0.0.202411081344/tools/bin/../lib/gcc/arm-none-eabi/13.3.1/thumb/v7e-m+fp/hard/crtbegin.o

.data           0x20000000      0x100 load address 0x0800b64c
                0x20000000                        . = ALIGN (0x4)
                0x20000000                        _sdata = .
 *(.data)
 *(.data*)
 .data.currX    0x20000000        0x1 ./Core/Src/main.o
                0x20000000                currX
 .data.currY    0x20000001        0x1 ./Core/Src/main.o
                0x20000001                currY
 *fill*         0x20000002        0x2 
 .data.SystemCoreClock
                0x20000004        0x4 ./Core/Src/system_stm32f4xx.o
                0x20000004                SystemCoreClock
 .data.uwTickPrio
                0x20000008        0x4 ./Drivers/STM32F4xx_HAL_Driver/Src/stm32f4xx_hal.o
                0x20000008                uwTickPrio
 .data.uwTickFreq
                0x2000000c        0x1 ./Drivers/STM32F4xx_HAL_Driver/Src/stm32f4xx_hal.o
                0x2000000c                uwTickFreq
 *fill*         0x2000000d        0x3 
 .data.USBD_CDC_DeviceQualifierDesc
                0x20000010        0xa ./Middlewares/ST/STM32_USB_Device_Library/Class/CDC/Src/usbd_cdc.o
 *fill*         0x2000001a        0x2 
 .data.USBD_CDC
                0x2000001c       0x38 ./Middlewares/ST/STM32_USB_Device_Library/Class/CDC/Src/usbd_cdc.o
                0x2000001c                USBD_CDC
 .data.USBD_CDC_CfgDesc
                0x20000054       0x43 ./Middlewares/ST/STM32_USB_Device_Library/Class/CDC/Src/usbd_cdc.o
 .data.CDCInEpAdd
                0x20000097        0x1 ./Middlewares/ST/STM32_USB_Device_Library/Class/CDC/Src/usbd_cdc.o
 .data.CDCOutEpAdd
                0x20000098        0x1 ./Middlewares/ST/STM32_USB_Device_Library/Class/CDC/Src/usbd_cdc.o
 .data.CDCCmdEpAdd
                0x20000099        0x1 ./Middlewares/ST/STM32_USB_Device_Library/Class/CDC/Src/usbd_cdc.o
 *fill*         0x2000009a        0x2 
 .data.USBD_Interface_fops_FS
                0x2000009c       0x14 ./USB_DEVICE/App/usbd_cdc_if.o
                0x2000009c                USBD_Interface_fops_FS
 .data.FS_Desc  0x200000b0       0x1c ./USB_DEVICE/App/usbd_desc.o
                0x200000b0                FS_Desc
 .data.USBD_FS_DeviceDesc
                0x200000cc       0x12 ./USB_DEVICE/App/usbd_desc.o
                0x200000cc                USBD_FS_DeviceDesc
 *fill*         0x200000de        0x2 
 .data.USBD_LangIDDesc
                0x200000e0        0x4 ./USB_DEVICE/App/usbd_desc.o
                0x200000e0                USBD_LangIDDesc
 .data.USBD_StringSerial
                0x200000e4       0x1a ./USB_DEVICE/App/usbd_desc.o
                0x200000e4                USBD_StringSerial
 *(.RamFunc)
 *(.RamFunc*)
                0x20000100                        . = ALIGN (0x4)
 *fill*         0x200000fe        0x2 
                0x20000100                        _edata = .
                0x0800b74c                        _siccmram = LOADADDR (.ccmram)

.igot.plt       0x20000100        0x0 load address 0x0800b74c
 .igot.plt      0x20000100        0x0 C:/WORK/ST/STM32CubeIDE_1.18.0/STM32CubeIDE/plugins/com.st.stm32cube.ide.mcu.externaltools.gnu-tools-for-stm32.13.3.rel1.win32_1.0.0.202411081344/tools/bin/../lib/gcc/arm-none-eabi/13.3.1/thumb/v7e-m+fp/hard/crtbegin.o

.ccmram         0x10000000        0x0 load address 0x0800b74c
                0x10000000                        . = ALIGN (0x4)
                0x10000000                        _sccmram = .
 *(.ccmram)
 *(.ccmram*)
                0x10000000                        . = ALIGN (0x4)
                0x10000000                        _eccmram = .
                0x10000000                        . = ALIGN (0x4)

.bss            0x20000100     0x45b0
                0x20000100                        _sbss = .
                0x20000100                        __bss_start__ = _sbss
 *(.bss)
 .bss           0x20000100       0x1c C:/WORK/ST/STM32CubeIDE_1.18.0/STM32CubeIDE/plugins/com.st.stm32cube.ide.mcu.externaltools.gnu-tools-for-stm32.13.3.rel1.win32_1.0.0.202411081344/tools/bin/../lib/gcc/arm-none-eabi/13.3.1/thumb/v7e-m+fp/hard/crtbegin.o
 *(.bss*)
 .bss.hi2c1     0x2000011c       0x54 ./Core/Src/main.o
                0x2000011c                hi2c1
 .bss.hi2s3     0x20000170       0x48 ./Core/Src/main.o
                0x20000170                hi2s3
 .bss.hspi1     0x200001b8       0x58 ./Core/Src/main.o
                0x200001b8                hspi1
 .bss.htim1     0x20000210       0x48 ./Core/Src/main.o
                0x20000210                htim1
 .bss.htim3     0x20000258       0x48 ./Core/Src/main.o
                0x20000258                htim3
 .bss.huart2    0x200002a0       0x48 ./Core/Src/main.o
                0x200002a0                huart2
 .bss.rxData    0x200002e8        0x1 ./Core/Src/main.o
                0x200002e8                rxData
 *fill*         0x200002e9        0x3 
 .bss.labirynthMatrix
                0x200002ec     0x27d9 ./Core/Src/main.o
                0x200002ec                labirynthMatrix
 .bss.currHeading
                0x20002ac5        0x1 ./Core/Src/main.o
                0x20002ac5                currHeading
 *fill*         0x20002ac6        0x2 
 .bss.uwTick    0x20002ac8        0x4 ./Drivers/STM32F4xx_HAL_Driver/Src/stm32f4xx_hal.o
                0x20002ac8                uwTick
 .bss.cfgidx.0  0x20002acc        0x1 ./Middlewares/ST/STM32_USB_Device_Library/Core/Src/usbd_ctlreq.o
 *fill*         0x20002acd        0x3 
 .bss.hUsbDeviceFS
                0x20002ad0      0x2dc ./USB_DEVICE/App/usb_device.o
                0x20002ad0                hUsbDeviceFS
 .bss.UserRxBufferFS
                0x20002dac      0x800 ./USB_DEVICE/App/usbd_cdc_if.o
                0x20002dac                UserRxBufferFS
 .bss.UserTxBufferFS
                0x200035ac      0x800 ./USB_DEVICE/App/usbd_cdc_if.o
                0x200035ac                UserTxBufferFS
 .bss.USBD_StrDesc
                0x20003dac      0x200 ./USB_DEVICE/App/usbd_desc.o
                0x20003dac                USBD_StrDesc
 .bss.hpcd_USB_OTG_FS
                0x20003fac      0x4e4 ./USB_DEVICE/Target/usbd_conf.o
                0x20003fac                hpcd_USB_OTG_FS
 .bss.mem.0     0x20004490      0x220 ./USB_DEVICE/Target/usbd_conf.o
 *(COMMON)
                0x200046b0                        . = ALIGN (0x4)
                0x200046b0                        _ebss = .
                0x200046b0                        __bss_end__ = _ebss

._user_heap_stack
                0x200046b0      0xa00
                0x200046b0                        . = ALIGN (0x8)
                [!provide]                        PROVIDE (end = .)
                0x200046b0                        PROVIDE (_end = .)
                0x20004cb0                        . = (. + _Min_Heap_Size)
 *fill*         0x200046b0      0x600 
                0x200050b0                        . = (. + _Min_Stack_Size)
 *fill*         0x20004cb0      0x400 
                0x200050b0                        . = ALIGN (0x8)

/DISCARD/
 libc.a(*)
 libm.a(*)
 libgcc.a(*)

.ARM.attributes
                0x00000000       0x30
 *(.ARM.attributes)
 .ARM.attributes
                0x00000000       0x22 C:/WORK/ST/STM32CubeIDE_1.18.0/STM32CubeIDE/plugins/com.st.stm32cube.ide.mcu.externaltools.gnu-tools-for-stm32.13.3.rel1.win32_1.0.0.202411081344/tools/bin/../lib/gcc/arm-none-eabi/13.3.1/thumb/v7e-m+fp/hard/crti.o
 .ARM.attributes
                0x00000022       0x34 C:/WORK/ST/STM32CubeIDE_1.18.0/STM32CubeIDE/plugins/com.st.stm32cube.ide.mcu.externaltools.gnu-tools-for-stm32.13.3.rel1.win32_1.0.0.202411081344/tools/bin/../lib/gcc/arm-none-eabi/13.3.1/thumb/v7e-m+fp/hard/crtbegin.o
 .ARM.attributes
                0x00000056       0x34 ./Core/Src/main.o
 .ARM.attributes
                0x0000008a       0x34 ./Core/Src/stm32f4xx_hal_msp.o
 .ARM.attributes
                0x000000be       0x34 ./Core/Src/stm32f4xx_it.o
 .ARM.attributes
                0x000000f2       0x34 ./Core/Src/system_stm32f4xx.o
 .ARM.attributes
                0x00000126       0x21 ./Core/Startup/startup_stm32f407vgtx.o
 .ARM.attributes
                0x00000147       0x34 ./Drivers/STM32F4xx_HAL_Driver/Src/stm32f4xx_hal.o
 .ARM.attributes
                0x0000017b       0x34 ./Drivers/STM32F4xx_HAL_Driver/Src/stm32f4xx_hal_cortex.o
 .ARM.attributes
                0x000001af       0x34 ./Drivers/STM32F4xx_HAL_Driver/Src/stm32f4xx_hal_dma.o
 .ARM.attributes
                0x000001e3       0x34 ./Drivers/STM32F4xx_HAL_Driver/Src/stm32f4xx_hal_gpio.o
 .ARM.attributes
                0x00000217       0x34 ./Drivers/STM32F4xx_HAL_Driver/Src/stm32f4xx_hal_i2c.o
 .ARM.attributes
                0x0000024b       0x34 ./Drivers/STM32F4xx_HAL_Driver/Src/stm32f4xx_hal_i2s.o
 .ARM.attributes
                0x0000027f       0x34 ./Drivers/STM32F4xx_HAL_Driver/Src/stm32f4xx_hal_i2s_ex.o
 .ARM.attributes
                0x000002b3       0x34 ./Drivers/STM32F4xx_HAL_Driver/Src/stm32f4xx_hal_pcd.o
 .ARM.attributes
                0x000002e7       0x34 ./Drivers/STM32F4xx_HAL_Driver/Src/stm32f4xx_hal_pcd_ex.o
 .ARM.attributes
                0x0000031b       0x34 ./Drivers/STM32F4xx_HAL_Driver/Src/stm32f4xx_hal_rcc.o
 .ARM.attributes
                0x0000034f       0x34 ./Drivers/STM32F4xx_HAL_Driver/Src/stm32f4xx_hal_rcc_ex.o
 .ARM.attributes
                0x00000383       0x34 ./Drivers/STM32F4xx_HAL_Driver/Src/stm32f4xx_hal_spi.o
 .ARM.attributes
                0x000003b7       0x34 ./Drivers/STM32F4xx_HAL_Driver/Src/stm32f4xx_hal_tim.o
 .ARM.attributes
                0x000003eb       0x34 ./Drivers/STM32F4xx_HAL_Driver/Src/stm32f4xx_hal_tim_ex.o
 .ARM.attributes
                0x0000041f       0x34 ./Drivers/STM32F4xx_HAL_Driver/Src/stm32f4xx_hal_uart.o
 .ARM.attributes
                0x00000453       0x34 ./Drivers/STM32F4xx_HAL_Driver/Src/stm32f4xx_ll_usb.o
 .ARM.attributes
                0x00000487       0x34 ./Middlewares/ST/STM32_USB_Device_Library/Class/CDC/Src/usbd_cdc.o
 .ARM.attributes
                0x000004bb       0x34 ./Middlewares/ST/STM32_USB_Device_Library/Core/Src/usbd_core.o
 .ARM.attributes
                0x000004ef       0x34 ./Middlewares/ST/STM32_USB_Device_Library/Core/Src/usbd_ctlreq.o
 .ARM.attributes
                0x00000523       0x34 ./Middlewares/ST/STM32_USB_Device_Library/Core/Src/usbd_ioreq.o
 .ARM.attributes
                0x00000557       0x34 ./USB_DEVICE/App/usb_device.o
 .ARM.attributes
                0x0000058b       0x34 ./USB_DEVICE/App/usbd_cdc_if.o
 .ARM.attributes
                0x000005bf       0x34 ./USB_DEVICE/App/usbd_desc.o
 .ARM.attributes
                0x000005f3       0x34 ./USB_DEVICE/Target/usbd_conf.o
 .ARM.attributes
                0x00000627       0x34 C:/WORK/ST/STM32CubeIDE_1.18.0/STM32CubeIDE/plugins/com.st.stm32cube.ide.mcu.externaltools.gnu-tools-for-stm32.13.3.rel1.win32_1.0.0.202411081344/tools/bin/../lib/gcc/arm-none-eabi/13.3.1/../../../../arm-none-eabi/lib/thumb/v7e-m+fp/hard\libc_nano.a(libc_a-memset.o)
 .ARM.attributes
                0x0000065b       0x34 C:/WORK/ST/STM32CubeIDE_1.18.0/STM32CubeIDE/plugins/com.st.stm32cube.ide.mcu.externaltools.gnu-tools-for-stm32.13.3.rel1.win32_1.0.0.202411081344/tools/bin/../lib/gcc/arm-none-eabi/13.3.1/../../../../arm-none-eabi/lib/thumb/v7e-m+fp/hard\libc_nano.a(libc_a-init.o)
 .ARM.attributes
                0x0000068f       0x17 C:/WORK/ST/STM32CubeIDE_1.18.0/STM32CubeIDE/plugins/com.st.stm32cube.ide.mcu.externaltools.gnu-tools-for-stm32.13.3.rel1.win32_1.0.0.202411081344/tools/bin/../lib/gcc/arm-none-eabi/13.3.1/../../../../arm-none-eabi/lib/thumb/v7e-m+fp/hard\libc_nano.a(libc_a-strlen.o)
 .ARM.attributes
                0x000006a6       0x22 C:/WORK/ST/STM32CubeIDE_1.18.0/STM32CubeIDE/plugins/com.st.stm32cube.ide.mcu.externaltools.gnu-tools-for-stm32.13.3.rel1.win32_1.0.0.202411081344/tools/bin/../lib/gcc/arm-none-eabi/13.3.1/thumb/v7e-m+fp/hard\libgcc.a(_arm_addsubdf3.o)
 .ARM.attributes
                0x000006c8       0x22 C:/WORK/ST/STM32CubeIDE_1.18.0/STM32CubeIDE/plugins/com.st.stm32cube.ide.mcu.externaltools.gnu-tools-for-stm32.13.3.rel1.win32_1.0.0.202411081344/tools/bin/../lib/gcc/arm-none-eabi/13.3.1/thumb/v7e-m+fp/hard\libgcc.a(_arm_muldivdf3.o)
 .ARM.attributes
                0x000006ea       0x22 C:/WORK/ST/STM32CubeIDE_1.18.0/STM32CubeIDE/plugins/com.st.stm32cube.ide.mcu.externaltools.gnu-tools-for-stm32.13.3.rel1.win32_1.0.0.202411081344/tools/bin/../lib/gcc/arm-none-eabi/13.3.1/thumb/v7e-m+fp/hard\libgcc.a(_arm_fixunsdfsi.o)
 .ARM.attributes
                0x0000070c       0x22 C:/WORK/ST/STM32CubeIDE_1.18.0/STM32CubeIDE/plugins/com.st.stm32cube.ide.mcu.externaltools.gnu-tools-for-stm32.13.3.rel1.win32_1.0.0.202411081344/tools/bin/../lib/gcc/arm-none-eabi/13.3.1/thumb/v7e-m+fp/hard\libgcc.a(_aeabi_uldivmod.o)
 .ARM.attributes
                0x0000072e       0x34 C:/WORK/ST/STM32CubeIDE_1.18.0/STM32CubeIDE/plugins/com.st.stm32cube.ide.mcu.externaltools.gnu-tools-for-stm32.13.3.rel1.win32_1.0.0.202411081344/tools/bin/../lib/gcc/arm-none-eabi/13.3.1/thumb/v7e-m+fp/hard\libgcc.a(_udivmoddi4.o)
 .ARM.attributes
                0x00000762       0x22 C:/WORK/ST/STM32CubeIDE_1.18.0/STM32CubeIDE/plugins/com.st.stm32cube.ide.mcu.externaltools.gnu-tools-for-stm32.13.3.rel1.win32_1.0.0.202411081344/tools/bin/../lib/gcc/arm-none-eabi/13.3.1/thumb/v7e-m+fp/hard\libgcc.a(_dvmd_tls.o)
 .ARM.attributes
                0x00000784       0x22 C:/WORK/ST/STM32CubeIDE_1.18.0/STM32CubeIDE/plugins/com.st.stm32cube.ide.mcu.externaltools.gnu-tools-for-stm32.13.3.rel1.win32_1.0.0.202411081344/tools/bin/../lib/gcc/arm-none-eabi/13.3.1/thumb/v7e-m+fp/hard/crtn.o
OUTPUT(Basic_Movement_Sensors.elf elf32-littlearm)
LOAD linker stubs
LOAD C:/WORK/ST/STM32CubeIDE_1.18.0/STM32CubeIDE/plugins/com.st.stm32cube.ide.mcu.externaltools.gnu-tools-for-stm32.13.3.rel1.win32_1.0.0.202411081344/tools/bin/../lib/gcc/arm-none-eabi/13.3.1/../../../../arm-none-eabi/lib/thumb/v7e-m+fp/hard\libc.a
LOAD C:/WORK/ST/STM32CubeIDE_1.18.0/STM32CubeIDE/plugins/com.st.stm32cube.ide.mcu.externaltools.gnu-tools-for-stm32.13.3.rel1.win32_1.0.0.202411081344/tools/bin/../lib/gcc/arm-none-eabi/13.3.1/../../../../arm-none-eabi/lib/thumb/v7e-m+fp/hard\libm.a
LOAD C:/WORK/ST/STM32CubeIDE_1.18.0/STM32CubeIDE/plugins/com.st.stm32cube.ide.mcu.externaltools.gnu-tools-for-stm32.13.3.rel1.win32_1.0.0.202411081344/tools/bin/../lib/gcc/arm-none-eabi/13.3.1/thumb/v7e-m+fp/hard\libgcc.a

.debug_info     0x00000000    0x1d2c6
 .debug_info    0x00000000     0x1c2a ./Core/Src/main.o
 .debug_info    0x00001c2a     0x1902 ./Core/Src/stm32f4xx_hal_msp.o
 .debug_info    0x0000352c      0xad6 ./Core/Src/stm32f4xx_it.o
 .debug_info    0x00004002      0x512 ./Core/Src/system_stm32f4xx.o
 .debug_info    0x00004514       0x30 ./Core/Startup/startup_stm32f407vgtx.o
 .debug_info    0x00004544      0x944 ./Drivers/STM32F4xx_HAL_Driver/Src/stm32f4xx_hal.o
 .debug_info    0x00004e88      0xd8c ./Drivers/STM32F4xx_HAL_Driver/Src/stm32f4xx_hal_cortex.o
 .debug_info    0x00005c14      0x8e7 ./Drivers/STM32F4xx_HAL_Driver/Src/stm32f4xx_hal_dma.o
 .debug_info    0x000064fb      0x6c3 ./Drivers/STM32F4xx_HAL_Driver/Src/stm32f4xx_hal_gpio.o
 .debug_info    0x00006bbe     0x2415 ./Drivers/STM32F4xx_HAL_Driver/Src/stm32f4xx_hal_i2c.o
 .debug_info    0x00008fd3      0xdf8 ./Drivers/STM32F4xx_HAL_Driver/Src/stm32f4xx_hal_i2s.o
 .debug_info    0x00009dcb      0xaa5 ./Drivers/STM32F4xx_HAL_Driver/Src/stm32f4xx_hal_i2s_ex.o
 .debug_info    0x0000a870     0x156f ./Drivers/STM32F4xx_HAL_Driver/Src/stm32f4xx_hal_pcd.o
 .debug_info    0x0000bddf      0x6ea ./Drivers/STM32F4xx_HAL_Driver/Src/stm32f4xx_hal_pcd_ex.o
 .debug_info    0x0000c4c9      0x8af ./Drivers/STM32F4xx_HAL_Driver/Src/stm32f4xx_hal_rcc.o
 .debug_info    0x0000cd78      0x536 ./Drivers/STM32F4xx_HAL_Driver/Src/stm32f4xx_hal_rcc_ex.o
 .debug_info    0x0000d2ae     0x1525 ./Drivers/STM32F4xx_HAL_Driver/Src/stm32f4xx_hal_spi.o
 .debug_info    0x0000e7d3     0x299d ./Drivers/STM32F4xx_HAL_Driver/Src/stm32f4xx_hal_tim.o
 .debug_info    0x00011170     0x14db ./Drivers/STM32F4xx_HAL_Driver/Src/stm32f4xx_hal_tim_ex.o
 .debug_info    0x0001264b     0x2f4f ./Drivers/STM32F4xx_HAL_Driver/Src/stm32f4xx_hal_uart.o
 .debug_info    0x0001559a     0x1993 ./Drivers/STM32F4xx_HAL_Driver/Src/stm32f4xx_ll_usb.o
 .debug_info    0x00016f2d     0x12a3 ./Middlewares/ST/STM32_USB_Device_Library/Class/CDC/Src/usbd_cdc.o
 .debug_info    0x000181d0      0xe05 ./Middlewares/ST/STM32_USB_Device_Library/Core/Src/usbd_core.o
 .debug_info    0x00018fd5      0xade ./Middlewares/ST/STM32_USB_Device_Library/Core/Src/usbd_ctlreq.o
 .debug_info    0x00019ab3      0x755 ./Middlewares/ST/STM32_USB_Device_Library/Core/Src/usbd_ioreq.o
 .debug_info    0x0001a208      0x701 ./USB_DEVICE/App/usb_device.o
 .debug_info    0x0001a909      0x8fa ./USB_DEVICE/App/usbd_cdc_if.o
 .debug_info    0x0001b203      0x458 ./USB_DEVICE/App/usbd_desc.o
 .debug_info    0x0001b65b     0x1c6b ./USB_DEVICE/Target/usbd_conf.o

.debug_abbrev   0x00000000     0x4277
 .debug_abbrev  0x00000000      0x310 ./Core/Src/main.o
 .debug_abbrev  0x00000310      0x267 ./Core/Src/stm32f4xx_hal_msp.o
 .debug_abbrev  0x00000577      0x1dc ./Core/Src/stm32f4xx_it.o
 .debug_abbrev  0x00000753      0x11a ./Core/Src/system_stm32f4xx.o
 .debug_abbrev  0x0000086d       0x24 ./Core/Startup/startup_stm32f407vgtx.o
 .debug_abbrev  0x00000891      0x214 ./Drivers/STM32F4xx_HAL_Driver/Src/stm32f4xx_hal.o
 .debug_abbrev  0x00000aa5      0x349 ./Drivers/STM32F4xx_HAL_Driver/Src/stm32f4xx_hal_cortex.o
 .debug_abbrev  0x00000dee      0x264 ./Drivers/STM32F4xx_HAL_Driver/Src/stm32f4xx_hal_dma.o
 .debug_abbrev  0x00001052      0x1d4 ./Drivers/STM32F4xx_HAL_Driver/Src/stm32f4xx_hal_gpio.o
 .debug_abbrev  0x00001226      0x2ad ./Drivers/STM32F4xx_HAL_Driver/Src/stm32f4xx_hal_i2c.o
 .debug_abbrev  0x000014d3      0x256 ./Drivers/STM32F4xx_HAL_Driver/Src/stm32f4xx_hal_i2s.o
 .debug_abbrev  0x00001729      0x275 ./Drivers/STM32F4xx_HAL_Driver/Src/stm32f4xx_hal_i2s_ex.o
 .debug_abbrev  0x0000199e      0x2b9 ./Drivers/STM32F4xx_HAL_Driver/Src/stm32f4xx_hal_pcd.o
 .debug_abbrev  0x00001c57      0x1da ./Drivers/STM32F4xx_HAL_Driver/Src/stm32f4xx_hal_pcd_ex.o
 .debug_abbrev  0x00001e31      0x2b7 ./Drivers/STM32F4xx_HAL_Driver/Src/stm32f4xx_hal_rcc.o
 .debug_abbrev  0x000020e8      0x1b0 ./Drivers/STM32F4xx_HAL_Driver/Src/stm32f4xx_hal_rcc_ex.o
 .debug_abbrev  0x00002298      0x27a ./Drivers/STM32F4xx_HAL_Driver/Src/stm32f4xx_hal_spi.o
 .debug_abbrev  0x00002512      0x278 ./Drivers/STM32F4xx_HAL_Driver/Src/stm32f4xx_hal_tim.o
 .debug_abbrev  0x0000278a      0x283 ./Drivers/STM32F4xx_HAL_Driver/Src/stm32f4xx_hal_tim_ex.o
 .debug_abbrev  0x00002a0d      0x30e ./Drivers/STM32F4xx_HAL_Driver/Src/stm32f4xx_hal_uart.o
 .debug_abbrev  0x00002d1b      0x2b3 ./Drivers/STM32F4xx_HAL_Driver/Src/stm32f4xx_ll_usb.o
 .debug_abbrev  0x00002fce      0x2d2 ./Middlewares/ST/STM32_USB_Device_Library/Class/CDC/Src/usbd_cdc.o
 .debug_abbrev  0x000032a0      0x27c ./Middlewares/ST/STM32_USB_Device_Library/Core/Src/usbd_core.o
 .debug_abbrev  0x0000351c      0x26f ./Middlewares/ST/STM32_USB_Device_Library/Core/Src/usbd_ctlreq.o
 .debug_abbrev  0x0000378b      0x19a ./Middlewares/ST/STM32_USB_Device_Library/Core/Src/usbd_ioreq.o
 .debug_abbrev  0x00003925      0x195 ./USB_DEVICE/App/usb_device.o
 .debug_abbrev  0x00003aba      0x29d ./USB_DEVICE/App/usbd_cdc_if.o
 .debug_abbrev  0x00003d57      0x1e1 ./USB_DEVICE/App/usbd_desc.o
 .debug_abbrev  0x00003f38      0x33f ./USB_DEVICE/Target/usbd_conf.o

.debug_aranges  0x00000000     0x1a58
 .debug_aranges
                0x00000000       0xc0 ./Core/Src/main.o
 .debug_aranges
                0x000000c0       0x78 ./Core/Src/stm32f4xx_hal_msp.o
 .debug_aranges
                0x00000138       0x70 ./Core/Src/stm32f4xx_it.o
 .debug_aranges
                0x000001a8       0x28 ./Core/Src/system_stm32f4xx.o
 .debug_aranges
                0x000001d0       0x28 ./Core/Startup/startup_stm32f407vgtx.o
 .debug_aranges
                0x000001f8       0xf0 ./Drivers/STM32F4xx_HAL_Driver/Src/stm32f4xx_hal.o
 .debug_aranges
                0x000002e8      0x130 ./Drivers/STM32F4xx_HAL_Driver/Src/stm32f4xx_hal_cortex.o
 .debug_aranges
                0x00000418       0x90 ./Drivers/STM32F4xx_HAL_Driver/Src/stm32f4xx_hal_dma.o
 .debug_aranges
                0x000004a8       0x58 ./Drivers/STM32F4xx_HAL_Driver/Src/stm32f4xx_hal_gpio.o
 .debug_aranges
                0x00000500      0x2a8 ./Drivers/STM32F4xx_HAL_Driver/Src/stm32f4xx_hal_i2c.o
 .debug_aranges
                0x000007a8      0x108 ./Drivers/STM32F4xx_HAL_Driver/Src/stm32f4xx_hal_i2s.o
 .debug_aranges
                0x000008b0       0x88 ./Drivers/STM32F4xx_HAL_Driver/Src/stm32f4xx_hal_i2s_ex.o
 .debug_aranges
                0x00000938      0x148 ./Drivers/STM32F4xx_HAL_Driver/Src/stm32f4xx_hal_pcd.o
 .debug_aranges
                0x00000a80       0x38 ./Drivers/STM32F4xx_HAL_Driver/Src/stm32f4xx_hal_pcd_ex.o
 .debug_aranges
                0x00000ab8       0x88 ./Drivers/STM32F4xx_HAL_Driver/Src/stm32f4xx_hal_rcc.o
 .debug_aranges
                0x00000b40       0x48 ./Drivers/STM32F4xx_HAL_Driver/Src/stm32f4xx_hal_rcc_ex.o
 .debug_aranges
                0x00000b88      0x1d0 ./Drivers/STM32F4xx_HAL_Driver/Src/stm32f4xx_hal_spi.o
 .debug_aranges
                0x00000d58      0x3d0 ./Drivers/STM32F4xx_HAL_Driver/Src/stm32f4xx_hal_tim.o
 .debug_aranges
                0x00001128      0x168 ./Drivers/STM32F4xx_HAL_Driver/Src/stm32f4xx_hal_tim_ex.o
 .debug_aranges
                0x00001290      0x208 ./Drivers/STM32F4xx_HAL_Driver/Src/stm32f4xx_hal_uart.o
 .debug_aranges
                0x00001498      0x1a0 ./Drivers/STM32F4xx_HAL_Driver/Src/stm32f4xx_ll_usb.o
 .debug_aranges
                0x00001638       0x90 ./Middlewares/ST/STM32_USB_Device_Library/Class/CDC/Src/usbd_cdc.o
 .debug_aranges
                0x000016c8       0xd8 ./Middlewares/ST/STM32_USB_Device_Library/Core/Src/usbd_core.o
 .debug_aranges
                0x000017a0       0x90 ./Middlewares/ST/STM32_USB_Device_Library/Core/Src/usbd_ctlreq.o
 .debug_aranges
                0x00001830       0x50 ./Middlewares/ST/STM32_USB_Device_Library/Core/Src/usbd_ioreq.o
 .debug_aranges
                0x00001880       0x20 ./USB_DEVICE/App/usb_device.o
 .debug_aranges
                0x000018a0       0x48 ./USB_DEVICE/App/usbd_cdc_if.o
 .debug_aranges
                0x000018e8       0x60 ./USB_DEVICE/App/usbd_desc.o
 .debug_aranges
                0x00001948      0x110 ./USB_DEVICE/Target/usbd_conf.o

.debug_rnglists
                0x00000000     0x148f
 .debug_rnglists
                0x00000000       0x95 ./Core/Src/main.o
 .debug_rnglists
                0x00000095       0x59 ./Core/Src/stm32f4xx_hal_msp.o
 .debug_rnglists
                0x000000ee       0x4f ./Core/Src/stm32f4xx_it.o
 .debug_rnglists
                0x0000013d       0x1a ./Core/Src/system_stm32f4xx.o
 .debug_rnglists
                0x00000157       0x19 ./Core/Startup/startup_stm32f407vgtx.o
 .debug_rnglists
                0x00000170       0xaf ./Drivers/STM32F4xx_HAL_Driver/Src/stm32f4xx_hal.o
 .debug_rnglists
                0x0000021f       0xe0 ./Drivers/STM32F4xx_HAL_Driver/Src/stm32f4xx_hal_cortex.o
 .debug_rnglists
                0x000002ff       0x70 ./Drivers/STM32F4xx_HAL_Driver/Src/stm32f4xx_hal_dma.o
 .debug_rnglists
                0x0000036f       0x3f ./Drivers/STM32F4xx_HAL_Driver/Src/stm32f4xx_hal_gpio.o
 .debug_rnglists
                0x000003ae      0x23c ./Drivers/STM32F4xx_HAL_Driver/Src/stm32f4xx_hal_i2c.o
 .debug_rnglists
                0x000005ea       0xcc ./Drivers/STM32F4xx_HAL_Driver/Src/stm32f4xx_hal_i2s.o
 .debug_rnglists
                0x000006b6       0x6a ./Drivers/STM32F4xx_HAL_Driver/Src/stm32f4xx_hal_i2s_ex.o
 .debug_rnglists
                0x00000720       0xfa ./Drivers/STM32F4xx_HAL_Driver/Src/stm32f4xx_hal_pcd.o
 .debug_rnglists
                0x0000081a       0x26 ./Drivers/STM32F4xx_HAL_Driver/Src/stm32f4xx_hal_pcd_ex.o
 .debug_rnglists
                0x00000840       0x66 ./Drivers/STM32F4xx_HAL_Driver/Src/stm32f4xx_hal_rcc.o
 .debug_rnglists
                0x000008a6       0x35 ./Drivers/STM32F4xx_HAL_Driver/Src/stm32f4xx_hal_rcc_ex.o
 .debug_rnglists
                0x000008db      0x16f ./Drivers/STM32F4xx_HAL_Driver/Src/stm32f4xx_hal_spi.o
 .debug_rnglists
                0x00000a4a      0x31a ./Drivers/STM32F4xx_HAL_Driver/Src/stm32f4xx_hal_tim.o
 .debug_rnglists
                0x00000d64      0x125 ./Drivers/STM32F4xx_HAL_Driver/Src/stm32f4xx_hal_tim_ex.o
 .debug_rnglists
                0x00000e89      0x1bc ./Drivers/STM32F4xx_HAL_Driver/Src/stm32f4xx_hal_uart.o
 .debug_rnglists
                0x00001045      0x147 ./Drivers/STM32F4xx_HAL_Driver/Src/stm32f4xx_ll_usb.o
 .debug_rnglists
                0x0000118c       0x6c ./Middlewares/ST/STM32_USB_Device_Library/Class/CDC/Src/usbd_cdc.o
 .debug_rnglists
                0x000011f8       0xa1 ./Middlewares/ST/STM32_USB_Device_Library/Core/Src/usbd_core.o
 .debug_rnglists
                0x00001299       0x6e ./Middlewares/ST/STM32_USB_Device_Library/Core/Src/usbd_ctlreq.o
 .debug_rnglists
                0x00001307       0x37 ./Middlewares/ST/STM32_USB_Device_Library/Core/Src/usbd_ioreq.o
 .debug_rnglists
                0x0000133e       0x13 ./USB_DEVICE/App/usb_device.o
 .debug_rnglists
                0x00001351       0x32 ./USB_DEVICE/App/usbd_cdc_if.o
 .debug_rnglists
                0x00001383       0x43 ./USB_DEVICE/App/usbd_desc.o
 .debug_rnglists
                0x000013c6       0xc9 ./USB_DEVICE/Target/usbd_conf.o

.debug_macro    0x00000000    0x2581c
 .debug_macro   0x00000000      0x440 ./Core/Src/main.o
 .debug_macro   0x00000440      0xad8 ./Core/Src/main.o
 .debug_macro   0x00000f18      0x2b3 ./Core/Src/main.o
 .debug_macro   0x000011cb       0x2e ./Core/Src/main.o
 .debug_macro   0x000011f9       0x2f ./Core/Src/main.o
 .debug_macro   0x00001228       0x22 ./Core/Src/main.o
 .debug_macro   0x0000124a       0x8e ./Core/Src/main.o
 .debug_macro   0x000012d8       0x51 ./Core/Src/main.o
 .debug_macro   0x00001329      0x103 ./Core/Src/main.o
 .debug_macro   0x0000142c       0x6a ./Core/Src/main.o
 .debug_macro   0x00001496      0x1df ./Core/Src/main.o
 .debug_macro   0x00001675       0x1c ./Core/Src/main.o
 .debug_macro   0x00001691       0x22 ./Core/Src/main.o
 .debug_macro   0x000016b3       0xfb ./Core/Src/main.o
 .debug_macro   0x000017ae     0x1011 ./Core/Src/main.o
 .debug_macro   0x000027bf      0x11f ./Core/Src/main.o
 .debug_macro   0x000028de    0x15e97 ./Core/Src/main.o
 .debug_macro   0x00018775       0x6d ./Core/Src/main.o
 .debug_macro   0x000187e2     0x369a ./Core/Src/main.o
 .debug_macro   0x0001be7c      0x190 ./Core/Src/main.o
 .debug_macro   0x0001c00c       0x5c ./Core/Src/main.o
 .debug_macro   0x0001c068      0x980 ./Core/Src/main.o
 .debug_macro   0x0001c9e8      0x9e9 ./Core/Src/main.o
 .debug_macro   0x0001d3d1      0x115 ./Core/Src/main.o
 .debug_macro   0x0001d4e6      0x13e ./Core/Src/main.o
 .debug_macro   0x0001d624       0xa5 ./Core/Src/main.o
 .debug_macro   0x0001d6c9      0x174 ./Core/Src/main.o
 .debug_macro   0x0001d83d      0x287 ./Core/Src/main.o
 .debug_macro   0x0001dac4       0x5f ./Core/Src/main.o
 .debug_macro   0x0001db23      0x236 ./Core/Src/main.o
 .debug_macro   0x0001dd59      0x12c ./Core/Src/main.o
 .debug_macro   0x0001de85      0x21e ./Core/Src/main.o
 .debug_macro   0x0001e0a3       0x2e ./Core/Src/main.o
 .debug_macro   0x0001e0d1      0x1b5 ./Core/Src/main.o
 .debug_macro   0x0001e286       0xd6 ./Core/Src/main.o
 .debug_macro   0x0001e35c      0x1a7 ./Core/Src/main.o
 .debug_macro   0x0001e503       0x46 ./Core/Src/main.o
 .debug_macro   0x0001e549       0x4a ./Core/Src/main.o
 .debug_macro   0x0001e593      0x127 ./Core/Src/main.o
 .debug_macro   0x0001e6ba       0x7e ./Core/Src/main.o
 .debug_macro   0x0001e738       0x89 ./Core/Src/main.o
 .debug_macro   0x0001e7c1      0x225 ./Core/Src/main.o
 .debug_macro   0x0001e9e6      0x8ed ./Core/Src/main.o
 .debug_macro   0x0001f2d3       0x4d ./Core/Src/main.o
 .debug_macro   0x0001f320      0x2aa ./Core/Src/main.o
 .debug_macro   0x0001f5ca      0x293 ./Core/Src/main.o
 .debug_macro   0x0001f85d       0xba ./Core/Src/main.o
 .debug_macro   0x0001f917      0x12d ./Core/Src/main.o
 .debug_macro   0x0001fa44      0x190 ./Core/Src/main.o
 .debug_macro   0x0001fbd4       0x61 ./Core/Src/main.o
 .debug_macro   0x0001fc35       0x2a ./Core/Src/main.o
 .debug_macro   0x0001fc5f       0x43 ./Core/Src/main.o
 .debug_macro   0x0001fca2       0x34 ./Core/Src/main.o
 .debug_macro   0x0001fcd6       0x16 ./Core/Src/main.o
 .debug_macro   0x0001fcec       0x3c ./Core/Src/main.o
 .debug_macro   0x0001fd28      0x370 ./Core/Src/main.o
 .debug_macro   0x00020098       0x10 ./Core/Src/main.o
 .debug_macro   0x000200a8       0x16 ./Core/Src/main.o
 .debug_macro   0x000200be       0x4a ./Core/Src/main.o
 .debug_macro   0x00020108       0x34 ./Core/Src/main.o
 .debug_macro   0x0002013c       0x10 ./Core/Src/main.o
 .debug_macro   0x0002014c       0x58 ./Core/Src/main.o
 .debug_macro   0x000201a4       0x8e ./Core/Src/main.o
 .debug_macro   0x00020232       0x1c ./Core/Src/main.o
 .debug_macro   0x0002024e      0x185 ./Core/Src/main.o
 .debug_macro   0x000203d3       0x16 ./Core/Src/main.o
 .debug_macro   0x000203e9       0x16 ./Core/Src/main.o
 .debug_macro   0x000203ff      0x146 ./Core/Src/main.o
 .debug_macro   0x00020545       0x16 ./Core/Src/main.o
 .debug_macro   0x0002055b       0x16 ./Core/Src/main.o
 .debug_macro   0x00020571       0x29 ./Core/Src/main.o
 .debug_macro   0x0002059a       0x16 ./Core/Src/main.o
 .debug_macro   0x000205b0       0x20 ./Core/Src/main.o
 .debug_macro   0x000205d0       0x65 ./Core/Src/main.o
 .debug_macro   0x00020635      0x20f ./Core/Src/main.o
 .debug_macro   0x00020844       0x95 ./Core/Src/main.o
 .debug_macro   0x000208d9       0x10 ./Core/Src/main.o
 .debug_macro   0x000208e9      0x23e ./Core/Src/stm32f4xx_hal_msp.o
 .debug_macro   0x00020b27      0x248 ./Core/Src/stm32f4xx_it.o
 .debug_macro   0x00020d6f      0x22f ./Core/Src/system_stm32f4xx.o
 .debug_macro   0x00020f9e      0x28f ./Drivers/STM32F4xx_HAL_Driver/Src/stm32f4xx_hal.o