Archive member included to satisfy reference by file (symbol)

C:/WORK/ST/STM32CubeIDE_1.18.0/STM32CubeIDE/plugins/com.st.stm32cube.ide.mcu.externaltools.gnu-tools-for-stm32.13.3.rel1.win32_1.0.0.202411081344/tools/bin/../lib/gcc/arm-none-eabi/13.3.1/../../../../arm-none-eabi/lib/thumb/v7e-m+fp/hard\libc_nano.a(libc_a-exit.o)
                              C:/WORK/ST/STM32CubeIDE_1.18.0/STM32CubeIDE/plugins/com.st.stm32cube.ide.mcu.externaltools.gnu-tools-for-stm32.13.3.rel1.win32_1.0.0.202411081344/tools/bin/../lib/gcc/arm-none-eabi/13.3.1/../../../../arm-none-eabi/lib/thumb/v7e-m+fp/hard/crt0.o (exit)
C:/WORK/ST/STM32CubeIDE_1.18.0/STM32CubeIDE/plugins/com.st.stm32cube.ide.mcu.externaltools.gnu-tools-for-stm32.13.3.rel1.win32_1.0.0.202411081344/tools/bin/../lib/gcc/arm-none-eabi/13.3.1/../../../../arm-none-eabi/lib/thumb/v7e-m+fp/hard\libc_nano.a(libc_a-malloc.o)
                              ./Middlewares/USB_Host_Library/usbh_cdc.o (malloc)
C:/WORK/ST/STM32CubeIDE_1.18.0/STM32CubeIDE/plugins/com.st.stm32cube.ide.mcu.externaltools.gnu-tools-for-stm32.13.3.rel1.win32_1.0.0.202411081344/tools/bin/../lib/gcc/arm-none-eabi/13.3.1/../../../../arm-none-eabi/lib/thumb/v7e-m+fp/hard\libc_nano.a(libc_a-mallocr.o)
                              C:/WORK/ST/STM32CubeIDE_1.18.0/STM32CubeIDE/plugins/com.st.stm32cube.ide.mcu.externaltools.gnu-tools-for-stm32.13.3.rel1.win32_1.0.0.202411081344/tools/bin/../lib/gcc/arm-none-eabi/13.3.1/../../../../arm-none-eabi/lib/thumb/v7e-m+fp/hard\libc_nano.a(libc_a-malloc.o) (_malloc_r)
C:/WORK/ST/STM32CubeIDE_1.18.0/STM32CubeIDE/plugins/com.st.stm32cube.ide.mcu.externaltools.gnu-tools-for-stm32.13.3.rel1.win32_1.0.0.202411081344/tools/bin/../lib/gcc/arm-none-eabi/13.3.1/../../../../arm-none-eabi/lib/thumb/v7e-m+fp/hard\libc_nano.a(libc_a-mlock.o)
                              C:/WORK/ST/STM32CubeIDE_1.18.0/STM32CubeIDE/plugins/com.st.stm32cube.ide.mcu.externaltools.gnu-tools-for-stm32.13.3.rel1.win32_1.0.0.202411081344/tools/bin/../lib/gcc/arm-none-eabi/13.3.1/../../../../arm-none-eabi/lib/thumb/v7e-m+fp/hard\libc_nano.a(libc_a-mallocr.o) (__malloc_lock)
C:/WORK/ST/STM32CubeIDE_1.18.0/STM32CubeIDE/plugins/com.st.stm32cube.ide.mcu.externaltools.gnu-tools-for-stm32.13.3.rel1.win32_1.0.0.202411081344/tools/bin/../lib/gcc/arm-none-eabi/13.3.1/../../../../arm-none-eabi/lib/thumb/v7e-m+fp/hard\libc_nano.a(libc_a-findfp.o)
                              C:/WORK/ST/STM32CubeIDE_1.18.0/STM32CubeIDE/plugins/com.st.stm32cube.ide.mcu.externaltools.gnu-tools-for-stm32.13.3.rel1.win32_1.0.0.202411081344/tools/bin/../lib/gcc/arm-none-eabi/13.3.1/../../../../arm-none-eabi/lib/thumb/v7e-m+fp/hard\libc_nano.a(libc_a-exit.o) (__stdio_exit_handler)
C:/WORK/ST/STM32CubeIDE_1.18.0/STM32CubeIDE/plugins/com.st.stm32cube.ide.mcu.externaltools.gnu-tools-for-stm32.13.3.rel1.win32_1.0.0.202411081344/tools/bin/../lib/gcc/arm-none-eabi/13.3.1/../../../../arm-none-eabi/lib/thumb/v7e-m+fp/hard\libc_nano.a(libc_a-fwalk.o)
                              C:/WORK/ST/STM32CubeIDE_1.18.0/STM32CubeIDE/plugins/com.st.stm32cube.ide.mcu.externaltools.gnu-tools-for-stm32.13.3.rel1.win32_1.0.0.202411081344/tools/bin/../lib/gcc/arm-none-eabi/13.3.1/../../../../arm-none-eabi/lib/thumb/v7e-m+fp/hard\libc_nano.a(libc_a-findfp.o) (_fwalk_sglue)
C:/WORK/ST/STM32CubeIDE_1.18.0/STM32CubeIDE/plugins/com.st.stm32cube.ide.mcu.externaltools.gnu-tools-for-stm32.13.3.rel1.win32_1.0.0.202411081344/tools/bin/../lib/gcc/arm-none-eabi/13.3.1/../../../../arm-none-eabi/lib/thumb/v7e-m+fp/hard\libc_nano.a(libc_a-stdio.o)
                              C:/WORK/ST/STM32CubeIDE_1.18.0/STM32CubeIDE/plugins/com.st.stm32cube.ide.mcu.externaltools.gnu-tools-for-stm32.13.3.rel1.win32_1.0.0.202411081344/tools/bin/../lib/gcc/arm-none-eabi/13.3.1/../../../../arm-none-eabi/lib/thumb/v7e-m+fp/hard\libc_nano.a(libc_a-findfp.o) (__sread)
C:/WORK/ST/STM32CubeIDE_1.18.0/STM32CubeIDE/plugins/com.st.stm32cube.ide.mcu.externaltools.gnu-tools-for-stm32.13.3.rel1.win32_1.0.0.202411081344/tools/bin/../lib/gcc/arm-none-eabi/13.3.1/../../../../arm-none-eabi/lib/thumb/v7e-m+fp/hard\libc_nano.a(libc_a-memset.o)
                              C:/WORK/ST/STM32CubeIDE_1.18.0/STM32CubeIDE/plugins/com.st.stm32cube.ide.mcu.externaltools.gnu-tools-for-stm32.13.3.rel1.win32_1.0.0.202411081344/tools/bin/../lib/gcc/arm-none-eabi/13.3.1/../../../../arm-none-eabi/lib/thumb/v7e-m+fp/hard/crt0.o (memset)
C:/WORK/ST/STM32CubeIDE_1.18.0/STM32CubeIDE/plugins/com.st.stm32cube.ide.mcu.externaltools.gnu-tools-for-stm32.13.3.rel1.win32_1.0.0.202411081344/tools/bin/../lib/gcc/arm-none-eabi/13.3.1/../../../../arm-none-eabi/lib/thumb/v7e-m+fp/hard\libc_nano.a(libc_a-closer.o)
                              C:/WORK/ST/STM32CubeIDE_1.18.0/STM32CubeIDE/plugins/com.st.stm32cube.ide.mcu.externaltools.gnu-tools-for-stm32.13.3.rel1.win32_1.0.0.202411081344/tools/bin/../lib/gcc/arm-none-eabi/13.3.1/../../../../arm-none-eabi/lib/thumb/v7e-m+fp/hard\libc_nano.a(libc_a-stdio.o) (_close_r)
[...]
Memory Configuration

Name             Origin             Length             Attributes
CCMRAM           0x10000000         0x00010000         xrw
RAM              0x20000000         0x00020000         xrw
FLASH            0x08000000         0x00100000         xr
*default*        0x00000000         0xffffffff

Linker script and memory map

LOAD C:/WORK/ST/STM32CubeIDE_1.18.0/STM32CubeIDE/plugins/com.st.stm32cube.ide.mcu.externaltools.gnu-tools-for-stm32.13.3.rel1.win32_1.0.0.202411081344/tools/bin/../lib/gcc/arm-none-eabi/13.3.1/thumb/v7e-m+fp/hard/crti.o
LOAD C:/WORK/ST/STM32CubeIDE_1.18.0/STM32CubeIDE/plugins/com.st.stm32cube.ide.mcu.externaltools.gnu-tools-for-stm32.13.3.rel1.win32_1.0.0.202411081344/tools/bin/../lib/gcc/arm-none-eabi/13.3.1/thumb/v7e-m+fp/hard/crtbegin.o
LOAD C:/WORK/ST/STM32CubeIDE_1.18.0/STM32CubeIDE/plugins/com.st.stm32cube.ide.mcu.externaltools.gnu-tools-for-stm32.13.3.rel1.win32_1.0.0.202411081344/tools/bin/../lib/gcc/arm-none-eabi/13.3.1/../../../../arm-none-eabi/lib/thumb/v7e-m+fp/hard/crt0.o
LOAD ./Core/Src/main.o
LOAD ./Core/Src/stm32f4xx_hal_msp.o
LOAD ./Core/Src/stm32f4xx_it.o
LOAD ./Core/Src/syscalls.o
LOAD ./Core/Src/sysmem.o
LOAD ./Core/Src/system_stm32f4xx.o
LOAD ./Core/Startup/startup_stm32f407vgtx.o
LOAD ./Drivers/STM32F4xx_HAL_Driver/stm32f4xx_hal.o
LOAD ./Drivers/STM32F4xx_HAL_Driver/stm32f4xx_hal_cortex.o
LOAD ./Drivers/STM32F4xx_HAL_Driver/stm32f4xx_hal_dma.o
LOAD ./Drivers/STM32F4xx_HAL_Driver/stm32f4xx_hal_dma_ex.o
LOAD ./Drivers/STM32F4xx_HAL_Driver/stm32f4xx_hal_exti.o
LOAD ./Drivers/STM32F4xx_HAL_Driver/stm32f4xx_hal_flash.o
LOAD ./Drivers/STM32F4xx_HAL_Driver/stm32f4xx_hal_flash_ex.o
LOAD ./Drivers/STM32F4xx_HAL_Driver/stm32f4xx_hal_flash_ramfunc.o
LOAD ./Drivers/STM32F4xx_HAL_Driver/stm32f4xx_hal_gpio.o
LOAD ./Drivers/STM32F4xx_HAL_Driver/stm32f4xx_hal_hcd.o
LOAD ./Drivers/STM32F4xx_HAL_Driver/stm32f4xx_hal_i2c.o
LOAD ./Drivers/STM32F4xx_HAL_Driver/stm32f4xx_hal_i2c_ex.o
LOAD ./Drivers/STM32F4xx_HAL_Driver/stm32f4xx_hal_i2s.o
LOAD ./Drivers/STM32F4xx_HAL_Driver/stm32f4xx_hal_i2s_ex.o
LOAD ./Drivers/STM32F4xx_HAL_Driver/stm32f4xx_hal_pwr.o
LOAD ./Drivers/STM32F4xx_HAL_Driver/stm32f4xx_hal_pwr_ex.o
LOAD ./Drivers/STM32F4xx_HAL_Driver/stm32f4xx_hal_rcc.o
LOAD ./Drivers/STM32F4xx_HAL_Driver/stm32f4xx_hal_rcc_ex.o
LOAD ./Drivers/STM32F4xx_HAL_Driver/stm32f4xx_hal_spi.o
LOAD ./Drivers/STM32F4xx_HAL_Driver/stm32f4xx_ll_usb.o
LOAD ./Middlewares/USB_Host_Library/usbh_cdc.o
LOAD ./Middlewares/USB_Host_Library/usbh_core.o
LOAD ./Middlewares/USB_Host_Library/usbh_ctlreq.o
LOAD ./Middlewares/USB_Host_Library/usbh_ioreq.o
LOAD ./Middlewares/USB_Host_Library/usbh_pipes.o
LOAD ./USB_HOST/App/usb_host.o
LOAD ./USB_HOST/Target/usbh_conf.o
LOAD ./USB_HOST/Target/usbh_platform.o
START GROUP
LOAD C:/WORK/ST/STM32CubeIDE_1.18.0/STM32CubeIDE/plugins/com.st.stm32cube.ide.mcu.externaltools.gnu-tools-for-stm32.13.3.rel1.win32_1.0.0.202411081344/tools/bin/../lib/gcc/arm-none-eabi/13.3.1/../../../../arm-none-eabi/lib/thumb/v7e-m+fp/hard\libc_nano.a
LOAD C:/WORK/ST/STM32CubeIDE_1.18.0/STM32CubeIDE/plugins/com.st.stm32cube.ide.mcu.externaltools.gnu-tools-for-stm32.13.3.rel1.win32_1.0.0.202411081344/tools/bin/../lib/gcc/arm-none-eabi/13.3.1/../../../../arm-none-eabi/lib/thumb/v7e-m+fp/hard\libm.a
END GROUP
START GROUP
LOAD C:/WORK/ST/STM32CubeIDE_1.18.0/STM32CubeIDE/plugins/com.st.stm32cube.ide.mcu.externaltools.gnu-tools-for-stm32.13.3.rel1.win32_1.0.0.202411081344/tools/bin/../lib/gcc/arm-none-eabi/13.3.1/thumb/v7e-m+fp/hard\libgcc.a
LOAD C:/WORK/ST/STM32CubeIDE_1.18.0/STM32CubeIDE/plugins/com.st.stm32cube.ide.mcu.externaltools.gnu-tools-for-stm32.13.3.rel1.win32_1.0.0.202411081344/tools/bin/../lib/gcc/arm-none-eabi/13.3.1/../../../../arm-none-eabi/lib/thumb/v7e-m+fp/hard\libc_nano.a
END GROUP
START GROUP
LOAD C:/WORK/ST/STM32CubeIDE_1.18.0/STM32CubeIDE/plugins/com.st.stm32cube.ide.mcu.externaltools.gnu-tools-for-stm32.13.3.rel1.win32_1.0.0.202411081344/tools/bin/../lib/gcc/arm-none-eabi/13.3.1/thumb/v7e-m+fp/hard\libgcc.a
LOAD C:/WORK/ST/STM32CubeIDE_1.18.0/STM32CubeIDE/plugins/com.st.stm32cube.ide.mcu.externaltools.gnu-tools-for-stm32.13.3.rel1.win32_1.0.0.202411081344/tools/bin/../lib/gcc/arm-none-eabi/13.3.1/../../../../arm-none-eabi/lib/thumb/v7e-m+fp/hard\libc_nano.a
LOAD C:/WORK/ST/STM32CubeIDE_1.18.0/STM32CubeIDE/plugins/com.st.stm32cube.ide.mcu.externaltools.gnu-tools-for-stm32.13.3.rel1.win32_1.0.0.202411081344/tools/bin/../lib/gcc/arm-none-eabi/13.3.1/../../../../arm-none-eabi/lib/thumb/v7e-m+fp/hard\libnosys.a
END GROUP
START GROUP
LOAD C:/WORK/ST/STM32CubeIDE_1.18.0/STM32CubeIDE/plugins/com.st.stm32cube.ide.mcu.externaltools.gnu-tools-for-stm32.13.3.rel1.win32_1.0.0.202411081344/tools/bin/../lib/gcc/arm-none-eabi/13.3.1/thumb/v7e-m+fp/hard\libgcc.a
LOAD C:/WORK/ST/STM32CubeIDE_1.18.0/STM32CubeIDE/plugins/com.st.stm32cube.ide.mcu.externaltools.gnu-tools-for-stm32.13.3.rel1.win32_1.0.0.202411081344/tools/bin/../lib/gcc/arm-none-eabi/13.3.1/../../../../arm-none-eabi/lib/thumb/v7e-m+fp/hard\libc_nano.a
LOAD C:/WORK/ST/STM32CubeIDE_1.18.0/STM32CubeIDE/plugins/com.st.stm32cube.ide.mcu.externaltools.gnu-tools-for-stm32.13.3.rel1.win32_1.0.0.202411081344/tools/bin/../lib/gcc/arm-none-eabi/13.3.1/../../../../arm-none-eabi/lib/thumb/v7e-m+fp/hard\libnosys.a
END GROUP
LOAD C:/WORK/ST/STM32CubeIDE_1.18.0/STM32CubeIDE/plugins/com.st.stm32cube.ide.mcu.externaltools.gnu-tools-for-stm32.13.3.rel1.win32_1.0.0.202411081344/tools/bin/../lib/gcc/arm-none-eabi/13.3.1/thumb/v7e-m+fp/hard/crtend.o
LOAD C:/WORK/ST/STM32CubeIDE_1.18.0/STM32CubeIDE/plugins/com.st.stm32cube.ide.mcu.externaltools.gnu-tools-for-stm32.13.3.rel1.win32_1.0.0.202411081344/tools/bin/../lib/gcc/arm-none-eabi/13.3.1/thumb/v7e-m+fp/hard/crtn.o
                0x20020000                        _estack = (ORIGIN (RAM) + LENGTH (RAM))
                0x00000200                        _Min_Heap_Size = 0x200
                0x00000400                        _Min_Stack_Size = 0x400

.isr_vector     0x08000000      0x188
                0x08000000                        . = ALIGN (0x4)
 *(.isr_vector)
 .isr_vector    0x08000000      0x188 ./Core/Startup/startup_stm32f407vgtx.o
                0x08000000                g_pfnVectors
                0x08000188                        . = ALIGN (0x4)

.text           0x08000188     0x89d0
                0x08000188                        . = ALIGN (0x4)
 *(.text)
 .text          0x08000188       0x40 C:/WORK/ST/STM32CubeIDE_1.18.0/STM32CubeIDE/plugins/com.st.stm32cube.ide.mcu.externaltools.gnu-tools-for-stm32.13.3.rel1.win32_1.0.0.202411081344/tools/bin/../lib/gcc/arm-none-eabi/13.3.1/thumb/v7e-m+fp/hard/crtbegin.o
 .text          0x080001c8       0x30 C:/WORK/ST/STM32CubeIDE_1.18.0/STM32CubeIDE/plugins/com.st.stm32cube.ide.mcu.externaltools.gnu-tools-for-stm32.13.3.rel1.win32_1.0.0.202411081344/tools/bin/../lib/gcc/arm-none-eabi/13.3.1/thumb/v7e-m+fp/hard\libgcc.a(_aeabi_uldivmod.o)
                0x080001c8                __aeabi_uldivmod
 .text          0x080001f8      0x2f8 C:/WORK/ST/STM32CubeIDE_1.18.0/STM32CubeIDE/plugins/com.st.stm32cube.ide.mcu.externaltools.gnu-tools-for-stm32.13.3.rel1.win32_1.0.0.202411081344/tools/bin/../lib/gcc/arm-none-eabi/13.3.1/thumb/v7e-m+fp/hard\libgcc.a(_udivmoddi4.o)
                0x080001f8                __udivmoddi4
 .text          0x080004f0        0x4 C:/WORK/ST/STM32CubeIDE_1.18.0/STM32CubeIDE/plugins/com.st.stm32cube.ide.mcu.externaltools.gnu-tools-for-stm32.13.3.rel1.win32_1.0.0.202411081344/tools/bin/../lib/gcc/arm-none-eabi/13.3.1/thumb/v7e-m+fp/hard\libgcc.a(_dvmd_tls.o)
                0x080004f0                __aeabi_idiv0
                0x080004f0                __aeabi_ldiv0
 *(.text*)
 .text.main     0x080004f4       0x3c ./Core/Src/main.o
                0x080004f4                main
 .text.SystemClock_Config
                0x08000530       0xd4 ./Core/Src/main.o
                0x08000530                SystemClock_Config
 .text.MX_I2C1_Init
                0x08000604       0x5c ./Core/Src/main.o
 .text.MX_I2S3_Init
                0x08000660       0x60 ./Core/Src/main.o
 .text.MX_SPI1_Init
                0x080006c0       0x6c ./Core/Src/main.o
 .text.MX_GPIO_Init
                0x0800072c      0x1fc ./Core/Src/main.o
 .text.Error_Handler
                0x08000928        0xc ./Core/Src/main.o
                0x08000928                Error_Handler
 .text.HAL_MspInit
                0x08000934       0x50 ./Core/Src/stm32f4xx_hal_msp.o
                0x08000934                HAL_MspInit
 .text.HAL_I2C_MspInit
                0x08000984       0x90 ./Core/Src/stm32f4xx_hal_msp.o
                0x08000984                HAL_I2C_MspInit
 .text.HAL_I2S_MspInit
                0x08000a14      0x100 ./Core/Src/stm32f4xx_hal_msp.o
                0x08000a14                HAL_I2S_MspInit
 .text.HAL_SPI_MspInit
                0x08000b14       0x90 ./Core/Src/stm32f4xx_hal_msp.o
                0x08000b14                HAL_SPI_MspInit
 .text.NMI_Handler
                0x08000ba4        0x8 ./Core/Src/stm32f4xx_it.o
                0x08000ba4                NMI_Handler
 .text.HardFault_Handler
                0x08000bac        0x8 ./Core/Src/stm32f4xx_it.o
                0x08000bac                HardFault_Handler
 .text.MemManage_Handler
                0x08000bb4        0x8 ./Core/Src/stm32f4xx_it.o
                0x08000bb4                MemManage_Handler
 .text.BusFault_Handler
                0x08000bbc        0x8 ./Core/Src/stm32f4xx_it.o
                0x08000bbc                BusFault_Handler
 .text.UsageFault_Handler
                0x08000bc4        0x8 ./Core/Src/stm32f4xx_it.o
                0x08000bc4                UsageFault_Handler
 .text.SVC_Handler
                0x08000bcc        0xe ./Core/Src/stm32f4xx_it.o
                0x08000bcc                SVC_Handler
 .text.DebugMon_Handler
                0x08000bda        0xe ./Core/Src/stm32f4xx_it.o
                0x08000bda                DebugMon_Handler
 .text.PendSV_Handler
                0x08000be8        0xe ./Core/Src/stm32f4xx_it.o
                0x08000be8                PendSV_Handler
 .text.SysTick_Handler
                0x08000bf6        0xc ./Core/Src/stm32f4xx_it.o
                0x08000bf6                SysTick_Handler
 *fill*         0x08000c02        0x2 
 .text.OTG_FS_IRQHandler
                0x08000c04       0x14 ./Core/Src/stm32f4xx_it.o
                0x08000c04                OTG_FS_IRQHandler
 .text._sbrk    0x08000c18       0x6c ./Core/Src/sysmem.o
                0x08000c18                _sbrk
 .text.SystemInit
                0x08000c84       0x24 ./Core/Src/system_stm32f4xx.o
                0x08000c84                SystemInit
 .text.Reset_Handler
                0x08000ca8       0x50 ./Core/Startup/startup_stm32f407vgtx.o
                0x08000ca8                Reset_Handler
 .text.Default_Handler
                0x08000cf8        0x2 ./Core/Startup/startup_stm32f407vgtx.o
                0x08000cf8                RTC_Alarm_IRQHandler
                0x08000cf8                HASH_RNG_IRQHandler
                0x08000cf8                EXTI2_IRQHandler
                0x08000cf8                TIM8_CC_IRQHandler
                0x08000cf8                TIM1_CC_IRQHandler
                0x08000cf8                DMA2_Stream5_IRQHandler
                0x08000cf8                DMA1_Stream5_IRQHandler
                0x08000cf8                PVD_IRQHandler
                0x08000cf8                SDIO_IRQHandler
                0x08000cf8                TAMP_STAMP_IRQHandler
                0x08000cf8                CAN2_RX1_IRQHandler
                0x08000cf8                EXTI3_IRQHandler
                0x08000cf8                TIM8_TRG_COM_TIM14_IRQHandler
                0x08000cf8                TIM1_UP_TIM10_IRQHandler
                0x08000cf8                TIM8_UP_TIM13_IRQHandler
                0x08000cf8                I2C3_ER_IRQHandler
                0x08000cf8                EXTI0_IRQHandler
                0x08000cf8                I2C2_EV_IRQHandler
                0x08000cf8                DMA1_Stream2_IRQHandler
                0x08000cf8                CAN1_RX0_IRQHandler
                0x08000cf8                FPU_IRQHandler
                0x08000cf8                OTG_HS_WKUP_IRQHandler
                0x08000cf8                CAN2_SCE_IRQHandler
                0x08000cf8                DMA2_Stream2_IRQHandler
                0x08000cf8                SPI1_IRQHandler
                0x08000cf8                TIM6_DAC_IRQHandler
                0x08000cf8                TIM1_BRK_TIM9_IRQHandler
                0x08000cf8                DCMI_IRQHandler
                0x08000cf8                CAN2_RX0_IRQHandler
                0x08000cf8                DMA2_Stream3_IRQHandler
                0x08000cf8                USART6_IRQHandler
                0x08000cf8                USART3_IRQHandler
                0x08000cf8                CAN1_RX1_IRQHandler
                0x08000cf8                UART5_IRQHandler
                0x08000cf8                DMA2_Stream0_IRQHandler
                0x08000cf8                TIM4_IRQHandler
                0x08000cf8                I2C1_EV_IRQHandler
                0x08000cf8                DMA1_Stream6_IRQHandler
                0x08000cf8                DMA1_Stream1_IRQHandler
                0x08000cf8                UART4_IRQHandler
                0x08000cf8                TIM3_IRQHandler
                0x08000cf8                RCC_IRQHandler
                0x08000cf8                TIM8_BRK_TIM12_IRQHandler
                0x08000cf8                Default_Handler
                0x08000cf8                EXTI15_10_IRQHandler
                0x08000cf8                ADC_IRQHandler
                0x08000cf8                DMA1_Stream7_IRQHandler
                0x08000cf8                TIM7_IRQHandler
                0x08000cf8                CAN2_TX_IRQHandler
                0x08000cf8                TIM5_IRQHandler
                0x08000cf8                DMA2_Stream7_IRQHandler
                0x08000cf8                I2C3_EV_IRQHandler
                0x08000cf8                EXTI9_5_IRQHandler
                0x08000cf8                RTC_WKUP_IRQHandler
                0x08000cf8                ETH_WKUP_IRQHandler
                0x08000cf8                SPI2_IRQHandler
                0x08000cf8                OTG_HS_EP1_IN_IRQHandler
                0x08000cf8                DMA1_Stream0_IRQHandler
                0x08000cf8                CAN1_TX_IRQHandler
                0x08000cf8                EXTI4_IRQHandler
                0x08000cf8                FSMC_IRQHandler
                0x08000cf8                ETH_IRQHandler
                0x08000cf8                OTG_HS_EP1_OUT_IRQHandler
                0x08000cf8                WWDG_IRQHandler
                0x08000cf8                TIM2_IRQHandler
                0x08000cf8                OTG_FS_WKUP_IRQHandler
                0x08000cf8                TIM1_TRG_COM_TIM11_IRQHandler
                0x08000cf8                OTG_HS_IRQHandler
                0x08000cf8                EXTI1_IRQHandler
                0x08000cf8                USART2_IRQHandler
                0x08000cf8                I2C2_ER_IRQHandler
                0x08000cf8                DMA2_Stream1_IRQHandler
                0x08000cf8                CAN1_SCE_IRQHandler
                0x08000cf8                FLASH_IRQHandler
                0x08000cf8                DMA2_Stream4_IRQHandler
                0x08000cf8                USART1_IRQHandler
                0x08000cf8                SPI3_IRQHandler
                0x08000cf8                DMA1_Stream4_IRQHandler
                0x08000cf8                I2C1_ER_IRQHandler
                0x08000cf8                DMA2_Stream6_IRQHandler
                0x08000cf8                DMA1_Stream3_IRQHandler
 *fill*         0x08000cfa        0x2 
 .text.HAL_Init
                0x08000cfc       0x44 ./Drivers/STM32F4xx_HAL_Driver/stm32f4xx_hal.o
                0x08000cfc                HAL_Init
 .text.HAL_InitTick
                0x08000d40       0x60 ./Drivers/STM32F4xx_HAL_Driver/stm32f4xx_hal.o
                0x08000d40                HAL_InitTick
 .text.HAL_IncTick
                0x08000da0       0x28 ./Drivers/STM32F4xx_HAL_Driver/stm32f4xx_hal.o
                0x08000da0                HAL_IncTick
 .text.HAL_GetTick
                0x08000dc8       0x18 ./Drivers/STM32F4xx_HAL_Driver/stm32f4xx_hal.o
                0x08000dc8                HAL_GetTick
 .text.HAL_Delay
                0x08000de0       0x48 ./Drivers/STM32F4xx_HAL_Driver/stm32f4xx_hal.o
                0x08000de0                HAL_Delay
 .text.__NVIC_SetPriorityGrouping
                0x08000e28       0x48 ./Drivers/STM32F4xx_HAL_Driver/stm32f4xx_hal_cortex.o
 .text.__NVIC_GetPriorityGrouping
                0x08000e70       0x1c ./Drivers/STM32F4xx_HAL_Driver/stm32f4xx_hal_cortex.o
 .text.__NVIC_EnableIRQ
                0x08000e8c       0x3c ./Drivers/STM32F4xx_HAL_Driver/stm32f4xx_hal_cortex.o
 .text.__NVIC_SetPriority
                0x08000ec8       0x54 ./Drivers/STM32F4xx_HAL_Driver/stm32f4xx_hal_cortex.o
 .text.NVIC_EncodePriority
                0x08000f1c       0x66 ./Drivers/STM32F4xx_HAL_Driver/stm32f4xx_hal_cortex.o
 *fill*         0x08000f82        0x2 
 .text.SysTick_Config
                0x08000f84       0x44 ./Drivers/STM32F4xx_HAL_Driver/stm32f4xx_hal_cortex.o
 .text.HAL_NVIC_SetPriorityGrouping
                0x08000fc8       0x16 ./Drivers/STM32F4xx_HAL_Driver/stm32f4xx_hal_cortex.o
                0x08000fc8                HAL_NVIC_SetPriorityGrouping
 .text.HAL_NVIC_SetPriority
                0x08000fde       0x38 ./Drivers/STM32F4xx_HAL_Driver/stm32f4xx_hal_cortex.o
                0x08000fde                HAL_NVIC_SetPriority
 .text.HAL_NVIC_EnableIRQ
                0x08001016       0x1c ./Drivers/STM32F4xx_HAL_Driver/stm32f4xx_hal_cortex.o
                0x08001016                HAL_NVIC_EnableIRQ
 .text.HAL_SYSTICK_Config
                0x08001032       0x18 ./Drivers/STM32F4xx_HAL_Driver/stm32f4xx_hal_cortex.o
                0x08001032                HAL_SYSTICK_Config
 *fill*         0x0800104a        0x2 
 .text.HAL_GPIO_Init
                0x0800104c      0x338 ./Drivers/STM32F4xx_HAL_Driver/stm32f4xx_hal_gpio.o
                0x0800104c                HAL_GPIO_Init
 .text.HAL_GPIO_WritePin
                0x08001384       0x32 ./Drivers/STM32F4xx_HAL_Driver/stm32f4xx_hal_gpio.o
                0x08001384                HAL_GPIO_WritePin
 .text.HAL_GPIO_TogglePin
                0x080013b6       0x34 ./Drivers/STM32F4xx_HAL_Driver/stm32f4xx_hal_gpio.o
                0x080013b6                HAL_GPIO_TogglePin
 .text.HAL_HCD_Init
                0x080013ea       0xce ./Drivers/STM32F4xx_HAL_Driver/stm32f4xx_hal_hcd.o
                0x080013ea                HAL_HCD_Init
 .text.HAL_HCD_HC_Init
                0x080014b8      0x170 ./Drivers/STM32F4xx_HAL_Driver/stm32f4xx_hal_hcd.o
                0x080014b8                HAL_HCD_HC_Init
 .text.HAL_HCD_HC_Halt
                0x08001628       0x46 ./Drivers/STM32F4xx_HAL_Driver/stm32f4xx_hal_hcd.o
                0x08001628                HAL_HCD_HC_Halt
 *fill*         0x0800166e        0x2 
 .text.HAL_HCD_HC_SubmitRequest
                0x08001670      0x33c ./Drivers/STM32F4xx_HAL_Driver/stm32f4xx_hal_hcd.o
                0x08001670                HAL_HCD_HC_SubmitRequest
 .text.HAL_HCD_IRQHandler
                0x080019ac      0x220 ./Drivers/STM32F4xx_HAL_Driver/stm32f4xx_hal_hcd.o
                0x080019ac                HAL_HCD_IRQHandler
 .text.HAL_HCD_Start
                0x08001bcc       0x46 ./Drivers/STM32F4xx_HAL_Driver/stm32f4xx_hal_hcd.o
                0x08001bcc                HAL_HCD_Start
 .text.HAL_HCD_Stop
                0x08001c12       0x3a ./Drivers/STM32F4xx_HAL_Driver/stm32f4xx_hal_hcd.o
                0x08001c12                HAL_HCD_Stop
 .text.HAL_HCD_ResetPort
                0x08001c4c       0x1c ./Drivers/STM32F4xx_HAL_Driver/stm32f4xx_hal_hcd.o
                0x08001c4c                HAL_HCD_ResetPort
 .text.HAL_HCD_HC_GetURBState
                0x08001c68       0x2a ./Drivers/STM32F4xx_HAL_Driver/stm32f4xx_hal_hcd.o
                0x08001c68                HAL_HCD_HC_GetURBState
 .text.HAL_HCD_HC_GetXferCount
                0x08001c92       0x2a ./Drivers/STM32F4xx_HAL_Driver/stm32f4xx_hal_hcd.o
                0x08001c92                HAL_HCD_HC_GetXferCount
 .text.HAL_HCD_GetCurrentFrame
                0x08001cbc       0x1c ./Drivers/STM32F4xx_HAL_Driver/stm32f4xx_hal_hcd.o
                0x08001cbc                HAL_HCD_GetCurrentFrame
 .text.HAL_HCD_GetCurrentSpeed
                0x08001cd8       0x1c ./Drivers/STM32F4xx_HAL_Driver/stm32f4xx_hal_hcd.o
                0x08001cd8                HAL_HCD_GetCurrentSpeed
 .text.HAL_HCD_HC_ClearHubInfo
                0x08001cf4       0x6a ./Drivers/STM32F4xx_HAL_Driver/stm32f4xx_hal_hcd.o
                0x08001cf4                HAL_HCD_HC_ClearHubInfo
 .text.HCD_HC_IN_IRQHandler
                0x08001d5e      0xcd2 ./Drivers/STM32F4xx_HAL_Driver/stm32f4xx_hal_hcd.o
 .text.HCD_HC_OUT_IRQHandler
                0x08002a30      0x97e ./Drivers/STM32F4xx_HAL_Driver/stm32f4xx_hal_hcd.o
 .text.HCD_RXQLVL_IRQHandler
                0x080033ae      0x1be ./Drivers/STM32F4xx_HAL_Driver/stm32f4xx_hal_hcd.o
 .text.HCD_Port_IRQHandler
                0x0800356c       0xe6 ./Drivers/STM32F4xx_HAL_Driver/stm32f4xx_hal_hcd.o
 *fill*         0x08003652        0x2 
 .text.HAL_I2C_Init
                0x08003654      0x288 ./Drivers/STM32F4xx_HAL_Driver/stm32f4xx_hal_i2c.o
                0x08003654                HAL_I2C_Init
 .text.HAL_I2S_Init
                0x080038dc      0x280 ./Drivers/STM32F4xx_HAL_Driver/stm32f4xx_hal_i2s.o
                0x080038dc                HAL_I2S_Init
 .text.HAL_I2S_TxCpltCallback
                0x08003b5c       0x14 ./Drivers/STM32F4xx_HAL_Driver/stm32f4xx_hal_i2s.o
                0x08003b5c                HAL_I2S_TxCpltCallback
 .text.HAL_I2S_RxCpltCallback
                0x08003b70       0x14 ./Drivers/STM32F4xx_HAL_Driver/stm32f4xx_hal_i2s.o
                0x08003b70                HAL_I2S_RxCpltCallback
 .text.HAL_I2S_ErrorCallback
                0x08003b84       0x14 ./Drivers/STM32F4xx_HAL_Driver/stm32f4xx_hal_i2s.o
                0x08003b84                HAL_I2S_ErrorCallback
 .text.I2S_Transmit_IT
                0x08003b98       0x5c ./Drivers/STM32F4xx_HAL_Driver/stm32f4xx_hal_i2s.o
 .text.I2S_Receive_IT
                0x08003bf4       0x5e ./Drivers/STM32F4xx_HAL_Driver/stm32f4xx_hal_i2s.o
 .text.I2S_IRQHandler
                0x08003c52      0x114 ./Drivers/STM32F4xx_HAL_Driver/stm32f4xx_hal_i2s.o
 *fill*         0x08003d66        0x2 
 .text.HAL_I2SEx_FullDuplex_IRQHandler
                0x08003d68      0x2a8 ./Drivers/STM32F4xx_HAL_Driver/stm32f4xx_hal_i2s_ex.o
                0x08003d68                HAL_I2SEx_FullDuplex_IRQHandler
 .text.HAL_I2SEx_TxRxCpltCallback
                0x08004010       0x14 ./Drivers/STM32F4xx_HAL_Driver/stm32f4xx_hal_i2s_ex.o
                0x08004010                HAL_I2SEx_TxRxCpltCallback
 .text.I2SEx_TxISR_I2S
                0x08004024       0x62 ./Drivers/STM32F4xx_HAL_Driver/stm32f4xx_hal_i2s_ex.o
 *fill*         0x08004086        0x2 
 .text.I2SEx_TxISR_I2SExt
                0x08004088       0x98 ./Drivers/STM32F4xx_HAL_Driver/stm32f4xx_hal_i2s_ex.o
 .text.I2SEx_RxISR_I2S
                0x08004120       0x64 ./Drivers/STM32F4xx_HAL_Driver/stm32f4xx_hal_i2s_ex.o
 .text.I2SEx_RxISR_I2SExt
                0x08004184       0x98 ./Drivers/STM32F4xx_HAL_Driver/stm32f4xx_hal_i2s_ex.o
 .text.HAL_RCC_OscConfig
                0x0800421c      0x4f0 ./Drivers/STM32F4xx_HAL_Driver/stm32f4xx_hal_rcc.o
                0x0800421c                HAL_RCC_OscConfig
 .text.HAL_RCC_ClockConfig
                0x0800470c      0x1cc ./Drivers/STM32F4xx_HAL_Driver/stm32f4xx_hal_rcc.o
                0x0800470c                HAL_RCC_ClockConfig
 .text.HAL_RCC_GetSysClockFreq
                0x080048d8      0x20c ./Drivers/STM32F4xx_HAL_Driver/stm32f4xx_hal_rcc.o
                0x080048d8                HAL_RCC_GetSysClockFreq
 .text.HAL_RCC_GetHCLKFreq
                0x08004ae4       0x18 ./Drivers/STM32F4xx_HAL_Driver/stm32f4xx_hal_rcc.o
                0x08004ae4                HAL_RCC_GetHCLKFreq
 .text.HAL_RCC_GetPCLK1Freq
                0x08004afc       0x28 ./Drivers/STM32F4xx_HAL_Driver/stm32f4xx_hal_rcc.o
                0x08004afc                HAL_RCC_GetPCLK1Freq
 .text.HAL_RCCEx_PeriphCLKConfig
                0x08004b24      0x1c4 ./Drivers/STM32F4xx_HAL_Driver/stm32f4xx_hal_rcc_ex.o
                0x08004b24                HAL_RCCEx_PeriphCLKConfig
 .text.HAL_RCCEx_GetPeriphCLKFreq
                0x08004ce8       0xc0 ./Drivers/STM32F4xx_HAL_Driver/stm32f4xx_hal_rcc_ex.o
                0x08004ce8                HAL_RCCEx_GetPeriphCLKFreq
 .text.HAL_SPI_Init
                0x08004da8      0x112 ./Drivers/STM32F4xx_HAL_Driver/stm32f4xx_hal_spi.o
                0x08004da8                HAL_SPI_Init
 .text.USB_CoreInit
                0x08004eba       0xc8 ./Drivers/STM32F4xx_HAL_Driver/stm32f4xx_ll_usb.o
                0x08004eba                USB_CoreInit
 .text.USB_EnableGlobalInt
                0x08004f82       0x22 ./Drivers/STM32F4xx_HAL_Driver/stm32f4xx_ll_usb.o
                0x08004f82                USB_EnableGlobalInt
 .text.USB_DisableGlobalInt
                0x08004fa4       0x22 ./Drivers/STM32F4xx_HAL_Driver/stm32f4xx_ll_usb.o
                0x08004fa4                USB_DisableGlobalInt
 .text.USB_SetCurrentMode
                0x08004fc6       0x98 ./Drivers/STM32F4xx_HAL_Driver/stm32f4xx_ll_usb.o
                0x08004fc6                USB_SetCurrentMode
 .text.USB_FlushTxFifo
                0x0800505e       0x64 ./Drivers/STM32F4xx_HAL_Driver/stm32f4xx_ll_usb.o
                0x0800505e                USB_FlushTxFifo
 .text.USB_FlushRxFifo
                0x080050c2       0x5c ./Drivers/STM32F4xx_HAL_Driver/stm32f4xx_ll_usb.o
                0x080050c2                USB_FlushRxFifo
 .text.USB_WritePacket
                0x0800511e       0x7c ./Drivers/STM32F4xx_HAL_Driver/stm32f4xx_ll_usb.o
                0x0800511e                USB_WritePacket
 .text.USB_ReadPacket
                0x0800519a       0xb0 ./Drivers/STM32F4xx_HAL_Driver/stm32f4xx_ll_usb.o
                0x0800519a                USB_ReadPacket
 .text.USB_ReadInterrupts
                0x0800524a       0x26 ./Drivers/STM32F4xx_HAL_Driver/stm32f4xx_ll_usb.o
                0x0800524a                USB_ReadInterrupts
 .text.USB_ReadChInterrupts
                0x08005270       0x42 ./Drivers/STM32F4xx_HAL_Driver/stm32f4xx_ll_usb.o
                0x08005270                USB_ReadChInterrupts
 .text.USB_GetMode
                0x080052b2       0x1c ./Drivers/STM32F4xx_HAL_Driver/stm32f4xx_ll_usb.o
                0x080052b2                USB_GetMode
 .text.USB_CoreReset
                0x080052ce       0x62 ./Drivers/STM32F4xx_HAL_Driver/stm32f4xx_ll_usb.o
 .text.USB_HostInit
                0x08005330      0x188 ./Drivers/STM32F4xx_HAL_Driver/stm32f4xx_ll_usb.o
                0x08005330                USB_HostInit
 .text.USB_InitFSLSPClkSel
                0x080054b8       0x7a ./Drivers/STM32F4xx_HAL_Driver/stm32f4xx_ll_usb.o
                0x080054b8                USB_InitFSLSPClkSel
 .text.USB_ResetPort
                0x08005532       0x54 ./Drivers/STM32F4xx_HAL_Driver/stm32f4xx_ll_usb.o
                0x08005532                USB_ResetPort
 .text.USB_DriveVbus
                0x08005586       0x72 ./Drivers/STM32F4xx_HAL_Driver/stm32f4xx_ll_usb.o
                0x08005586                USB_DriveVbus
 .text.USB_GetHostSpeed
                0x080055f8       0x2e ./Drivers/STM32F4xx_HAL_Driver/stm32f4xx_ll_usb.o
                0x080055f8                USB_GetHostSpeed
 .text.USB_GetCurrentFrame
                0x08005626       0x22 ./Drivers/STM32F4xx_HAL_Driver/stm32f4xx_ll_usb.o
                0x08005626                USB_GetCurrentFrame
 .text.USB_HC_Init
                0x08005648      0x258 ./Drivers/STM32F4xx_HAL_Driver/stm32f4xx_ll_usb.o
                0x08005648                USB_HC_Init
 .text.USB_HC_StartXfer
                0x080058a0      0x4f4 ./Drivers/STM32F4xx_HAL_Driver/stm32f4xx_ll_usb.o
                0x080058a0                USB_HC_StartXfer
 .text.USB_HC_ReadInterrupt
                0x08005d94       0x22 ./Drivers/STM32F4xx_HAL_Driver/stm32f4xx_ll_usb.o
                0x08005d94                USB_HC_ReadInterrupt
 .text.USB_HC_Halt
                0x08005db6      0x240 ./Drivers/STM32F4xx_HAL_Driver/stm32f4xx_ll_usb.o
                0x08005db6                USB_HC_Halt
 *fill*         0x08005ff6        0x2 
 .text.USB_DoPing
                0x08005ff8       0x78 ./Drivers/STM32F4xx_HAL_Driver/stm32f4xx_ll_usb.o
                0x08005ff8                USB_DoPing
 .text.USB_StopHost
                0x08006070      0x124 ./Drivers/STM32F4xx_HAL_Driver/stm32f4xx_ll_usb.o
                0x08006070                USB_StopHost
 .text.USBH_CDC_InterfaceInit
                0x08006194      0x2ac ./Middlewares/USB_Host_Library/usbh_cdc.o
 .text.USBH_CDC_InterfaceDeInit
                0x08006440       0xb2 ./Middlewares/USB_Host_Library/usbh_cdc.o
 .text.USBH_CDC_ClassRequest
                0x080064f2       0x3e ./Middlewares/USB_Host_Library/usbh_cdc.o
 .text.USBH_CDC_Process
                0x08006530      0x12c ./Middlewares/USB_Host_Library/usbh_cdc.o
 .text.USBH_CDC_SOFProcess
                0x0800665c       0x16 ./Middlewares/USB_Host_Library/usbh_cdc.o
 .text.GetLineCoding
                0x08006672       0x3e ./Middlewares/USB_Host_Library/usbh_cdc.o
 .text.SetLineCoding
                0x080066b0       0x3e ./Middlewares/USB_Host_Library/usbh_cdc.o
 .text.CDC_ProcessTransmission
                0x080066ee       0xec ./Middlewares/USB_Host_Library/usbh_cdc.o
 .text.CDC_ProcessReception
                0x080067da       0xb6 ./Middlewares/USB_Host_Library/usbh_cdc.o
 .text.USBH_CDC_TransmitCallback
                0x08006890       0x14 ./Middlewares/USB_Host_Library/usbh_cdc.o
                0x08006890                USBH_CDC_TransmitCallback
 .text.USBH_CDC_ReceiveCallback
                0x080068a4       0x14 ./Middlewares/USB_Host_Library/usbh_cdc.o
                0x080068a4                USBH_CDC_ReceiveCallback
 .text.USBH_CDC_LineCodingChanged
                0x080068b8       0x14 ./Middlewares/USB_Host_Library/usbh_cdc.o
                0x080068b8                USBH_CDC_LineCodingChanged
 .text.USBH_Init
                0x080068cc       0x74 ./Middlewares/USB_Host_Library/usbh_core.o
                0x080068cc                USBH_Init
 .text.DeInitStateMachine
                0x08006940       0xe6 ./Middlewares/USB_Host_Library/usbh_core.o
 .text.USBH_RegisterClass
                0x08006a26       0x54 ./Middlewares/USB_Host_Library/usbh_core.o
                0x08006a26                USBH_RegisterClass
 .text.USBH_SelectInterface
                0x08006a7a       0x38 ./Middlewares/USB_Host_Library/usbh_core.o
                0x08006a7a                USBH_SelectInterface
 .text.USBH_FindInterface
                0x08006ab2       0x8c ./Middlewares/USB_Host_Library/usbh_core.o
                0x08006ab2                USBH_FindInterface
 .text.USBH_Start
                0x08006b3e       0x20 ./Middlewares/USB_Host_Library/usbh_core.o
                0x08006b3e                USBH_Start
 *fill*         0x08006b5e        0x2 
 .text.USBH_Process
                0x08006b60      0x3d0 ./Middlewares/USB_Host_Library/usbh_core.o
                0x08006b60                USBH_Process
 .text.USBH_HandleEnum
                0x08006f30      0x3c0 ./Middlewares/USB_Host_Library/usbh_core.o
 .text.USBH_LL_SetTimer
                0x080072f0       0x1e ./Middlewares/USB_Host_Library/usbh_core.o
                0x080072f0                USBH_LL_SetTimer
 .text.USBH_LL_IncTimer
                0x0800730e       0x24 ./Middlewares/USB_Host_Library/usbh_core.o
                0x0800730e                USBH_LL_IncTimer
 .text.USBH_HandleSof
                0x08007332       0x30 ./Middlewares/USB_Host_Library/usbh_core.o
 .text.USBH_LL_PortEnabled
                0x08007362       0x1c ./Middlewares/USB_Host_Library/usbh_core.o
                0x08007362                USBH_LL_PortEnabled
 .text.USBH_LL_PortDisabled
                0x0800737e       0x1c ./Middlewares/USB_Host_Library/usbh_core.o
                0x0800737e                USBH_LL_PortDisabled
 .text.USBH_LL_Connect
                0x0800739a       0x2e ./Middlewares/USB_Host_Library/usbh_core.o
                0x0800739a                USBH_LL_Connect
 .text.USBH_LL_Disconnect
                0x080073c8       0x48 ./Middlewares/USB_Host_Library/usbh_core.o
                0x080073c8                USBH_LL_Disconnect
 .text.USBH_Get_DevDesc
                0x08007410       0x58 ./Middlewares/USB_Host_Library/usbh_ctlreq.o
                0x08007410                USBH_Get_DevDesc
 .text.USBH_Get_CfgDesc
                0x08007468       0x54 ./Middlewares/USB_Host_Library/usbh_ctlreq.o
                0x08007468                USBH_Get_CfgDesc
 .text.USBH_Get_StringDesc
                0x080074bc       0x68 ./Middlewares/USB_Host_Library/usbh_ctlreq.o
                0x080074bc                USBH_Get_StringDesc
 .text.USBH_GetDescriptor
                0x08007524       0x6a ./Middlewares/USB_Host_Library/usbh_ctlreq.o
                0x08007524                USBH_GetDescriptor
 .text.USBH_SetAddress
                0x0800758e       0x48 ./Middlewares/USB_Host_Library/usbh_ctlreq.o
                0x0800758e                USBH_SetAddress
 .text.USBH_SetCfg
                0x080075d6       0x46 ./Middlewares/USB_Host_Library/usbh_ctlreq.o
                0x080075d6                USBH_SetCfg
 .text.USBH_SetFeature
                0x0800761c       0x48 ./Middlewares/USB_Host_Library/usbh_ctlreq.o
                0x0800761c                USBH_SetFeature
 .text.USBH_ClrFeature
                0x08007664       0x48 ./Middlewares/USB_Host_Library/usbh_ctlreq.o
                0x08007664                USBH_ClrFeature
 .text.USBH_ParseDevDesc
                0x080076ac      0x160 ./Middlewares/USB_Host_Library/usbh_ctlreq.o
 .text.USBH_ParseCfgDesc
                0x0800780c      0x1f0 ./Middlewares/USB_Host_Library/usbh_ctlreq.o
 .text.USBH_ParseInterfaceDesc
                0x080079fc       0x68 ./Middlewares/USB_Host_Library/usbh_ctlreq.o
 .text.USBH_ParseEPDesc
                0x08007a64      0x1d0 ./Middlewares/USB_Host_Library/usbh_ctlreq.o
 .text.USBH_ParseStringDesc
                0x08007c34       0x66 ./Middlewares/USB_Host_Library/usbh_ctlreq.o
 .text.USBH_GetNextDesc
                0x08007c9a       0x34 ./Middlewares/USB_Host_Library/usbh_ctlreq.o
                0x08007c9a                USBH_GetNextDesc
 .text.USBH_CtlReq
                0x08007cce       0x7a ./Middlewares/USB_Host_Library/usbh_ctlreq.o
                0x08007cce                USBH_CtlReq
 .text.USBH_HandleControl
                0x08007d48      0x2e8 ./Middlewares/USB_Host_Library/usbh_ctlreq.o
 .text.USBH_CtlSendSetup
                0x08008030       0x34 ./Middlewares/USB_Host_Library/usbh_ioreq.o
                0x08008030                USBH_CtlSendSetup
 .text.USBH_CtlSendData
                0x08008064       0x4a ./Middlewares/USB_Host_Library/usbh_ioreq.o
                0x08008064                USBH_CtlSendData
 .text.USBH_CtlReceiveData
                0x080080ae       0x3c ./Middlewares/USB_Host_Library/usbh_ioreq.o
                0x080080ae                USBH_CtlReceiveData
 .text.USBH_BulkSendData
                0x080080ea       0x4a ./Middlewares/USB_Host_Library/usbh_ioreq.o
                0x080080ea                USBH_BulkSendData
 .text.USBH_BulkReceiveData
                0x08008134       0x3c ./Middlewares/USB_Host_Library/usbh_ioreq.o
                0x08008134                USBH_BulkReceiveData
 .text.USBH_OpenPipe
                0x08008170       0x3e ./Middlewares/USB_Host_Library/usbh_pipes.o
                0x08008170                USBH_OpenPipe
 .text.USBH_ClosePipe
                0x080081ae       0x20 ./Middlewares/USB_Host_Library/usbh_pipes.o
                0x080081ae                USBH_ClosePipe
 .text.USBH_AllocPipe
                0x080081ce       0x42 ./Middlewares/USB_Host_Library/usbh_pipes.o
                0x080081ce                USBH_AllocPipe
 .text.USBH_FreePipe
                0x08008210       0x3c ./Middlewares/USB_Host_Library/usbh_pipes.o
                0x08008210                USBH_FreePipe
 .text.USBH_GetFreePipe
                0x0800824c       0x48 ./Middlewares/USB_Host_Library/usbh_pipes.o
 .text.MX_USB_HOST_Init
                0x08008294       0x4c ./USB_HOST/App/usb_host.o
                0x08008294                MX_USB_HOST_Init
 .text.MX_USB_HOST_Process
                0x080082e0       0x14 ./USB_HOST/App/usb_host.o
                0x080082e0                MX_USB_HOST_Process
 .text.USBH_UserProcess
                0x080082f4       0x5c ./USB_HOST/App/usb_host.o
 .text.HAL_HCD_MspInit
                0x08008350       0xc4 ./USB_HOST/Target/usbh_conf.o
                0x08008350                HAL_HCD_MspInit
 .text.HAL_HCD_SOF_Callback
                0x08008414       0x1c ./USB_HOST/Target/usbh_conf.o
                0x08008414                HAL_HCD_SOF_Callback
 .text.HAL_HCD_Connect_Callback
                0x08008430       0x1c ./USB_HOST/Target/usbh_conf.o
                0x08008430                HAL_HCD_Connect_Callback
 .text.HAL_HCD_Disconnect_Callback
                0x0800844c       0x1c ./USB_HOST/Target/usbh_conf.o
                0x0800844c                HAL_HCD_Disconnect_Callback
 .text.HAL_HCD_HC_NotifyURBChange_Callback
                0x08008468       0x1c ./USB_HOST/Target/usbh_conf.o
                0x08008468                HAL_HCD_HC_NotifyURBChange_Callback
 .text.HAL_HCD_PortEnabled_Callback
                0x08008484       0x1c ./USB_HOST/Target/usbh_conf.o
                0x08008484                HAL_HCD_PortEnabled_Callback
 .text.HAL_HCD_PortDisabled_Callback
                0x080084a0       0x1c ./USB_HOST/Target/usbh_conf.o
                0x080084a0                HAL_HCD_PortDisabled_Callback
 .text.USBH_LL_Init
                0x080084bc       0x78 ./USB_HOST/Target/usbh_conf.o
                0x080084bc                USBH_LL_Init
 .text.USBH_LL_Start
                0x08008534       0x36 ./USB_HOST/Target/usbh_conf.o
                0x08008534                USBH_LL_Start
 .text.USBH_LL_Stop
                0x0800856a       0x36 ./USB_HOST/Target/usbh_conf.o
                0x0800856a                USBH_LL_Stop
 .text.USBH_LL_GetSpeed
                0x080085a0       0x4e ./USB_HOST/Target/usbh_conf.o
                0x080085a0                USBH_LL_GetSpeed
 .text.USBH_LL_ResetPort
                0x080085ee       0x36 ./USB_HOST/Target/usbh_conf.o
                0x080085ee                USBH_LL_ResetPort
 .text.USBH_LL_GetLastXferSize
                0x08008624       0x26 ./USB_HOST/Target/usbh_conf.o
                0x08008624                USBH_LL_GetLastXferSize
 .text.USBH_LL_OpenPipe
                0x0800864a       0x5e ./USB_HOST/Target/usbh_conf.o
                0x0800864a                USBH_LL_OpenPipe
 .text.USBH_LL_ClosePipe
                0x080086a8       0x3e ./USB_HOST/Target/usbh_conf.o
                0x080086a8                USBH_LL_ClosePipe
 .text.USBH_LL_SubmitURB
                0x080086e6       0x62 ./USB_HOST/Target/usbh_conf.o
                0x080086e6                USBH_LL_SubmitURB
 .text.USBH_LL_GetURBState
                0x08008748       0x26 ./USB_HOST/Target/usbh_conf.o
                0x08008748                USBH_LL_GetURBState
 .text.USBH_LL_DriverVBUS
                0x0800876e       0x2e ./USB_HOST/Target/usbh_conf.o
                0x0800876e                USBH_LL_DriverVBUS
 .text.USBH_LL_SetToggle
                0x0800879c       0x66 ./USB_HOST/Target/usbh_conf.o
                0x0800879c                USBH_LL_SetToggle
 .text.USBH_Delay
                0x08008802       0x16 ./USB_HOST/Target/usbh_conf.o
                0x08008802                USBH_Delay
 .text.USBH_Get_USB_Status
                0x08008818       0x58 ./USB_HOST/Target/usbh_conf.o
                0x08008818                USBH_Get_USB_Status
 .text.MX_DriverVbusFS
                0x08008870       0x38 ./USB_HOST/Target/usbh_platform.o
                0x08008870                MX_DriverVbusFS
 .text.malloc   0x080088a8       0x10 C:/WORK/ST/STM32CubeIDE_1.18.0/STM32CubeIDE/plugins/com.st.stm32cube.ide.mcu.externaltools.gnu-tools-for-stm32.13.3.rel1.win32_1.0.0.202411081344/tools/bin/../lib/gcc/arm-none-eabi/13.3.1/../../../../arm-none-eabi/lib/thumb/v7e-m+fp/hard\libc_nano.a(libc_a-malloc.o)
                0x080088a8                malloc
 .text.free     0x080088b8       0x10 C:/WORK/ST/STM32CubeIDE_1.18.0/STM32CubeIDE/plugins/com.st.stm32cube.ide.mcu.externaltools.gnu-tools-for-stm32.13.3.rel1.win32_1.0.0.202411081344/tools/bin/../lib/gcc/arm-none-eabi/13.3.1/../../../../arm-none-eabi/lib/thumb/v7e-m+fp/hard\libc_nano.a(libc_a-malloc.o)
                0x080088b8                free
 .text.sbrk_aligned
                0x080088c8       0x44 C:/WORK/ST/STM32CubeIDE_1.18.0/STM32CubeIDE/plugins/com.st.stm32cube.ide.mcu.externaltools.gnu-tools-for-stm32.13.3.rel1.win32_1.0.0.202411081344/tools/bin/../lib/gcc/arm-none-eabi/13.3.1/../../../../arm-none-eabi/lib/thumb/v7e-m+fp/hard\libc_nano.a(libc_a-mallocr.o)
 .text._malloc_r
                0x0800890c      0x100 C:/WORK/ST/STM32CubeIDE_1.18.0/STM32CubeIDE/plugins/com.st.stm32cube.ide.mcu.externaltools.gnu-tools-for-stm32.13.3.rel1.win32_1.0.0.202411081344/tools/bin/../lib/gcc/arm-none-eabi/13.3.1/../../../../arm-none-eabi/lib/thumb/v7e-m+fp/hard\libc_nano.a(libc_a-mallocr.o)
                0x0800890c                _malloc_r
 .text.__malloc_lock
                0x08008a0c        0xc C:/WORK/ST/STM32CubeIDE_1.18.0/STM32CubeIDE/plugins/com.st.stm32cube.ide.mcu.externaltools.gnu-tools-for-stm32.13.3.rel1.win32_1.0.0.202411081344/tools/bin/../lib/gcc/arm-none-eabi/13.3.1/../../../../arm-none-eabi/lib/thumb/v7e-m+fp/hard\libc_nano.a(libc_a-mlock.o)
                0x08008a0c                __malloc_lock
 .text.__malloc_unlock
                0x08008a18        0xc C:/WORK/ST/STM32CubeIDE_1.18.0/STM32CubeIDE/plugins/com.st.stm32cube.ide.mcu.externaltools.gnu-tools-for-stm32.13.3.rel1.win32_1.0.0.202411081344/tools/bin/../lib/gcc/arm-none-eabi/13.3.1/../../../../arm-none-eabi/lib/thumb/v7e-m+fp/hard\libc_nano.a(libc_a-mlock.o)
                0x08008a18                __malloc_unlock
 .text.memset   0x08008a24       0x10 C:/WORK/ST/STM32CubeIDE_1.18.0/STM32CubeIDE/plugins/com.st.stm32cube.ide.mcu.externaltools.gnu-tools-for-stm32.13.3.rel1.win32_1.0.0.202411081344/tools/bin/../lib/gcc/arm-none-eabi/13.3.1/../../../../arm-none-eabi/lib/thumb/v7e-m+fp/hard\libc_nano.a(libc_a-memset.o)
                0x08008a24                memset
 .text._sbrk_r  0x08008a34       0x20 C:/WORK/ST/STM32CubeIDE_1.18.0/STM32CubeIDE/plugins/com.st.stm32cube.ide.mcu.externaltools.gnu-tools-for-stm32.13.3.rel1.win32_1.0.0.202411081344/tools/bin/../lib/gcc/arm-none-eabi/13.3.1/../../../../arm-none-eabi/lib/thumb/v7e-m+fp/hard\libc_nano.a(libc_a-sbrkr.o)
                0x08008a34                _sbrk_r
 .text.__errno  0x08008a54        0xc C:/WORK/ST/STM32CubeIDE_1.18.0/STM32CubeIDE/plugins/com.st.stm32cube.ide.mcu.externaltools.gnu-tools-for-stm32.13.3.rel1.win32_1.0.0.202411081344/tools/bin/../lib/gcc/arm-none-eabi/13.3.1/../../../../arm-none-eabi/lib/thumb/v7e-m+fp/hard\libc_nano.a(libc_a-errno.o)
                0x08008a54                __errno
 .text.__libc_init_array
                0x08008a60       0x48 C:/WORK/ST/STM32CubeIDE_1.18.0/STM32CubeIDE/plugins/com.st.stm32cube.ide.mcu.externaltools.gnu-tools-for-stm32.13.3.rel1.win32_1.0.0.202411081344/tools/bin/../lib/gcc/arm-none-eabi/13.3.1/../../../../arm-none-eabi/lib/thumb/v7e-m+fp/hard\libc_nano.a(libc_a-init.o)
                0x08008a60                __libc_init_array
 .text.__retarget_lock_acquire_recursive
                0x08008aa8        0x2 C:/WORK/ST/STM32CubeIDE_1.18.0/STM32CubeIDE/plugins/com.st.stm32cube.ide.mcu.externaltools.gnu-tools-for-stm32.13.3.rel1.win32_1.0.0.202411081344/tools/bin/../lib/gcc/arm-none-eabi/13.3.1/../../../../arm-none-eabi/lib/thumb/v7e-m+fp/hard\libc_nano.a(libc_a-lock.o)
                0x08008aa8                __retarget_lock_acquire_recursive
 .text.__retarget_lock_release_recursive
                0x08008aaa        0x2 C:/WORK/ST/STM32CubeIDE_1.18.0/STM32CubeIDE/plugins/com.st.stm32cube.ide.mcu.externaltools.gnu-tools-for-stm32.13.3.rel1.win32_1.0.0.202411081344/tools/bin/../lib/gcc/arm-none-eabi/13.3.1/../../../../arm-none-eabi/lib/thumb/v7e-m+fp/hard\libc_nano.a(libc_a-lock.o)
                0x08008aaa                __retarget_lock_release_recursive
 .text._free_r  0x08008aac       0x94 C:/WORK/ST/STM32CubeIDE_1.18.0/STM32CubeIDE/plugins/com.st.stm32cube.ide.mcu.externaltools.gnu-tools-for-stm32.13.3.rel1.win32_1.0.0.202411081344/tools/bin/../lib/gcc/arm-none-eabi/13.3.1/../../../../arm-none-eabi/lib/thumb/v7e-m+fp/hard\libc_nano.a(libc_a-freer.o)
                0x08008aac                _free_r
 *(.glue_7)
 .glue_7        0x08008b40        0x0 linker stubs
 *(.glue_7t)
 .glue_7t       0x08008b40        0x0 linker stubs
 *(.eh_frame)
 .eh_frame      0x08008b40        0x0 C:/WORK/ST/STM32CubeIDE_1.18.0/STM32CubeIDE/plugins/com.st.stm32cube.ide.mcu.externaltools.gnu-tools-for-stm32.13.3.rel1.win32_1.0.0.202411081344/tools/bin/../lib/gcc/arm-none-eabi/13.3.1/thumb/v7e-m+fp/hard/crtbegin.o
 *(.init)
 .init          0x08008b40        0x4 C:/WORK/ST/STM32CubeIDE_1.18.0/STM32CubeIDE/plugins/com.st.stm32cube.ide.mcu.externaltools.gnu-tools-for-stm32.13.3.rel1.win32_1.0.0.202411081344/tools/bin/../lib/gcc/arm-none-eabi/13.3.1/thumb/v7e-m+fp/hard/crti.o
                0x08008b40                _init
 .init          0x08008b44        0x8 C:/WORK/ST/STM32CubeIDE_1.18.0/STM32CubeIDE/plugins/com.st.stm32cube.ide.mcu.externaltools.gnu-tools-for-stm32.13.3.rel1.win32_1.0.0.202411081344/tools/bin/../lib/gcc/arm-none-eabi/13.3.1/thumb/v7e-m+fp/hard/crtn.o
 *(.fini)
 .fini          0x08008b4c        0x4 C:/WORK/ST/STM32CubeIDE_1.18.0/STM32CubeIDE/plugins/com.st.stm32cube.ide.mcu.externaltools.gnu-tools-for-stm32.13.3.rel1.win32_1.0.0.202411081344/tools/bin/../lib/gcc/arm-none-eabi/13.3.1/thumb/v7e-m+fp/hard/crti.o
                0x08008b4c                _fini
 .fini          0x08008b50        0x8 C:/WORK/ST/STM32CubeIDE_1.18.0/STM32CubeIDE/plugins/com.st.stm32cube.ide.mcu.externaltools.gnu-tools-for-stm32.13.3.rel1.win32_1.0.0.202411081344/tools/bin/../lib/gcc/arm-none-eabi/13.3.1/thumb/v7e-m+fp/hard/crtn.o
                0x08008b58                        . = ALIGN (0x4)
                0x08008b58                        _etext = .

.vfp11_veneer   0x08008b58        0x0
 .vfp11_veneer  0x08008b58        0x0 linker stubs

.v4_bx          0x08008b58        0x0
 .v4_bx         0x08008b58        0x0 linker stubs

.iplt           0x08008b58        0x0
 .iplt          0x08008b58        0x0 C:/WORK/ST/STM32CubeIDE_1.18.0/STM32CubeIDE/plugins/com.st.stm32cube.ide.mcu.externaltools.gnu-tools-for-stm32.13.3.rel1.win32_1.0.0.202411081344/tools/bin/../lib/gcc/arm-none-eabi/13.3.1/thumb/v7e-m+fp/hard/crtbegin.o

.rodata         0x08008b58       0x1c
                0x08008b58                        . = ALIGN (0x4)
 *(.rodata)
 .rodata        0x08008b58        0x4 ./Middlewares/USB_Host_Library/usbh_cdc.o
 *(.rodata*)
 .rodata.AHBPrescTable
                0x08008b5c       0x10 ./Core/Src/system_stm32f4xx.o
                0x08008b5c                AHBPrescTable
 .rodata.APBPrescTable
                0x08008b6c        0x8 ./Core/Src/system_stm32f4xx.o
                0x08008b6c                APBPrescTable
                0x08008b74                        . = ALIGN (0x4)

.ARM.extab      0x08008b74        0x0
                0x08008b74                        . = ALIGN (0x4)
 *(.ARM.extab* .gnu.linkonce.armextab.*)
                0x08008b74                        . = ALIGN (0x4)

.ARM            0x08008b74        0x8
                0x08008b74                        . = ALIGN (0x4)
                0x08008b74                        __exidx_start = .
 *(.ARM.exidx*)
 .ARM.exidx     0x08008b74        0x8 C:/WORK/ST/STM32CubeIDE_1.18.0/STM32CubeIDE/plugins/com.st.stm32cube.ide.mcu.externaltools.gnu-tools-for-stm32.13.3.rel1.win32_1.0.0.202411081344/tools/bin/../lib/gcc/arm-none-eabi/13.3.1/thumb/v7e-m+fp/hard\libgcc.a(_udivmoddi4.o)
                0x08008b7c                        __exidx_end = .
                0x08008b7c                        . = ALIGN (0x4)

.preinit_array  0x08008b7c        0x0
                0x08008b7c                        . = ALIGN (0x4)
                0x08008b7c                        PROVIDE (__preinit_array_start = .)
 *(.preinit_array*)
                0x08008b7c                        PROVIDE (__preinit_array_end = .)
                0x08008b7c                        . = ALIGN (0x4)

.init_array     0x08008b7c        0x4
                0x08008b7c                        . = ALIGN (0x4)
                0x08008b7c                        PROVIDE (__init_array_start = .)
 *(SORT_BY_NAME(.init_array.*))
 *(.init_array*)
 .init_array    0x08008b7c        0x4 C:/WORK/ST/STM32CubeIDE_1.18.0/STM32CubeIDE/plugins/com.st.stm32cube.ide.mcu.externaltools.gnu-tools-for-stm32.13.3.rel1.win32_1.0.0.202411081344/tools/bin/../lib/gcc/arm-none-eabi/13.3.1/thumb/v7e-m+fp/hard/crtbegin.o
                0x08008b80                        PROVIDE (__init_array_end = .)
                0x08008b80                        . = ALIGN (0x4)

.fini_array     0x08008b80        0x4
                0x08008b80                        . = ALIGN (0x4)
                [!provide]                        PROVIDE (__fini_array_start = .)
 *(SORT_BY_NAME(.fini_array.*))
 *(.fini_array*)
 .fini_array    0x08008b80        0x4 C:/WORK/ST/STM32CubeIDE_1.18.0/STM32CubeIDE/plugins/com.st.stm32cube.ide.mcu.externaltools.gnu-tools-for-stm32.13.3.rel1.win32_1.0.0.202411081344/tools/bin/../lib/gcc/arm-none-eabi/13.3.1/thumb/v7e-m+fp/hard/crtbegin.o
                [!provide]                        PROVIDE (__fini_array_end = .)
                0x08008b84                        . = ALIGN (0x4)
                0x08008b84                        _sidata = LOADADDR (.data)

.rel.dyn        0x08008b84        0x0
 .rel.iplt      0x08008b84        0x0 C:/WORK/ST/STM32CubeIDE_1.18.0/STM32CubeIDE/plugins/com.st.stm32cube.ide.mcu.externaltools.gnu-tools-for-stm32.13.3.rel1.win32_1.0.0.202411081344/tools/bin/../lib/gcc/arm-none-eabi/13.3.1/thumb/v7e-m+fp/hard/crtbegin.o

.data           0x20000000       0x7c load address 0x08008b84
                0x20000000                        . = ALIGN (0x4)
                0x20000000                        _sdata = .
 *(.data)
 *(.data*)
 .data.SystemCoreClock
                0x20000000        0x4 ./Core/Src/system_stm32f4xx.o
                0x20000000                SystemCoreClock
 .data.uwTickPrio
                0x20000004        0x4 ./Drivers/STM32F4xx_HAL_Driver/stm32f4xx_hal.o
                0x20000004                uwTickPrio
 .data.uwTickFreq
                0x20000008        0x1 ./Drivers/STM32F4xx_HAL_Driver/stm32f4xx_hal.o
                0x20000008                uwTickFreq
 *fill*         0x20000009        0x3 
 .data.CDC_Class
                0x2000000c       0x20 ./Middlewares/USB_Host_Library/usbh_cdc.o
                0x2000000c                CDC_Class
 .data._impure_ptr
                0x2000002c        0x4 C:/WORK/ST/STM32CubeIDE_1.18.0/STM32CubeIDE/plugins/com.st.stm32cube.ide.mcu.externaltools.gnu-tools-for-stm32.13.3.rel1.win32_1.0.0.202411081344/tools/bin/../lib/gcc/arm-none-eabi/13.3.1/../../../../arm-none-eabi/lib/thumb/v7e-m+fp/hard\libc_nano.a(libc_a-impure.o)
                0x2000002c                _impure_ptr
 .data._impure_data
                0x20000030       0x4c C:/WORK/ST/STM32CubeIDE_1.18.0/STM32CubeIDE/plugins/com.st.stm32cube.ide.mcu.externaltools.gnu-tools-for-stm32.13.3.rel1.win32_1.0.0.202411081344/tools/bin/../lib/gcc/arm-none-eabi/13.3.1/../../../../arm-none-eabi/lib/thumb/v7e-m+fp/hard\libc_nano.a(libc_a-impure.o)
                0x20000030                _impure_data
 *(.RamFunc)
 *(.RamFunc*)
                0x2000007c                        . = ALIGN (0x4)
                0x2000007c                        _edata = .
                0x08008c00                        _siccmram = LOADADDR (.ccmram)

.igot.plt       0x2000007c        0x0 load address 0x08008c00
 .igot.plt      0x2000007c        0x0 C:/WORK/ST/STM32CubeIDE_1.18.0/STM32CubeIDE/plugins/com.st.stm32cube.ide.mcu.externaltools.gnu-tools-for-stm32.13.3.rel1.win32_1.0.0.202411081344/tools/bin/../lib/gcc/arm-none-eabi/13.3.1/thumb/v7e-m+fp/hard/crtbegin.o

.ccmram         0x10000000        0x0 load address 0x08008c00
                0x10000000                        . = ALIGN (0x4)
                0x10000000                        _sccmram = .
 *(.ccmram)
 *(.ccmram*)
                0x10000000                        . = ALIGN (0x4)
                0x10000000                        _eccmram = .
                0x10000000                        . = ALIGN (0x4)

.bss            0x2000007c      0xa1c
                0x2000007c                        _sbss = .
                0x2000007c                        __bss_start__ = _sbss
 *(.bss)
 .bss           0x2000007c       0x1c C:/WORK/ST/STM32CubeIDE_1.18.0/STM32CubeIDE/plugins/com.st.stm32cube.ide.mcu.externaltools.gnu-tools-for-stm32.13.3.rel1.win32_1.0.0.202411081344/tools/bin/../lib/gcc/arm-none-eabi/13.3.1/thumb/v7e-m+fp/hard/crtbegin.o
 *(.bss*)
 .bss.hi2c1     0x20000098       0x54 ./Core/Src/main.o
                0x20000098                hi2c1
 .bss.hi2s3     0x200000ec       0x48 ./Core/Src/main.o
                0x200000ec                hi2s3
 .bss.hspi1     0x20000134       0x58 ./Core/Src/main.o
                0x20000134                hspi1
 .bss.__sbrk_heap_end
                0x2000018c        0x4 ./Core/Src/sysmem.o
 .bss.uwTick    0x20000190        0x4 ./Drivers/STM32F4xx_HAL_Driver/stm32f4xx_hal.o
                0x20000190                uwTick
 .bss.hUsbHostFS
                0x20000194      0x3d8 ./USB_HOST/App/usb_host.o
                0x20000194                hUsbHostFS
 .bss.Appli_state
                0x2000056c        0x1 ./USB_HOST/App/usb_host.o
                0x2000056c                Appli_state
 *fill*         0x2000056d        0x3 
 .bss.hhcd_USB_OTG_FS
                0x20000570      0x3e0 ./USB_HOST/Target/usbh_conf.o
                0x20000570                hhcd_USB_OTG_FS
 .bss.__malloc_sbrk_start
                0x20000950        0x4 C:/WORK/ST/STM32CubeIDE_1.18.0/STM32CubeIDE/plugins/com.st.stm32cube.ide.mcu.externaltools.gnu-tools-for-stm32.13.3.rel1.win32_1.0.0.202411081344/tools/bin/../lib/gcc/arm-none-eabi/13.3.1/../../../../arm-none-eabi/lib/thumb/v7e-m+fp/hard\libc_nano.a(libc_a-mallocr.o)
                0x20000950                __malloc_sbrk_start
 .bss.__malloc_free_list
                0x20000954        0x4 C:/WORK/ST/STM32CubeIDE_1.18.0/STM32CubeIDE/plugins/com.st.stm32cube.ide.mcu.externaltools.gnu-tools-for-stm32.13.3.rel1.win32_1.0.0.202411081344/tools/bin/../lib/gcc/arm-none-eabi/13.3.1/../../../../arm-none-eabi/lib/thumb/v7e-m+fp/hard\libc_nano.a(libc_a-mallocr.o)
                0x20000954                __malloc_free_list
 .bss.__sf      0x20000958      0x138 C:/WORK/ST/STM32CubeIDE_1.18.0/STM32CubeIDE/plugins/com.st.stm32cube.ide.mcu.externaltools.gnu-tools-for-stm32.13.3.rel1.win32_1.0.0.202411081344/tools/bin/../lib/gcc/arm-none-eabi/13.3.1/../../../../arm-none-eabi/lib/thumb/v7e-m+fp/hard\libc_nano.a(libc_a-findfp.o)
                0x20000958                __sf
 .bss.errno     0x20000a90        0x4 C:/WORK/ST/STM32CubeIDE_1.18.0/STM32CubeIDE/plugins/com.st.stm32cube.ide.mcu.externaltools.gnu-tools-for-stm32.13.3.rel1.win32_1.0.0.202411081344/tools/bin/../lib/gcc/arm-none-eabi/13.3.1/../../../../arm-none-eabi/lib/thumb/v7e-m+fp/hard\libc_nano.a(libc_a-reent.o)
                0x20000a90                errno
 .bss.__lock___malloc_recursive_mutex
                0x20000a94        0x1 C:/WORK/ST/STM32CubeIDE_1.18.0/STM32CubeIDE/plugins/com.st.stm32cube.ide.mcu.externaltools.gnu-tools-for-stm32.13.3.rel1.win32_1.0.0.202411081344/tools/bin/../lib/gcc/arm-none-eabi/13.3.1/../../../../arm-none-eabi/lib/thumb/v7e-m+fp/hard\libc_nano.a(libc_a-lock.o)
                0x20000a94                __lock___malloc_recursive_mutex
 *(COMMON)
                0x20000a98                        . = ALIGN (0x4)
 *fill*         0x20000a95        0x3 
                0x20000a98                        _ebss = .
                0x20000a98                        __bss_end__ = _ebss

._user_heap_stack
                0x20000a98      0x600
                0x20000a98                        . = ALIGN (0x8)
                [!provide]                        PROVIDE (end = .)
                0x20000a98                        PROVIDE (_end = .)
                0x20000c98                        . = (. + _Min_Heap_Size)
 *fill*         0x20000a98      0x200 
                0x20001098                        . = (. + _Min_Stack_Size)
 *fill*         0x20000c98      0x400 
                0x20001098                        . = ALIGN (0x8)

/DISCARD/
 libc.a(*)
 libm.a(*)
 libgcc.a(*)

.ARM.attributes
                0x00000000       0x30
 *(.ARM.attributes)
 .ARM.attributes
                0x00000000       0x22 C:/WORK/ST/STM32CubeIDE_1.18.0/STM32CubeIDE/plugins/com.st.stm32cube.ide.mcu.externaltools.gnu-tools-for-stm32.13.3.rel1.win32_1.0.0.202411081344/tools/bin/../lib/gcc/arm-none-eabi/13.3.1/thumb/v7e-m+fp/hard/crti.o
 .ARM.attributes
                0x00000022       0x34 C:/WORK/ST/STM32CubeIDE_1.18.0/STM32CubeIDE/plugins/com.st.stm32cube.ide.mcu.externaltools.gnu-tools-for-stm32.13.3.rel1.win32_1.0.0.202411081344/tools/bin/../lib/gcc/arm-none-eabi/13.3.1/thumb/v7e-m+fp/hard/crtbegin.o
 .ARM.attributes
                0x00000056       0x34 ./Core/Src/main.o
 .ARM.attributes
                0x0000008a       0x34 ./Core/Src/stm32f4xx_hal_msp.o
 .ARM.attributes
                0x000000be       0x34 ./Core/Src/stm32f4xx_it.o
 .ARM.attributes
                0x000000f2       0x34 ./Core/Src/sysmem.o
 .ARM.attributes
                0x00000126       0x34 ./Core/Src/system_stm32f4xx.o
 .ARM.attributes
                0x0000015a       0x21 ./Core/Startup/startup_stm32f407vgtx.o
 .ARM.attributes
                0x0000017b       0x34 ./Drivers/STM32F4xx_HAL_Driver/stm32f4xx_hal.o
 .ARM.attributes
                0x000001af       0x34 ./Drivers/STM32F4xx_HAL_Driver/stm32f4xx_hal_cortex.o
 .ARM.attributes
                0x000001e3       0x34 ./Drivers/STM32F4xx_HAL_Driver/stm32f4xx_hal_gpio.o
 .ARM.attributes
                0x00000217       0x34 ./Drivers/STM32F4xx_HAL_Driver/stm32f4xx_hal_hcd.o
 .ARM.attributes
                0x0000024b       0x34 ./Drivers/STM32F4xx_HAL_Driver/stm32f4xx_hal_i2c.o
 .ARM.attributes
                0x0000027f       0x34 ./Drivers/STM32F4xx_HAL_Driver/stm32f4xx_hal_i2s.o
 .ARM.attributes
                0x000002b3       0x34 ./Drivers/STM32F4xx_HAL_Driver/stm32f4xx_hal_i2s_ex.o
 .ARM.attributes
                0x000002e7       0x34 ./Drivers/STM32F4xx_HAL_Driver/stm32f4xx_hal_rcc.o
 .ARM.attributes
                0x0000031b       0x34 ./Drivers/STM32F4xx_HAL_Driver/stm32f4xx_hal_rcc_ex.o
 .ARM.attributes
                0x0000034f       0x34 ./Drivers/STM32F4xx_HAL_Driver/stm32f4xx_hal_spi.o
 .ARM.attributes
                0x00000383       0x34 ./Drivers/STM32F4xx_HAL_Driver/stm32f4xx_ll_usb.o
 .ARM.attributes
                0x000003b7       0x34 ./Middlewares/USB_Host_Library/usbh_cdc.o
 .ARM.attributes
                0x000003eb       0x34 ./Middlewares/USB_Host_Library/usbh_core.o
 .ARM.attributes
                0x0000041f       0x34 ./Middlewares/USB_Host_Library/usbh_ctlreq.o
 .ARM.attributes
                0x00000453       0x34 ./Middlewares/USB_Host_Library/usbh_ioreq.o
 .ARM.attributes
                0x00000487       0x34 ./Middlewares/USB_Host_Library/usbh_pipes.o
 .ARM.attributes
                0x000004bb       0x34 ./USB_HOST/App/usb_host.o
 .ARM.attributes
                0x000004ef       0x34 ./USB_HOST/Target/usbh_conf.o
 .ARM.attributes
                0x00000523       0x34 ./USB_HOST/Target/usbh_platform.o
 .ARM.attributes
                0x00000557       0x34 C:/WORK/ST/STM32CubeIDE_1.18.0/STM32CubeIDE/plugins/com.st.stm32cube.ide.mcu.externaltools.gnu-tools-for-stm32.13.3.rel1.win32_1.0.0.202411081344/tools/bin/../lib/gcc/arm-none-eabi/13.3.1/../../../../arm-none-eabi/lib/thumb/v7e-m+fp/hard\libc_nano.a(libc_a-malloc.o)
 .ARM.attributes
                0x0000058b       0x34 C:/WORK/ST/STM32CubeIDE_1.18.0/STM32CubeIDE/plugins/com.st.stm32cube.ide.mcu.externaltools.gnu-tools-for-stm32.13.3.rel1.win32_1.0.0.202411081344/tools/bin/../lib/gcc/arm-none-eabi/13.3.1/../../../../arm-none-eabi/lib/thumb/v7e-m+fp/hard\libc_nano.a(libc_a-mallocr.o)
 .ARM.attributes
                0x000005bf       0x34 C:/WORK/ST/STM32CubeIDE_1.18.0/STM32CubeIDE/plugins/com.st.stm32cube.ide.mcu.externaltools.gnu-tools-for-stm32.13.3.rel1.win32_1.0.0.202411081344/tools/bin/../lib/gcc/arm-none-eabi/13.3.1/../../../../arm-none-eabi/lib/thumb/v7e-m+fp/hard\libc_nano.a(libc_a-mlock.o)
 .ARM.attributes
                0x000005f3       0x34 C:/WORK/ST/STM32CubeIDE_1.18.0/STM32CubeIDE/plugins/com.st.stm32cube.ide.mcu.externaltools.gnu-tools-for-stm32.13.3.rel1.win32_1.0.0.202411081344/tools/bin/../lib/gcc/arm-none-eabi/13.3.1/../../../../arm-none-eabi/lib/thumb/v7e-m+fp/hard\libc_nano.a(libc_a-findfp.o)
 .ARM.attributes
                0x00000627       0x34 C:/WORK/ST/STM32CubeIDE_1.18.0/STM32CubeIDE/plugins/com.st.stm32cube.ide.mcu.externaltools.gnu-tools-for-stm32.13.3.rel1.win32_1.0.0.202411081344/tools/bin/../lib/gcc/arm-none-eabi/13.3.1/../../../../arm-none-eabi/lib/thumb/v7e-m+fp/hard\libc_nano.a(libc_a-memset.o)
 .ARM.attributes
                0x0000065b       0x34 C:/WORK/ST/STM32CubeIDE_1.18.0/STM32CubeIDE/plugins/com.st.stm32cube.ide.mcu.externaltools.gnu-tools-for-stm32.13.3.rel1.win32_1.0.0.202411081344/tools/bin/../lib/gcc/arm-none-eabi/13.3.1/../../../../arm-none-eabi/lib/thumb/v7e-m+fp/hard\libc_nano.a(libc_a-reent.o)
 .ARM.attributes
                0x0000068f       0x34 C:/WORK/ST/STM32CubeIDE_1.18.0/STM32CubeIDE/plugins/com.st.stm32cube.ide.mcu.externaltools.gnu-tools-for-stm32.13.3.rel1.win32_1.0.0.202411081344/tools/bin/../lib/gcc/arm-none-eabi/13.3.1/../../../../arm-none-eabi/lib/thumb/v7e-m+fp/hard\libc_nano.a(libc_a-impure.o)
 .ARM.attributes
                0x000006c3       0x34 C:/WORK/ST/STM32CubeIDE_1.18.0/STM32CubeIDE/plugins/com.st.stm32cube.ide.mcu.externaltools.gnu-tools-for-stm32.13.3.rel1.win32_1.0.0.202411081344/tools/bin/../lib/gcc/arm-none-eabi/13.3.1/../../../../arm-none-eabi/lib/thumb/v7e-m+fp/hard\libc_nano.a(libc_a-sbrkr.o)
 .ARM.attributes
                0x000006f7       0x34 C:/WORK/ST/STM32CubeIDE_1.18.0/STM32CubeIDE/plugins/com.st.stm32cube.ide.mcu.externaltools.gnu-tools-for-stm32.13.3.rel1.win32_1.0.0.202411081344/tools/bin/../lib/gcc/arm-none-eabi/13.3.1/../../../../arm-none-eabi/lib/thumb/v7e-m+fp/hard\libc_nano.a(libc_a-errno.o)
 .ARM.attributes
                0x0000072b       0x34 C:/WORK/ST/STM32CubeIDE_1.18.0/STM32CubeIDE/plugins/com.st.stm32cube.ide.mcu.externaltools.gnu-tools-for-stm32.13.3.rel1.win32_1.0.0.202411081344/tools/bin/../lib/gcc/arm-none-eabi/13.3.1/../../../../arm-none-eabi/lib/thumb/v7e-m+fp/hard\libc_nano.a(libc_a-init.o)
 .ARM.attributes
                0x0000075f       0x34 C:/WORK/ST/STM32CubeIDE_1.18.0/STM32CubeIDE/plugins/com.st.stm32cube.ide.mcu.externaltools.gnu-tools-for-stm32.13.3.rel1.win32_1.0.0.202411081344/tools/bin/../lib/gcc/arm-none-eabi/13.3.1/../../../../arm-none-eabi/lib/thumb/v7e-m+fp/hard\libc_nano.a(libc_a-lock.o)
 .ARM.attributes
                0x00000793       0x34 C:/WORK/ST/STM32CubeIDE_1.18.0/STM32CubeIDE/plugins/com.st.stm32cube.ide.mcu.externaltools.gnu-tools-for-stm32.13.3.rel1.win32_1.0.0.202411081344/tools/bin/../lib/gcc/arm-none-eabi/13.3.1/../../../../arm-none-eabi/lib/thumb/v7e-m+fp/hard\libc_nano.a(libc_a-freer.o)
 .ARM.attributes
                0x000007c7       0x22 C:/WORK/ST/STM32CubeIDE_1.18.0/STM32CubeIDE/plugins/com.st.stm32cube.ide.mcu.externaltools.gnu-tools-for-stm32.13.3.rel1.win32_1.0.0.202411081344/tools/bin/../lib/gcc/arm-none-eabi/13.3.1/thumb/v7e-m+fp/hard\libgcc.a(_aeabi_uldivmod.o)
 .ARM.attributes
                0x000007e9       0x34 C:/WORK/ST/STM32CubeIDE_1.18.0/STM32CubeIDE/plugins/com.st.stm32cube.ide.mcu.externaltools.gnu-tools-for-stm32.13.3.rel1.win32_1.0.0.202411081344/tools/bin/../lib/gcc/arm-none-eabi/13.3.1/thumb/v7e-m+fp/hard\libgcc.a(_udivmoddi4.o)
 .ARM.attributes
                0x0000081d       0x22 C:/WORK/ST/STM32CubeIDE_1.18.0/STM32CubeIDE/plugins/com.st.stm32cube.ide.mcu.externaltools.gnu-tools-for-stm32.13.3.rel1.win32_1.0.0.202411081344/tools/bin/../lib/gcc/arm-none-eabi/13.3.1/thumb/v7e-m+fp/hard\libgcc.a(_dvmd_tls.o)
 .ARM.attributes
                0x0000083f       0x22 C:/WORK/ST/STM32CubeIDE_1.18.0/STM32CubeIDE/plugins/com.st.stm32cube.ide.mcu.externaltools.gnu-tools-for-stm32.13.3.rel1.win32_1.0.0.202411081344/tools/bin/../lib/gcc/arm-none-eabi/13.3.1/thumb/v7e-m+fp/hard/crtn.o
OUTPUT(test2.elf elf32-littlearm)
LOAD linker stubs
LOAD C:/WORK/ST/STM32CubeIDE_1.18.0/STM32CubeIDE/plugins/com.st.stm32cube.ide.mcu.externaltools.gnu-tools-for-stm32.13.3.rel1.win32_1.0.0.202411081344/tools/bin/../lib/gcc/arm-none-eabi/13.3.1/../../../../arm-none-eabi/lib/thumb/v7e-m+fp/hard\libc.a
LOAD C:/WORK/ST/STM32CubeIDE_1.18.0/STM32CubeIDE/plugins/com.st.stm32cube.ide.mcu.externaltools.gnu-tools-for-stm32.13.3.rel1.win32_1.0.0.202411081344/tools/bin/../lib/gcc/arm-none-eabi/13.3.1/../../../../arm-none-eabi/lib/thumb/v7e-m+fp/hard\libm.a
LOAD C:/WORK/ST/STM32CubeIDE_1.18.0/STM32CubeIDE/plugins/com.st.stm32cube.ide.mcu.externaltools.gnu-tools-for-stm32.13.3.rel1.win32_1.0.0.202411081344/tools/bin/../lib/gcc/arm-none-eabi/13.3.1/thumb/v7e-m+fp/hard\libgcc.a

.debug_info     0x00000000    0x14992
 .debug_info    0x00000000     0x10ea ./Core/Src/main.o
 .debug_info    0x000010ea      0xfdc ./Core/Src/stm32f4xx_hal_msp.o
 .debug_info    0x000020c6      0x6a5 ./Core/Src/stm32f4xx_it.o
 .debug_info    0x0000276b      0x168 ./Core/Src/sysmem.o
 .debug_info    0x000028d3      0x512 ./Core/Src/system_stm32f4xx.o
 .debug_info    0x00002de5       0x30 ./Core/Startup/startup_stm32f407vgtx.o
 .debug_info    0x00002e15      0x944 ./Drivers/STM32F4xx_HAL_Driver/stm32f4xx_hal.o
 .debug_info    0x00003759      0xd8c ./Drivers/STM32F4xx_HAL_Driver/stm32f4xx_hal_cortex.o
 .debug_info    0x000044e5      0x6c3 ./Drivers/STM32F4xx_HAL_Driver/stm32f4xx_hal_gpio.o
 .debug_info    0x00004ba8     0x114c ./Drivers/STM32F4xx_HAL_Driver/stm32f4xx_hal_hcd.o
 .debug_info    0x00005cf4     0x2415 ./Drivers/STM32F4xx_HAL_Driver/stm32f4xx_hal_i2c.o
 .debug_info    0x00008109      0xdf8 ./Drivers/STM32F4xx_HAL_Driver/stm32f4xx_hal_i2s.o
 .debug_info    0x00008f01      0xaa5 ./Drivers/STM32F4xx_HAL_Driver/stm32f4xx_hal_i2s_ex.o
 .debug_info    0x000099a6      0x8af ./Drivers/STM32F4xx_HAL_Driver/stm32f4xx_hal_rcc.o
 .debug_info    0x0000a255      0x536 ./Drivers/STM32F4xx_HAL_Driver/stm32f4xx_hal_rcc_ex.o
 .debug_info    0x0000a78b     0x1525 ./Drivers/STM32F4xx_HAL_Driver/stm32f4xx_hal_spi.o
 .debug_info    0x0000bcb0     0x1993 ./Drivers/STM32F4xx_HAL_Driver/stm32f4xx_ll_usb.o
 .debug_info    0x0000d643     0x1470 ./Middlewares/USB_Host_Library/usbh_cdc.o
 .debug_info    0x0000eab3      0xfb2 ./Middlewares/USB_Host_Library/usbh_core.o
 .debug_info    0x0000fa65      0xfa6 ./Middlewares/USB_Host_Library/usbh_ctlreq.o
 .debug_info    0x00010a0b      0xc2b ./Middlewares/USB_Host_Library/usbh_ioreq.o
 .debug_info    0x00011636      0xa8e ./Middlewares/USB_Host_Library/usbh_pipes.o
 .debug_info    0x000120c4      0xa10 ./USB_HOST/App/usb_host.o
 .debug_info    0x00012ad4     0x1ce6 ./USB_HOST/Target/usbh_conf.o
 .debug_info    0x000147ba      0x1d8 ./USB_HOST/Target/usbh_platform.o

.debug_abbrev   0x00000000     0x3878
 .debug_abbrev  0x00000000      0x270 ./Core/Src/main.o
 .debug_abbrev  0x00000270      0x228 ./Core/Src/stm32f4xx_hal_msp.o
 .debug_abbrev  0x00000498      0x1a4 ./Core/Src/stm32f4xx_it.o
 .debug_abbrev  0x0000063c       0xbc ./Core/Src/sysmem.o
 .debug_abbrev  0x000006f8      0x11a ./Core/Src/system_stm32f4xx.o
 .debug_abbrev  0x00000812       0x24 ./Core/Startup/startup_stm32f407vgtx.o
 .debug_abbrev  0x00000836      0x214 ./Drivers/STM32F4xx_HAL_Driver/stm32f4xx_hal.o
 .debug_abbrev  0x00000a4a      0x349 ./Drivers/STM32F4xx_HAL_Driver/stm32f4xx_hal_cortex.o
 .debug_abbrev  0x00000d93      0x1d4 ./Drivers/STM32F4xx_HAL_Driver/stm32f4xx_hal_gpio.o
 .debug_abbrev  0x00000f67      0x296 ./Drivers/STM32F4xx_HAL_Driver/stm32f4xx_hal_hcd.o
 .debug_abbrev  0x000011fd      0x2ad ./Drivers/STM32F4xx_HAL_Driver/stm32f4xx_hal_i2c.o
 .debug_abbrev  0x000014aa      0x256 ./Drivers/STM32F4xx_HAL_Driver/stm32f4xx_hal_i2s.o
 .debug_abbrev  0x00001700      0x275 ./Drivers/STM32F4xx_HAL_Driver/stm32f4xx_hal_i2s_ex.o
 .debug_abbrev  0x00001975      0x2b7 ./Drivers/STM32F4xx_HAL_Driver/stm32f4xx_hal_rcc.o
 .debug_abbrev  0x00001c2c      0x1b0 ./Drivers/STM32F4xx_HAL_Driver/stm32f4xx_hal_rcc_ex.o
 .debug_abbrev  0x00001ddc      0x27a ./Drivers/STM32F4xx_HAL_Driver/stm32f4xx_hal_spi.o
 .debug_abbrev  0x00002056      0x2b3 ./Drivers/STM32F4xx_HAL_Driver/stm32f4xx_ll_usb.o
 .debug_abbrev  0x00002309      0x33c ./Middlewares/USB_Host_Library/usbh_cdc.o
 .debug_abbrev  0x00002645      0x32a ./Middlewares/USB_Host_Library/usbh_core.o
 .debug_abbrev  0x0000296f      0x2ff ./Middlewares/USB_Host_Library/usbh_ctlreq.o
 .debug_abbrev  0x00002c6e      0x245 ./Middlewares/USB_Host_Library/usbh_ioreq.o
 .debug_abbrev  0x00002eb3      0x281 ./Middlewares/USB_Host_Library/usbh_pipes.o
 .debug_abbrev  0x00003134      0x26e ./USB_HOST/App/usb_host.o
 .debug_abbrev  0x000033a2      0x3c2 ./USB_HOST/Target/usbh_conf.o
 .debug_abbrev  0x00003764      0x114 ./USB_HOST/Target/usbh_platform.o

.debug_aranges  0x00000000     0x1140
 .debug_aranges
                0x00000000       0x50 ./Core/Src/main.o
 .debug_aranges
                0x00000050       0x50 ./Core/Src/stm32f4xx_hal_msp.o
 .debug_aranges
                0x000000a0       0x68 ./Core/Src/stm32f4xx_it.o
 .debug_aranges
                0x00000108       0x20 ./Core/Src/sysmem.o
 .debug_aranges
                0x00000128       0x28 ./Core/Src/system_stm32f4xx.o
 .debug_aranges
                0x00000150       0x28 ./Core/Startup/startup_stm32f407vgtx.o
 .debug_aranges
                0x00000178       0xf0 ./Drivers/STM32F4xx_HAL_Driver/stm32f4xx_hal.o
 .debug_aranges
                0x00000268      0x130 ./Drivers/STM32F4xx_HAL_Driver/stm32f4xx_hal_cortex.o
 .debug_aranges
                0x00000398       0x58 ./Drivers/STM32F4xx_HAL_Driver/stm32f4xx_hal_gpio.o
 .debug_aranges
                0x000003f0      0x108 ./Drivers/STM32F4xx_HAL_Driver/stm32f4xx_hal_hcd.o
 .debug_aranges
                0x000004f8      0x2a8 ./Drivers/STM32F4xx_HAL_Driver/stm32f4xx_hal_i2c.o
 .debug_aranges
                0x000007a0      0x108 ./Drivers/STM32F4xx_HAL_Driver/stm32f4xx_hal_i2s.o
 .debug_aranges
                0x000008a8       0x88 ./Drivers/STM32F4xx_HAL_Driver/stm32f4xx_hal_i2s_ex.o
 .debug_aranges
                0x00000930       0x88 ./Drivers/STM32F4xx_HAL_Driver/stm32f4xx_hal_rcc.o
 .debug_aranges
                0x000009b8       0x48 ./Drivers/STM32F4xx_HAL_Driver/stm32f4xx_hal_rcc_ex.o
 .debug_aranges
                0x00000a00      0x1d0 ./Drivers/STM32F4xx_HAL_Driver/stm32f4xx_hal_spi.o
 .debug_aranges
                0x00000bd0      0x1a0 ./Drivers/STM32F4xx_HAL_Driver/stm32f4xx_ll_usb.o
 .debug_aranges
                0x00000d70       0xa8 ./Middlewares/USB_Host_Library/usbh_cdc.o
 .debug_aranges
                0x00000e18       0xc0 ./Middlewares/USB_Host_Library/usbh_core.o
 .debug_aranges
                0x00000ed8       0xa0 ./Middlewares/USB_Host_Library/usbh_ctlreq.o
 .debug_aranges
                0x00000f78       0x60 ./Middlewares/USB_Host_Library/usbh_ioreq.o
 .debug_aranges
                0x00000fd8       0x40 ./Middlewares/USB_Host_Library/usbh_pipes.o
 .debug_aranges
                0x00001018       0x30 ./USB_HOST/App/usb_host.o
 .debug_aranges
                0x00001048       0xd8 ./USB_HOST/Target/usbh_conf.o
 .debug_aranges
                0x00001120       0x20 ./USB_HOST/Target/usbh_platform.o

.debug_rnglists
                0x00000000      0xd1f
 .debug_rnglists
                0x00000000       0x39 ./Core/Src/main.o
 .debug_rnglists
                0x00000039       0x3a ./Core/Src/stm32f4xx_hal_msp.o
 .debug_rnglists
                0x00000073       0x49 ./Core/Src/stm32f4xx_it.o
 .debug_rnglists
                0x000000bc       0x13 ./Core/Src/sysmem.o
 .debug_rnglists
                0x000000cf       0x1a ./Core/Src/system_stm32f4xx.o
 .debug_rnglists
                0x000000e9       0x19 ./Core/Startup/startup_stm32f407vgtx.o
 .debug_rnglists
                0x00000102       0xaf ./Drivers/STM32F4xx_HAL_Driver/stm32f4xx_hal.o
 .debug_rnglists
                0x000001b1       0xe0 ./Drivers/STM32F4xx_HAL_Driver/stm32f4xx_hal_cortex.o
 .debug_rnglists
                0x00000291       0x3f ./Drivers/STM32F4xx_HAL_Driver/stm32f4xx_hal_gpio.o
 .debug_rnglists
                0x000002d0       0xca ./Drivers/STM32F4xx_HAL_Driver/stm32f4xx_hal_hcd.o
 .debug_rnglists
                0x0000039a      0x23c ./Drivers/STM32F4xx_HAL_Driver/stm32f4xx_hal_i2c.o
 .debug_rnglists
                0x000005d6       0xcc ./Drivers/STM32F4xx_HAL_Driver/stm32f4xx_hal_i2s.o
 .debug_rnglists
                0x000006a2       0x6a ./Drivers/STM32F4xx_HAL_Driver/stm32f4xx_hal_i2s_ex.o
 .debug_rnglists
                0x0000070c       0x66 ./Drivers/STM32F4xx_HAL_Driver/stm32f4xx_hal_rcc.o
 .debug_rnglists
                0x00000772       0x35 ./Drivers/STM32F4xx_HAL_Driver/stm32f4xx_hal_rcc_ex.o
 .debug_rnglists
                0x000007a7      0x16f ./Drivers/STM32F4xx_HAL_Driver/stm32f4xx_hal_spi.o
 .debug_rnglists
                0x00000916      0x147 ./Drivers/STM32F4xx_HAL_Driver/stm32f4xx_ll_usb.o
 .debug_rnglists
                0x00000a5d       0x7e ./Middlewares/USB_Host_Library/usbh_cdc.o
 .debug_rnglists
                0x00000adb       0x8f ./Middlewares/USB_Host_Library/usbh_core.o
 .debug_rnglists
                0x00000b6a       0x77 ./Middlewares/USB_Host_Library/usbh_ctlreq.o
 .debug_rnglists
                0x00000be1       0x43 ./Middlewares/USB_Host_Library/usbh_ioreq.o
 .debug_rnglists
                0x00000c24       0x2b ./Middlewares/USB_Host_Library/usbh_pipes.o
 .debug_rnglists
                0x00000c4f       0x1f ./USB_HOST/App/usb_host.o
 .debug_rnglists
                0x00000c6e       0x9e ./USB_HOST/Target/usbh_conf.o
 .debug_rnglists
                0x00000d0c       0x13 ./USB_HOST/Target/usbh_platform.o

.debug_macro    0x00000000    0x2346f
 .debug_macro   0x00000000      0x225 ./Core/Src/main.o
 .debug_macro   0x00000225      0xad8 ./Core/Src/main.o
 .debug_macro   0x00000cfd      0x2a7 ./Core/Src/main.o
 .debug_macro   0x00000fa4       0x2e ./Core/Src/main.o
 .debug_macro   0x00000fd2       0x2f ./Core/Src/main.o
 .debug_macro   0x00001001       0x22 ./Core/Src/main.o
 .debug_macro   0x00001023       0x8e ./Core/Src/main.o
 .debug_macro   0x000010b1       0x51 ./Core/Src/main.o
 .debug_macro   0x00001102      0x103 ./Core/Src/main.o
 .debug_macro   0x00001205       0x6a ./Core/Src/main.o
 .debug_macro   0x0000126f      0x1df ./Core/Src/main.o
 .debug_macro   0x0000144e       0x1c ./Core/Src/main.o
 .debug_macro   0x0000146a       0x22 ./Core/Src/main.o
 .debug_macro   0x0000148c       0xfb ./Core/Src/main.o
 .debug_macro   0x00001587     0x1011 ./Core/Src/main.o
 .debug_macro   0x00002598      0x11f ./Core/Src/main.o
 .debug_macro   0x000026b7    0x15e97 ./Core/Src/main.o
 .debug_macro   0x0001854e       0x6d ./Core/Src/main.o
 .debug_macro   0x000185bb     0x369a ./Core/Src/main.o
 .debug_macro   0x0001bc55      0x190 ./Core/Src/main.o
 .debug_macro   0x0001bde5       0x5c ./Core/Src/main.o
 .debug_macro   0x0001be41      0x980 ./Core/Src/main.o
 .debug_macro   0x0001c7c1      0x9e9 ./Core/Src/main.o
 .debug_macro   0x0001d1aa      0x115 ./Core/Src/main.o
 .debug_macro   0x0001d2bf      0x13e ./Core/Src/main.o
 .debug_macro   0x0001d3fd       0xa5 ./Core/Src/main.o
 .debug_macro   0x0001d4a2      0x174 ./Core/Src/main.o
 .debug_macro   0x0001d616      0x287 ./Core/Src/main.o
 .debug_macro   0x0001d89d       0x5f ./Core/Src/main.o
 .debug_macro   0x0001d8fc      0x236 ./Core/Src/main.o
 .debug_macro   0x0001db32      0x12c ./Core/Src/main.o
 .debug_macro   0x0001dc5e      0x21e ./Core/Src/main.o
 .debug_macro   0x0001de7c       0x2e ./Core/Src/main.o
 .debug_macro   0x0001deaa      0x1b5 ./Core/Src/main.o
 .debug_macro   0x0001e05f       0xd6 ./Core/Src/main.o
 .debug_macro   0x0001e135      0x1a7 ./Core/Src/main.o
 .debug_macro   0x0001e2dc       0x46 ./Core/Src/main.o
 .debug_macro   0x0001e322       0x4a ./Core/Src/main.o
 .debug_macro   0x0001e36c      0x127 ./Core/Src/main.o
 .debug_macro   0x0001e493       0x7e ./Core/Src/main.o
 .debug_macro   0x0001e511       0x89 ./Core/Src/main.o
 .debug_macro   0x0001e59a      0x225 ./Core/Src/main.o
 .debug_macro   0x0001e7bf      0x293 ./Core/Src/main.o
 .debug_macro   0x0001ea52       0x98 ./Core/Src/main.o
 .debug_macro   0x0001eaea      0x12d ./Core/Src/main.o
 .debug_macro   0x0001ec17      0x190 ./Core/Src/main.o
 .debug_macro   0x0001eda7      0x215 ./Core/Src/stm32f4xx_hal_msp.o
 .debug_macro   0x0001efbc      0x21f ./Core/Src/stm32f4xx_it.o
 .debug_macro   0x0001f1db      0x112 ./Core/Src/sysmem.o
 .debug_macro   0x0001f2ed      0x23c ./Core/Src/sysmem.o
 .debug_macro   0x0001f529      0x206 ./Core/Src/system_stm32f4xx.o
 .debug_macro   0x0001f72f      0x266 ./Drivers/STM32F4xx_HAL_Driver/stm32f4xx_hal.o
 .debug_macro   0x0001f995      0x206 ./Drivers/STM32F4xx_HAL_Driver/stm32f4xx_hal_cortex.o
 .debug_macro   0x0001fb9b      0x20c ./Drivers/STM32F4xx_HAL_Driver/stm32f4xx_hal_gpio.o
 .debug_macro   0x0001fda7      0x206 ./Drivers/STM32F4xx_HAL_Driver/stm32f4xx_hal_hcd.o
 .debug_macro   0x0001ffad      0x254 ./Drivers/STM32F4xx_HAL_Driver/stm32f4xx_hal_i2c.o
 .debug_macro   0x00020201      0x20e ./Drivers/STM32F4xx_HAL_Driver/stm32f4xx_hal_i2s.o
 .debug_macro   0x0002040f      0x206 ./Drivers/STM32F4xx_HAL_Driver/stm32f4xx_hal_i2s_ex.o
 .debug_macro   0x00020615      0x22a ./Drivers/STM32F4xx_HAL_Driver/stm32f4xx_hal_rcc.o
 .debug_macro   0x0002083f      0x206 ./Drivers/STM32F4xx_HAL_Driver/stm32f4xx_hal_rcc_ex.o
 .debug_macro   0x00020a45      0x215 ./Drivers/STM32F4xx_HAL_Driver/stm32f4xx_hal_spi.o
 .debug_macro   0x00020c5a      0x206 ./Drivers/STM32F4xx_HAL_Driver/stm32f4xx_ll_usb.o
 .debug_macro   0x00020e60      0x3ad ./Middlewares/USB_Host_Library/usbh_cdc.o
 .debug_macro   0x0002120d       0x16 ./Middlewares/USB_Host_Library/usbh_cdc.o
 .debug_macro   0x00021223       0x9e ./Middlewares/USB_Host_Library/usbh_cdc.o
 .debug_macro   0x000212c1      0x112 ./Middlewares/USB_Host_Library/usbh_cdc.o
 .debug_macro   0x000213d3       0x16 ./Middlewares/USB_Host_Library/usbh_cdc.o
 .debug_macro   0x000213e9       0x16 ./Middlewares/USB_Host_Library/usbh_cdc.o
 .debug_macro   0x000213ff       0x20 ./Middlewares/USB_Host_Library/usbh_cdc.o
 .debug_macro   0x0002141f       0x56 ./Middlewares/USB_Host_Library/usbh_cdc.o
 .debug_macro   0x00021475       0x73 ./Middlewares/USB_Host_Library/usbh_cdc.o
 .debug_macro   0x000214e8      0x233 ./Middlewares/USB_Host_Library/usbh_cdc.o
 .debug_macro   0x0002171b       0x2e ./Middlewares/USB_Host_Library/usbh_cdc.o
 .debug_macro   0x00021749       0x2e ./Middlewares/USB_Host_Library/usbh_cdc.o
 .debug_macro   0x00021777       0x28 ./Middlewares/USB_Host_Library/usbh_cdc.o
 .debug_macro   0x0002179f      0x15b ./Middlewares/USB_Host_Library/usbh_cdc.o
 .debug_macro   0x000218fa      0x3aa ./Middlewares/USB_Host_Library/usbh_core.o
 .debug_macro   0x00021ca4      0x3a2 ./Middlewares/USB_Host_Library/usbh_ctlreq.o
 .debug_macro   0x00022046       0x28 ./Middlewares/USB_Host_Library/usbh_ctlreq.o
 .debug_macro   0x0002206e      0x39c ./Middlewares/USB_Host_Library/usbh_ioreq.o
 .debug_macro   0x0002240a      0x39c ./Middlewares/USB_Host_Library/usbh_pipes.o
 .debug_macro   0x000227a6      0x3ab ./USB_HOST/App/usb_host.o
 .debug_macro   0x00022b51       0x61 ./USB_HOST/App/usb_host.o
 .debug_macro   0x00022bb2      0x196 ./USB_HOST/App/usb_host.o
 .debug_macro   0x00022d48      0x161 ./USB_HOST/App/usb_host.o
 .debug_macro   0x00022ea9      0x3ac ./USB_HOST/Target/usbh_conf.o
 .debug_macro   0x00023255      0x21a ./USB_HOST/Target/usbh_platform.o

.debug_line     0x00000000    0x19c01
 .debug_line    0x00000000      0xa9d ./Core/Src/main.o
 .debug_line    0x00000a9d      0x9bf ./Core/Src/stm32f4xx_hal_msp.o
 .debug_line    0x0000145c      0x972 ./Core/Src/stm32f4xx_it.o
 .debug_line    0x00001dce      0x5a1 ./Core/Src/sysmem.o
 .debug_line    0x0000236f      0x930 ./Core/Src/system_stm32f4xx.o
 .debug_line    0x00002c9f       0x7a ./Core/Startup/startup_stm32f407vgtx.o
 .debug_line    0x00002d19      0xbdc ./Drivers/STM32F4xx_HAL_Driver/stm32f4xx_hal.o
 .debug_line    0x000038f5      0xeac ./Drivers/STM32F4xx_HAL_Driver/stm32f4xx_hal_cortex.o
 .debug_line    0x000047a1      0xd14 ./Drivers/STM32F4xx_HAL_Driver/stm32f4xx_hal_gpio.o
 .debug_line    0x000054b5     0x173a ./Drivers/STM32F4xx_HAL_Driver/stm32f4xx_hal_hcd.o
 .debug_line    0x00006bef     0x3b60 ./Drivers/STM32F4xx_HAL_Driver/stm32f4xx_hal_i2c.o
 .debug_line    0x0000a74f     0x14e4 ./Drivers/STM32F4xx_HAL_Driver/stm32f4xx_hal_i2s.o
 .debug_line    0x0000bc33     0x13d8 ./Drivers/STM32F4xx_HAL_Driver/stm32f4xx_hal_i2s_ex.o
 .debug_line    0x0000d00b      0xf63 ./Drivers/STM32F4xx_HAL_Driver/stm32f4xx_hal_rcc.o
 .debug_line    0x0000df6e      0xc11 ./Drivers/STM32F4xx_HAL_Driver/stm32f4xx_hal_rcc_ex.o
 .debug_line    0x0000eb7f     0x1e44 ./Drivers/STM32F4xx_HAL_Driver/stm32f4xx_hal_spi.o
 .debug_line    0x000109c3     0x1ea9 ./Drivers/STM32F4xx_HAL_Driver/stm32f4xx_ll_usb.o
 .debug_line    0x0001286c     0x10f8 ./Middlewares/USB_Host_Library/usbh_cdc.o
 .debug_line    0x00013964     0x135c ./Middlewares/USB_Host_Library/usbh_core.o
 .debug_line    0x00014cc0     0x12b4 ./Middlewares/USB_Host_Library/usbh_ctlreq.o
 .debug_line    0x00015f74      0xc89 ./Middlewares/USB_Host_Library/usbh_ioreq.o
 .debug_line    0x00016bfd      0xc36 ./Middlewares/USB_Host_Library/usbh_pipes.o
 .debug_line    0x00017833      0xc29 ./USB_HOST/App/usb_host.o
 .debug_line    0x0001845c      0xec7 ./USB_HOST/Target/usbh_conf.o
 .debug_line    0x00019323      0x8de ./USB_HOST/Target/usbh_platform.o

.debug_str      0x00000000    0xcbdbd
 .debug_str     0x00000000    0xcbdbd ./Core/Src/main.o
                              0xc17b4 (size before relaxing)
 .debug_str     0x000cbdbd    0xc168a ./Core/Src/stm32f4xx_hal_msp.o
 .debug_str     0x000cbdbd    0xc10da ./Core/Src/stm32f4xx_it.o
 .debug_str     0x000cbdbd     0x777f ./Core/Src/sysmem.o
 .debug_str     0x000cbdbd    0xc06d1 ./Core/Src/system_stm32f4xx.o
 .debug_str     0x000cbdbd       0x81 ./Core/Startup/startup_stm32f407vgtx.o
 .debug_str     0x000cbdbd    0xc1292 ./Drivers/STM32F4xx_HAL_Driver/stm32f4xx_hal.o
 .debug_str     0x000cbdbd    0xc100e ./Drivers/STM32F4xx_HAL_Driver/stm32f4xx_hal_cortex.o
 .debug_str     0x000cbdbd    0xc0889 ./Drivers/STM32F4xx_HAL_Driver/stm32f4xx_hal_gpio.o
 .debug_str     0x000cbdbd    0xc0ff6 ./Drivers/STM32F4xx_HAL_Driver/stm32f4xx_hal_hcd.o
 .debug_str     0x000cbdbd    0xc172c ./Drivers/STM32F4xx_HAL_Driver/stm32f4xx_hal_i2c.o
 .debug_str     0x000cbdbd    0xc0cff ./Drivers/STM32F4xx_HAL_Driver/stm32f4xx_hal_i2s.o
 .debug_str     0x000cbdbd    0xc0bfa ./Drivers/STM32F4xx_HAL_Driver/stm32f4xx_hal_i2s_ex.o
 .debug_str     0x000cbdbd    0xc0b42 ./Drivers/STM32F4xx_HAL_Driver/stm32f4xx_hal_rcc.o
 .debug_str     0x000cbdbd    0xc0860 ./Drivers/STM32F4xx_HAL_Driver/stm32f4xx_hal_rcc_ex.o
 .debug_str     0x000cbdbd    0xc0fcc ./Drivers/STM32F4xx_HAL_Driver/stm32f4xx_hal_spi.o
 .debug_str     0x000cbdbd    0xc10c7 ./Drivers/STM32F4xx_HAL_Driver/stm32f4xx_ll_usb.o
 .debug_str     0x000cbdbd    0xc6c5c ./Middlewares/USB_Host_Library/usbh_cdc.o
 .debug_str     0x000cbdbd    0xc617b ./Middlewares/USB_Host_Library/usbh_core.o
 .debug_str     0x000cbdbd    0xc6111 ./Middlewares/USB_Host_Library/usbh_ctlreq.o
 .debug_str     0x000cbdbd    0xc5f16 ./Middlewares/USB_Host_Library/usbh_ioreq.o
 .debug_str     0x000cbdbd    0xc5eac ./Middlewares/USB_Host_Library/usbh_pipes.o
 .debug_str     0x000cbdbd    0xc657a ./USB_HOST/App/usb_host.o
 .debug_str     0x000cbdbd    0xc6ddd ./USB_HOST/Target/usbh_conf.o
 .debug_str     0x000cbdbd    0xc05e0 ./USB_HOST/Target/usbh_platform.o

.comment        0x00000000       0x43
 .comment       0x00000000       0x43 ./Core/Src/main.o
                                 0x44 (size before relaxing)
 .comment       0x00000043       0x44 ./Core/Src/stm32f4xx_hal_msp.o
 .comment       0x00000043       0x44 ./Core/Src/stm32f4xx_it.o
 .comment       0x00000043       0x44 ./Core/Src/sysmem.o
 .comment       0x00000043       0x44 ./Core/Src/system_stm32f4xx.o
 .comment       0x00000043       0x44 ./Drivers/STM32F4xx_HAL_Driver/stm32f4xx_hal.o
 .comment       0x00000043       0x44 ./Drivers/STM32F4xx_HAL_Driver/stm32f4xx_hal_cortex.o
 .comment       0x00000043       0x44 ./Drivers/STM32F4xx_HAL_Driver/stm32f4xx_hal_gpio.o
 .comment       0x00000043       0x44 ./Drivers/STM32F4xx_HAL_Driver/stm32f4xx_hal_hcd.o
 .comment       0x00000043       0x44 ./Drivers/STM32F4xx_HAL_Driver/stm32f4xx_hal_i2c.o
 .comment       0x00000043       0x44 ./Drivers/STM32F4xx_HAL_Driver/stm32f4xx_hal_i2s.o
 .comment       0x00000043       0x44 ./Drivers/STM32F4xx_HAL_Driver/stm32f4xx_hal_i2s_ex.o
 .comment       0x00000043       0x44 ./Drivers/STM32F4xx_HAL_Driver/stm32f4xx_hal_rcc.o
 .comment       0x00000043       0x44 ./Drivers/STM32F4xx_HAL_Driver/stm32f4xx_hal_rcc_ex.o
 .comment       0x00000043       0x44 ./Drivers/STM32F4xx_HAL_Driver/stm32f4xx_hal_spi.o
 .comment       0x00000043       0x44 ./Drivers/STM32F4xx_HAL_Driver/stm32f4xx_ll_usb.o
 .comment       0x00000043       0x44 ./Middlewares/USB_Host_Library/usbh_cdc.o
 .comment       0x00000043       0x44 ./Middlewares/USB_Host_Library/usbh_core.o
 .comment       0x00000043       0x44 ./Middlewares/USB_Host_Library/usbh_ctlreq.o
 .comment       0x00000043       0x44 ./Middlewares/USB_Host_Library/usbh_ioreq.o
 .comment       0x00000043       0x44 ./Middlewares/USB_Host_Library/usbh_pipes.o
 .comment       0x00000043       0x44 ./USB_HOST/App/usb_host.o
 .comment       0x00000043       0x44 ./USB_HOST/Target/usbh_conf.o
 .comment       0x00000043       0x44 ./USB_HOST/Target/usbh_platform.o

.debug_frame    0x00000000     0x4ac4
 .debug_frame   0x00000000       0xe0 ./Core/Src/main.o
 .debug_frame   0x000000e0      0x10c ./Core/Src/stm32f4xx_hal_msp.o
 .debug_frame   0x000001ec      0x120 ./Core/Src/stm32f4xx_it.o
 .debug_frame   0x0000030c       0x34 ./Core/Src/sysmem.o
 .debug_frame   0x00000340       0x58 ./Core/Src/system_stm32f4xx.o
 .debug_frame   0x00000398      0x374 ./Drivers/STM32F4xx_HAL_Driver/stm32f4xx_hal.o
 .debug_frame   0x0000070c      0x508 ./Drivers/STM32F4xx_HAL_Driver/stm32f4xx_hal_cortex.o
 .debug_frame   0x00000c14      0x14c ./Drivers/STM32F4xx_HAL_Driver/stm32f4xx_hal_gpio.o
 .debug_frame   0x00000d60      0x498 ./Drivers/STM32F4xx_HAL_Driver/stm32f4xx_hal_hcd.o
 .debug_frame   0x000011f8      0xc84 ./Drivers/STM32F4xx_HAL_Driver/stm32f4xx_hal_i2c.o
 .debug_frame   0x00001e7c      0x484 ./Drivers/STM32F4xx_HAL_Driver/stm32f4xx_hal_i2s.o
 .debug_frame   0x00002300      0x220 ./Drivers/STM32F4xx_HAL_Driver/stm32f4xx_hal_i2s_ex.o
 .debug_frame   0x00002520      0x1f4 ./Drivers/STM32F4xx_HAL_Driver/stm32f4xx_hal_rcc.o
 .debug_frame   0x00002714       0xf0 ./Drivers/STM32F4xx_HAL_Driver/stm32f4xx_hal_rcc_ex.o
 .debug_frame   0x00002804      0x828 ./Drivers/STM32F4xx_HAL_Driver/stm32f4xx_hal_spi.o
 .debug_frame   0x0000302c      0x7c0 ./Drivers/STM32F4xx_HAL_Driver/stm32f4xx_ll_usb.o
 .debug_frame   0x000037ec      0x2c0 ./Middlewares/USB_Host_Library/usbh_cdc.o
 .debug_frame   0x00003aac      0x334 ./Middlewares/USB_Host_Library/usbh_core.o
 .debug_frame   0x00003de0      0x28c ./Middlewares/USB_Host_Library/usbh_ctlreq.o
 .debug_frame   0x0000406c      0x154 ./Middlewares/USB_Host_Library/usbh_ioreq.o
 .debug_frame   0x000041c0       0xcc ./Middlewares/USB_Host_Library/usbh_pipes.o
 .debug_frame   0x0000428c       0x70 ./USB_HOST/App/usb_host.o
 .debug_frame   0x000042fc      0x388 ./USB_HOST/Target/usbh_conf.o
 .debug_frame   0x00004684       0x34 ./USB_HOST/Target/usbh_platform.o
 .debug_frame   0x000046b8       0x30 C:/WORK/ST/STM32CubeIDE_1.18.0/STM32CubeIDE/plugins/com.st.stm32cube.ide.mcu.externaltools.gnu-tools-for-stm32.13.3.rel1.win32_1.0.0.202411081344/tools/bin/../lib/gcc/arm-none-eabi/13.3.1/../../../../arm-none-eabi/lib/thumb/v7e-m+fp/hard\libc_nano.a(libc_a-malloc.o)
 .debug_frame   0x000046e8       0x50 C:/WORK/ST/STM32CubeIDE_1.18.0/STM32CubeIDE/plugins/com.st.stm32cube.ide.mcu.externaltools.gnu-tools-for-stm32.13.3.rel1.win32_1.0.0.202411081344/tools/bin/../lib/gcc/arm-none-eabi/13.3.1/../../../../arm-none-eabi/lib/thumb/v7e-m+fp/hard\libc_nano.a(libc_a-mallocr.o)
 .debug_frame   0x00004738       0x30 C:/WORK/ST/STM32CubeIDE_1.18.0/STM32CubeIDE/plugins/com.st.stm32cube.ide.mcu.externaltools.gnu-tools-for-stm32.13.3.rel1.win32_1.0.0.202411081344/tools/bin/../lib/gcc/arm-none-eabi/13.3.1/../../../../arm-none-eabi/lib/thumb/v7e-m+fp/hard\libc_nano.a(libc_a-mlock.o)
 .debug_frame   0x00004768      0x144 C:/WORK/ST/STM32CubeIDE_1.18.0/STM32CubeIDE/plugins/com.st.stm32cube.ide.mcu.externaltools.gnu-tools-for-stm32.13.3.rel1.win32_1.0.0.202411081344/tools/bin/../lib/gcc/arm-none-eabi/13.3.1/../../../../arm-none-eabi/lib/thumb/v7e-m+fp/hard\libc_nano.a(libc_a-findfp.o)
 .debug_frame   0x000048ac       0x20 C:/WORK/ST/STM32CubeIDE_1.18.0/STM32CubeIDE/plugins/com.st.stm32cube.ide.mcu.externaltools.gnu-tools-for-stm32.13.3.rel1.win32_1.0.0.202411081344/tools/bin/../lib/gcc/arm-none-eabi/13.3.1/../../../../arm-none-eabi/lib/thumb/v7e-m+fp/hard\libc_nano.a(libc_a-memset.o)
 .debug_frame   0x000048cc       0x38 C:/WORK/ST/STM32CubeIDE_1.18.0/STM32CubeIDE/plugins/com.st.stm32cube.ide.mcu.externaltools.gnu-tools-for-stm32.13.3.rel1.win32_1.0.0.202411081344/tools/bin/../lib/gcc/arm-none-eabi/13.3.1/../../../../arm-none-eabi/lib/thumb/v7e-m+fp/hard\libc_nano.a(libc_a-reent.o)
 .debug_frame   0x00004904       0x2c C:/WORK/ST/STM32CubeIDE_1.18.0/STM32CubeIDE/plugins/com.st.stm32cube.ide.mcu.externaltools.gnu-tools-for-stm32.13.3.rel1.win32_1.0.0.202411081344/tools/bin/../lib/gcc/arm-none-eabi/13.3.1/../../../../arm-none-eabi/lib/thumb/v7e-m+fp/hard\libc_nano.a(libc_a-sbrkr.o)
 .debug_frame   0x00004930       0x20 C:/WORK/ST/STM32CubeIDE_1.18.0/STM32CubeIDE/plugins/com.st.stm32cube.ide.mcu.externaltools.gnu-tools-for-stm32.13.3.rel1.win32_1.0.0.202411081344/tools/bin/../lib/gcc/arm-none-eabi/13.3.1/../../../../arm-none-eabi/lib/thumb/v7e-m+fp/hard\libc_nano.a(libc_a-errno.o)
 .debug_frame   0x00004950       0x2c C:/WORK/ST/STM32CubeIDE_1.18.0/STM32CubeIDE/plugins/com.st.stm32cube.ide.mcu.externaltools.gnu-tools-for-stm32.13.3.rel1.win32_1.0.0.202411081344/tools/bin/../lib/gcc/arm-none-eabi/13.3.1/../../../../arm-none-eabi/lib/thumb/v7e-m+fp/hard\libc_nano.a(libc_a-init.o)
 .debug_frame   0x0000497c       0xb0 C:/WORK/ST/STM32CubeIDE_1.18.0/STM32CubeIDE/plugins/com.st.stm32cube.ide.mcu.externaltools.gnu-tools-for-stm32.13.3.rel1.win32_1.0.0.202411081344/tools/bin/../lib/gcc/arm-none-eabi/13.3.1/../../../../arm-none-eabi/lib/thumb/v7e-m+fp/hard\libc_nano.a(libc_a-lock.o)
 .debug_frame   0x00004a2c       0x38 C:/WORK/ST/STM32CubeIDE_1.18.0/STM32CubeIDE/plugins/com.st.stm32cube.ide.mcu.externaltools.gnu-tools-for-stm32.13.3.rel1.win32_1.0.0.202411081344/tools/bin/../lib/gcc/arm-none-eabi/13.3.1/../../../../arm-none-eabi/lib/thumb/v7e-m+fp/hard\libc_nano.a(libc_a-freer.o)
 .debug_frame   0x00004a64       0x2c C:/WORK/ST/STM32CubeIDE_1.18.0/STM32CubeIDE/plugins/com.st.stm32cube.ide.mcu.externaltools.gnu-tools-for-stm32.13.3.rel1.win32_1.0.0.202411081344/tools/bin/../lib/gcc/arm-none-eabi/13.3.1/thumb/v7e-m+fp/hard\libgcc.a(_aeabi_uldivmod.o)
 .debug_frame   0x00004a90       0x34 C:/WORK/ST/STM32CubeIDE_1.18.0/STM32CubeIDE/plugins/com.st.stm32cube.ide.mcu.externaltools.gnu-tools-for-stm32.13.3.rel1.win32_1.0.0.202411081344/tools/bin/../lib/gcc/arm-none-eabi/13.3.1/thumb/v7e-m+fp/hard\libgcc.a(_udivmoddi4.o)

.debug_line_str
                0x00000000       0x65
 .debug_line_str
                0x00000000       0x65 ./Core/Startup/startup_stm32f407vgtx.o